<?xml version="1.0" encoding="utf-8"?>
<TestRun id="e9bdcbf1-0381-4134-b30a-7d855d84b6a2" name="a-r7m@BOUDY 2026-06-19 18:18:24" runUser="BOUDY\a-r7m" xmlns="http://microsoft.com/schemas/VisualStudio/TeamTest/2010">
  <Times creation="2026-06-19T18:18:24.0259482+03:00" queuing="2026-06-19T18:18:24.0259490+03:00" start="2026-06-19T18:18:19.6853075+03:00" finish="2026-06-19T18:18:39.4220582+03:00" />
  <TestSettings name="default" id="fe9e6d0e-09ab-4624-ab5e-50ca448f44ff">
    <Deployment runDeploymentRoot="a-r7m_BOUDY_2026-06-19_18_18_24" />
  </TestSettings>
  <Results>
    <UnitTestResult executionId="9ec8792b-3a37-4eca-b38c-70471e644cbd" testId="b8e692ed-e316-ed6a-f4b4-f5f7dd6efbbd" testName="Zahy.Commission.CommissionOrderAccrualFlowTests.PlatformEarns_And_PartnerEarns_Write_Correct_Direction" computerName="BOUDY" duration="00:00:00.6297866" startTime="2026-06-19T18:18:35.6571600+03:00" endTime="2026-06-19T18:18:36.2866802+03:00" testType="13cdc9d9-ddb5-4fa4-a97d-d965ccfc6d4b" outcome="Passed" testListId="8c84fa94-04c1-424b-9868-57a2d4851a1d" relativeResultsDirectory="9ec8792b-3a37-4eca-b38c-70471e644cbd" />
    <UnitTestResult executionId="8a8bc3ba-d800-4292-be74-b3470d5aa957" testId="0fe10885-3d92-ba95-dccf-215c9f437afb" testName="Zahy.Commission.CommissionCalculatorTests.Should_Compute_Percentage_Only" computerName="BOUDY" duration="00:00:00.0541450" startTime="2026-06-19T18:18:23.8147214+03:00" endTime="2026-06-19T18:18:23.8780276+03:00" testType="13cdc9d9-ddb5-4fa4-a97d-d965ccfc6d4b" outcome="Passed" testListId="8c84fa94-04c1-424b-9868-57a2d4851a1d" relativeResultsDirectory="8a8bc3ba-d800-4292-be74-b3470d5aa957" />
    <UnitTestResult executionId="a24a3e31-76a6-413e-be1b-4aa0f34288a2" testId="4deb9cfc-fd56-201c-2bdd-d1d33d184a31" testName="Zahy.Commission.CommissionRuleWinnerResolverTests.Distinct_Fee_Types_May_Both_Win_On_Same_Order" computerName="BOUDY" duration="00:00:00.0651875" startTime="2026-06-19T18:18:23.9903633+03:00" endTime="2026-06-19T18:18:24.0374878+03:00" testType="13cdc9d9-ddb5-4fa4-a97d-d965ccfc6d4b" outcome="Passed" testListId="8c84fa94-04c1-424b-9868-57a2d4851a1d" relativeResultsDirectory="a24a3e31-76a6-413e-be1b-4aa0f34288a2" />
    <UnitTestResult executionId="9e14bb95-66e6-404b-b760-73ea25fb2093" testId="1ba21c16-89e2-98fe-f176-37430fb32b1e" testName="Zahy.Commission.CommissionBillingFlowTests.Duplicate_Period_Subscription_Does_Not_Double_Charge" computerName="BOUDY" duration="00:00:00.4522515" startTime="2026-06-19T18:18:36.3418681+03:00" endTime="2026-06-19T18:18:36.7942272+03:00" testType="13cdc9d9-ddb5-4fa4-a97d-d965ccfc6d4b" outcome="Passed" testListId="8c84fa94-04c1-424b-9868-57a2d4851a1d" relativeResultsDirectory="9e14bb95-66e6-404b-b760-73ea25fb2093" />
    <UnitTestResult executionId="1d23fd8e-5b90-4c52-8bb4-c405f724f346" testId="74bcb242-c2aa-3e4d-8457-a310d323dfc2" testName="Zahy.Commission.CommissionRuleWinnerResolverTests.Overlapping_Rules_Do_Not_Double_Accrue_Same_Fee" computerName="BOUDY" duration="00:00:00.0078660" startTime="2026-06-19T18:18:24.0380378+03:00" endTime="2026-06-19T18:18:24.0380991+03:00" testType="13cdc9d9-ddb5-4fa4-a97d-d965ccfc6d4b" outcome="Passed" testListId="8c84fa94-04c1-424b-9868-57a2d4851a1d" relativeResultsDirectory="1d23fd8e-5b90-4c52-8bb4-c405f724f346" />
    <UnitTestResult executionId="239e9d67-804f-44bf-9703-f5200359c946" testId="dafe202a-8040-4ba7-bd4d-36f13015ea52" testName="Zahy.Commission.CommissionCalculatorTests.Should_Apply_Bracket_Tier_To_Whole_Basis_Not_Marginal" computerName="BOUDY" duration="00:00:00.0084407" startTime="2026-06-19T18:18:23.9667395+03:00" endTime="2026-06-19T18:18:23.9668491+03:00" testType="13cdc9d9-ddb5-4fa4-a97d-d965ccfc6d4b" outcome="Passed" testListId="8c84fa94-04c1-424b-9868-57a2d4851a1d" relativeResultsDirectory="239e9d67-804f-44bf-9703-f5200359c946" />
    <UnitTestResult executionId="8d3e4e15-9dcb-400b-92f4-1a3b31cd7980" testId="fabbf691-0e75-fd6c-8036-ca8cc6f28b01" testName="Zahy.Commission.CommissionLedgerAppendOnlyTests.Should_Reject_Mutation_Of_Basis_Amount" computerName="BOUDY" duration="00:00:00.4844892" startTime="2026-06-19T18:18:36.2797189+03:00" endTime="2026-06-19T18:18:36.7717146+03:00" testType="13cdc9d9-ddb5-4fa4-a97d-d965ccfc6d4b" outcome="Passed" testListId="8c84fa94-04c1-424b-9868-57a2d4851a1d" relativeResultsDirectory="8d3e4e15-9dcb-400b-92f4-1a3b31cd7980" />
    <UnitTestResult executionId="1c210412-4b6d-4c97-9c80-5f347377c13b" testId="489ce852-2fb0-1de5-bc23-c467a0d4bd8f" testName="Zahy.Commission.CommissionCalculatorTests.Should_Round_Commission_Away_From_Zero" computerName="BOUDY" duration="00:00:00.0007061" startTime="2026-06-19T18:18:23.9691051+03:00" endTime="2026-06-19T18:18:23.9691833+03:00" testType="13cdc9d9-ddb5-4fa4-a97d-d965ccfc6d4b" outcome="Passed" testListId="8c84fa94-04c1-424b-9868-57a2d4851a1d" relativeResultsDirectory="1c210412-4b6d-4c97-9c80-5f347377c13b" />
    <UnitTestResult executionId="7d65e0f4-1e24-4165-b508-38fd71ff3412" testId="0309b062-9bb7-5762-e454-b3253cf3d59f" testName="Zahy.Commission.CommissionLedgerAppendOnlyTests.Reversal_Creates_Offsetting_Row_Original_Unchanged" computerName="BOUDY" duration="00:00:00.4503833" startTime="2026-06-19T18:18:36.7724853+03:00" endTime="2026-06-19T18:18:37.2158726+03:00" testType="13cdc9d9-ddb5-4fa4-a97d-d965ccfc6d4b" outcome="Passed" testListId="8c84fa94-04c1-424b-9868-57a2d4851a1d" relativeResultsDirectory="7d65e0f4-1e24-4165-b508-38fd71ff3412" />
    <UnitTestResult executionId="24e1d01c-da89-4c59-8a2b-f63d17aff915" testId="fb54bdd2-0174-8dc9-5bcc-dfbb1a5ccaa2" testName="Zahy.Commission.CommissionLedgerAppendOnlyTests.Duplicate_Source_And_Rule_Creates_One_Accrual" computerName="BOUDY" duration="00:00:11.0035276" startTime="2026-06-19T18:18:23.9901166+03:00" endTime="2026-06-19T18:18:34.6794849+03:00" testType="13cdc9d9-ddb5-4fa4-a97d-d965ccfc6d4b" outcome="Passed" testListId="8c84fa94-04c1-424b-9868-57a2d4851a1d" relativeResultsDirectory="24e1d01c-da89-4c59-8a2b-f63d17aff915" />
    <UnitTestResult executionId="210ba21e-7210-4a9f-b601-3db886953a3a" testId="abcb22c2-53b5-2e39-24b5-c96d01d62640" testName="Zahy.Commission.CommissionCalculatorTests.Should_Enforce_Max_And_Cap" computerName="BOUDY" duration="00:00:00.0010503" startTime="2026-06-19T18:18:23.9680785+03:00" endTime="2026-06-19T18:18:23.9681423+03:00" testType="13cdc9d9-ddb5-4fa4-a97d-d965ccfc6d4b" outcome="Passed" testListId="8c84fa94-04c1-424b-9868-57a2d4851a1d" relativeResultsDirectory="210ba21e-7210-4a9f-b601-3db886953a3a" />
    <UnitTestResult executionId="283b7253-ceac-45fc-9792-b7e11d29a27e" testId="696e518d-6243-862e-ff96-77dd94781eca" testName="Zahy.Commission.CommissionBillingFlowTests.Paid_Order_Accrual_Creates_Transaction_Billing_Charge" computerName="BOUDY" duration="00:00:12.0882269" startTime="2026-06-19T18:18:23.9899059+03:00" endTime="2026-06-19T18:18:35.6921939+03:00" testType="13cdc9d9-ddb5-4fa4-a97d-d965ccfc6d4b" outcome="Passed" testListId="8c84fa94-04c1-424b-9868-57a2d4851a1d" relativeResultsDirectory="283b7253-ceac-45fc-9792-b7e11d29a27e" />
    <UnitTestResult executionId="e0f8d8a5-47bb-4227-a6e1-a18fd02b621f" testId="c0f7ffaf-5a32-fc92-b3a6-adc80e5a2fbb" testName="Zahy.Commission.CommissionCalculatorTests.Should_Enforce_Min_Commission" computerName="BOUDY" duration="00:00:00.0008874" startTime="2026-06-19T18:18:23.9688419+03:00" endTime="2026-06-19T18:18:23.9689190+03:00" testType="13cdc9d9-ddb5-4fa4-a97d-d965ccfc6d4b" outcome="Passed" testListId="8c84fa94-04c1-424b-9868-57a2d4851a1d" relativeResultsDirectory="e0f8d8a5-47bb-4227-a6e1-a18fd02b621f" />
    <UnitTestResult executionId="f7f85752-7ec1-4514-94d7-c6695a459146" testId="e878af84-7334-97f3-a308-8965a3b8083b" testName="Zahy.Commission.CommissionCalculatorTests.Should_Compute_Flat_Fee_Only" computerName="BOUDY" duration="00:00:00.0012414" startTime="2026-06-19T18:18:23.9685976+03:00" endTime="2026-06-19T18:18:23.9686563+03:00" testType="13cdc9d9-ddb5-4fa4-a97d-d965ccfc6d4b" outcome="Passed" testListId="8c84fa94-04c1-424b-9868-57a2d4851a1d" relativeResultsDirectory="f7f85752-7ec1-4514-94d7-c6695a459146" />
    <UnitTestResult executionId="5e13b516-c84a-4faa-be35-d74e5178bd2b" testId="e97ea2a5-e060-645e-d6fe-722a746c5826" testName="Zahy.Commission.CommissionCalculatorTests.Should_Compute_Tiered_Bracket" computerName="BOUDY" duration="00:00:00.0010313" startTime="2026-06-19T18:18:23.9683520+03:00" endTime="2026-06-19T18:18:23.9684098+03:00" testType="13cdc9d9-ddb5-4fa4-a97d-d965ccfc6d4b" outcome="Passed" testListId="8c84fa94-04c1-424b-9868-57a2d4851a1d" relativeResultsDirectory="5e13b516-c84a-4faa-be35-d74e5178bd2b" />
    <UnitTestResult executionId="ed76a9e6-483c-412d-9f4e-1015fd683d83" testId="0d792d05-084c-30bf-b073-e9bae6181f04" testName="Zahy.Commission.CommissionCalculatorTests.Should_Combine_Flat_And_Percentage" computerName="BOUDY" duration="00:00:00.0004313" startTime="2026-06-19T18:18:23.9693626+03:00" endTime="2026-06-19T18:18:23.9694242+03:00" testType="13cdc9d9-ddb5-4fa4-a97d-d965ccfc6d4b" outcome="Passed" testListId="8c84fa94-04c1-424b-9868-57a2d4851a1d" relativeResultsDirectory="ed76a9e6-483c-412d-9f4e-1015fd683d83" />
    <UnitTestResult executionId="10ced433-852b-45a0-978c-a267954e65d5" testId="60b22087-e763-874b-cff4-4f56b939c56a" testName="Zahy.Commission.CommissionOrderAccrualFlowTests.Unpaid_Order_Ingest_Does_Not_Accrue" computerName="BOUDY" duration="00:00:00.5932938" startTime="2026-06-19T18:18:36.2871320+03:00" endTime="2026-06-19T18:18:36.8808406+03:00" testType="13cdc9d9-ddb5-4fa4-a97d-d965ccfc6d4b" outcome="Passed" testListId="8c84fa94-04c1-424b-9868-57a2d4851a1d" relativeResultsDirectory="10ced433-852b-45a0-978c-a267954e65d5" />
    <UnitTestResult executionId="626afa79-8dd5-4667-9071-343e9cd7f23e" testId="6113a9c8-6031-d0fc-628f-eef95cc7b33d" testName="Zahy.Commission.CommissionLedgerAppendOnlyTests.Should_Reject_Accrued_To_Paid_Skip" computerName="BOUDY" duration="00:00:01.1189688" startTime="2026-06-19T18:18:34.6810280+03:00" endTime="2026-06-19T18:18:35.8020898+03:00" testType="13cdc9d9-ddb5-4fa4-a97d-d965ccfc6d4b" outcome="Passed" testListId="8c84fa94-04c1-424b-9868-57a2d4851a1d" relativeResultsDirectory="626afa79-8dd5-4667-9071-343e9cd7f23e" />
    <UnitTestResult executionId="b2395686-acf3-4480-a26c-36177ddca9a3" testId="e38970da-e31c-c22a-db95-f6ec675b15b5" testName="Zahy.Commission.CommissionOrderAccrualFlowTests.Order_Paid_Ingest_Creates_Accrued_Commission" computerName="BOUDY" duration="00:00:00.4579830" startTime="2026-06-19T18:18:38.4078970+03:00" endTime="2026-06-19T18:18:38.8661678+03:00" testType="13cdc9d9-ddb5-4fa4-a97d-d965ccfc6d4b" outcome="Passed" testListId="8c84fa94-04c1-424b-9868-57a2d4851a1d" relativeResultsDirectory="b2395686-acf3-4480-a26c-36177ddca9a3" />
    <UnitTestResult executionId="4da3fdea-e1e7-4d5f-8b1e-6d284d474431" testId="a82ce4d7-7ff6-7cab-cf41-21f95d20cb77" testName="Zahy.Commission.CommissionOrderAccrualFlowTests.Overlapping_Sale_Rules_Create_One_Accrual_On_Paid_Ingest" computerName="BOUDY" duration="00:00:12.1440729" startTime="2026-06-19T18:18:23.8703571+03:00" endTime="2026-06-19T18:18:35.6564882+03:00" testType="13cdc9d9-ddb5-4fa4-a97d-d965ccfc6d4b" outcome="Passed" testListId="8c84fa94-04c1-424b-9868-57a2d4851a1d" relativeResultsDirectory="4da3fdea-e1e7-4d5f-8b1e-6d284d474431" />
    <UnitTestResult executionId="b473ddb7-70f6-4ce0-9e19-0c908103ecfd" testId="e965f9cd-88cd-7398-1c7c-24dfea32da62" testName="Zahy.Commission.CommissionOrderAccrualFlowTests.Duplicate_Order_Ingest_Does_Not_Double_Accrue" computerName="BOUDY" duration="00:00:00.4994078" startTime="2026-06-19T18:18:37.4039961+03:00" endTime="2026-06-19T18:18:37.9029780+03:00" testType="13cdc9d9-ddb5-4fa4-a97d-d965ccfc6d4b" outcome="Passed" testListId="8c84fa94-04c1-424b-9868-57a2d4851a1d" relativeResultsDirectory="b473ddb7-70f6-4ce0-9e19-0c908103ecfd" />
    <UnitTestResult executionId="a353bdac-9029-4a10-9a8e-838b06d2011b" testId="e3453e0d-601f-f7a2-b85d-7f95e9dadbf5" testName="Zahy.Commission.CommissionOrderAccrualFlowTests.Distinct_Fee_Types_Both_Accrue_On_Paid_Ingest" computerName="BOUDY" duration="00:00:00.5032444" startTime="2026-06-19T18:18:37.9035433+03:00" endTime="2026-06-19T18:18:38.4074338+03:00" testType="13cdc9d9-ddb5-4fa4-a97d-d965ccfc6d4b" outcome="Passed" testListId="8c84fa94-04c1-424b-9868-57a2d4851a1d" relativeResultsDirectory="a353bdac-9029-4a10-9a8e-838b06d2011b" />
    <UnitTestResult executionId="97bab638-7f93-4a69-90a1-e3f91d887a29" testId="c6c1f43b-388e-159c-7749-82c42c524129" testName="Zahy.Commission.CommissionRuleWinnerResolverTests.Should_Break_Ties_By_Priority_Then_Id_When_Scope_Is_Equal" computerName="BOUDY" duration="00:00:00.0046908" startTime="2026-06-19T18:18:24.0377166+03:00" endTime="2026-06-19T18:18:24.0377788+03:00" testType="13cdc9d9-ddb5-4fa4-a97d-d965ccfc6d4b" outcome="Passed" testListId="8c84fa94-04c1-424b-9868-57a2d4851a1d" relativeResultsDirectory="97bab638-7f93-4a69-90a1-e3f91d887a29" />
    <UnitTestResult executionId="b512afaa-7d18-418f-b275-6fdaf64723a8" testId="2bc6a96d-aff8-3f89-c61e-e276901071dd" testName="Zahy.Commission.CommissionBasisAmountResolverTests.Should_Use_TotalAmount_Only_When_Explicitly_Configured_On_Rule" computerName="BOUDY" duration="00:00:00.0013712" startTime="2026-06-19T18:18:24.0367322+03:00" endTime="2026-06-19T18:18:24.0368862+03:00" testType="13cdc9d9-ddb5-4fa4-a97d-d965ccfc6d4b" outcome="Passed" testListId="8c84fa94-04c1-424b-9868-57a2d4851a1d" relativeResultsDirectory="b512afaa-7d18-418f-b275-6fdaf64723a8" />
    <UnitTestResult executionId="fd73f25c-8d7b-4efb-b151-d73f01d3375b" testId="fd0568f5-3933-4ff3-f5f0-06ea97d0abd1" testName="Zahy.Commission.CommissionOrderAccrualFlowTests.No_Subtotal_Or_Lines_Does_Not_Accrue_On_Total" computerName="BOUDY" duration="00:00:00.5217750" startTime="2026-06-19T18:18:36.8816140+03:00" endTime="2026-06-19T18:18:37.4036690+03:00" testType="13cdc9d9-ddb5-4fa4-a97d-d965ccfc6d4b" outcome="Passed" testListId="8c84fa94-04c1-424b-9868-57a2d4851a1d" relativeResultsDirectory="fd73f25c-8d7b-4efb-b151-d73f01d3375b" />
    <UnitTestResult executionId="33fd65e7-0f44-413d-b1ff-df2464f77be4" testId="ccbfaa2c-c4a0-616b-46f3-cfc11cb3ec16" testName="Zahy.Commission.CommissionBillingFlowTests.Activation_Fee_Charges_Once_Per_Partner" computerName="BOUDY" duration="00:00:00.6491303" startTime="2026-06-19T18:18:35.6926746+03:00" endTime="2026-06-19T18:18:36.3415166+03:00" testType="13cdc9d9-ddb5-4fa4-a97d-d965ccfc6d4b" outcome="Passed" testListId="8c84fa94-04c1-424b-9868-57a2d4851a1d" relativeResultsDirectory="33fd65e7-0f44-413d-b1ff-df2464f77be4" />
    <UnitTestResult executionId="a051371c-1875-4e03-a037-51346eb054f6" testId="5a0cf522-3060-d12a-1c96-1d7858db3598" testName="Zahy.Commission.BillingChargeValidationTests.Zero_Amount_Billing_Charge_Is_Rejected" computerName="BOUDY" duration="00:00:10.9264206" startTime="2026-06-19T18:18:23.9902468+03:00" endTime="2026-06-19T18:18:34.6256883+03:00" testType="13cdc9d9-ddb5-4fa4-a97d-d965ccfc6d4b" outcome="Passed" testListId="8c84fa94-04c1-424b-9868-57a2d4851a1d" relativeResultsDirectory="a051371c-1875-4e03-a037-51346eb054f6" />
    <UnitTestResult executionId="efa6da0c-3646-4f9f-8f70-73f3de9e995a" testId="5073676c-a260-29d8-8547-d0ace1011833" testName="Zahy.Commission.CommissionBasisAmountResolverTests.Should_Compute_On_Subtotal_Not_Total" computerName="BOUDY" duration="00:00:00.1917171" startTime="2026-06-19T18:18:23.8702528+03:00" endTime="2026-06-19T18:18:23.9904292+03:00" testType="13cdc9d9-ddb5-4fa4-a97d-d965ccfc6d4b" outcome="Passed" testListId="8c84fa94-04c1-424b-9868-57a2d4851a1d" relativeResultsDirectory="efa6da0c-3646-4f9f-8f70-73f3de9e995a" />
    <UnitTestResult executionId="0a83af03-3e97-4929-a76d-a8c643b158aa" testId="803df04c-42ec-9bfc-8665-5de1c576f03a" testName="Zahy.Commission.CommissionLedgerAppendOnlyTests.Should_Carry_Direction_On_Accrual_Row" computerName="BOUDY" duration="00:00:00.4766890" startTime="2026-06-19T18:18:35.8025895+03:00" endTime="2026-06-19T18:18:36.2793237+03:00" testType="13cdc9d9-ddb5-4fa4-a97d-d965ccfc6d4b" outcome="Passed" testListId="8c84fa94-04c1-424b-9868-57a2d4851a1d" relativeResultsDirectory="0a83af03-3e97-4929-a76d-a8c643b158aa" />
  </Results>
  <TestDefinitions>
    <UnitTest name="Zahy.Commission.CommissionOrderAccrualFlowTests.Distinct_Fee_Types_Both_Accrue_On_Paid_Ingest" storage="c:\users\a-r7m\onedrive\سطح المكتب\partner portal-zahy\test\zahy.commission.tests\bin\debug\net10.0\zahy.commission.tests.dll" id="e3453e0d-601f-f7a2-b85d-7f95e9dadbf5">
      <Execution id="a353bdac-9029-4a10-9a8e-838b06d2011b" />
      <TestMethod codeBase="C:\Users\a-r7m\OneDrive\سطح المكتب\partner portal-zahy\test\Zahy.Commission.Tests\bin\Debug\net10.0\Zahy.Commission.Tests.dll" adapterTypeName="executor://xunit/VsTestRunner3/netcore/" className="Zahy.Commission.CommissionOrderAccrualFlowTests" name="Distinct_Fee_Types_Both_Accrue_On_Paid_Ingest" />
    </UnitTest>
    <UnitTest name="Zahy.Commission.CommissionLedgerAppendOnlyTests.Should_Carry_Direction_On_Accrual_Row" storage="c:\users\a-r7m\onedrive\سطح المكتب\partner portal-zahy\test\zahy.commission.tests\bin\debug\net10.0\zahy.commission.tests.dll" id="803df04c-42ec-9bfc-8665-5de1c576f03a">
      <Execution id="0a83af03-3e97-4929-a76d-a8c643b158aa" />
      <TestMethod codeBase="C:\Users\a-r7m\OneDrive\سطح المكتب\partner portal-zahy\test\Zahy.Commission.Tests\bin\Debug\net10.0\Zahy.Commission.Tests.dll" adapterTypeName="executor://xunit/VsTestRunner3/netcore/" className="Zahy.Commission.CommissionLedgerAppendOnlyTests" name="Should_Carry_Direction_On_Accrual_Row" />
    </UnitTest>
    <UnitTest name="Zahy.Commission.BillingChargeValidationTests.Zero_Amount_Billing_Charge_Is_Rejected" storage="c:\users\a-r7m\onedrive\سطح المكتب\partner portal-zahy\test\zahy.commission.tests\bin\debug\net10.0\zahy.commission.tests.dll" id="5a0cf522-3060-d12a-1c96-1d7858db3598">
      <Execution id="a051371c-1875-4e03-a037-51346eb054f6" />
      <TestMethod codeBase="C:\Users\a-r7m\OneDrive\سطح المكتب\partner portal-zahy\test\Zahy.Commission.Tests\bin\Debug\net10.0\Zahy.Commission.Tests.dll" adapterTypeName="executor://xunit/VsTestRunner3/netcore/" className="Zahy.Commission.BillingChargeValidationTests" name="Zero_Amount_Billing_Charge_Is_Rejected" />
    </UnitTest>
    <UnitTest name="Zahy.Commission.CommissionCalculatorTests.Should_Apply_Bracket_Tier_To_Whole_Basis_Not_Marginal" storage="c:\users\a-r7m\onedrive\سطح المكتب\partner portal-zahy\test\zahy.commission.tests\bin\debug\net10.0\zahy.commission.tests.dll" id="dafe202a-8040-4ba7-bd4d-36f13015ea52">
      <Execution id="239e9d67-804f-44bf-9703-f5200359c946" />
      <TestMethod codeBase="C:\Users\a-r7m\OneDrive\سطح المكتب\partner portal-zahy\test\Zahy.Commission.Tests\bin\Debug\net10.0\Zahy.Commission.Tests.dll" adapterTypeName="executor://xunit/VsTestRunner3/netcore/" className="Zahy.Commission.CommissionCalculatorTests" name="Should_Apply_Bracket_Tier_To_Whole_Basis_Not_Marginal" />
    </UnitTest>
    <UnitTest name="Zahy.Commission.CommissionBillingFlowTests.Duplicate_Period_Subscription_Does_Not_Double_Charge" storage="c:\users\a-r7m\onedrive\سطح المكتب\partner portal-zahy\test\zahy.commission.tests\bin\debug\net10.0\zahy.commission.tests.dll" id="1ba21c16-89e2-98fe-f176-37430fb32b1e">
      <Execution id="9e14bb95-66e6-404b-b760-73ea25fb2093" />
      <TestMethod codeBase="C:\Users\a-r7m\OneDrive\سطح المكتب\partner portal-zahy\test\Zahy.Commission.Tests\bin\Debug\net10.0\Zahy.Commission.Tests.dll" adapterTypeName="executor://xunit/VsTestRunner3/netcore/" className="Zahy.Commission.CommissionBillingFlowTests" name="Duplicate_Period_Subscription_Does_Not_Double_Charge" />
    </UnitTest>
    <UnitTest name="Zahy.Commission.CommissionCalculatorTests.Should_Compute_Tiered_Bracket" storage="c:\users\a-r7m\onedrive\سطح المكتب\partner portal-zahy\test\zahy.commission.tests\bin\debug\net10.0\zahy.commission.tests.dll" id="e97ea2a5-e060-645e-d6fe-722a746c5826">
      <Execution id="5e13b516-c84a-4faa-be35-d74e5178bd2b" />
      <TestMethod codeBase="C:\Users\a-r7m\OneDrive\سطح المكتب\partner portal-zahy\test\Zahy.Commission.Tests\bin\Debug\net10.0\Zahy.Commission.Tests.dll" adapterTypeName="executor://xunit/VsTestRunner3/netcore/" className="Zahy.Commission.CommissionCalculatorTests" name="Should_Compute_Tiered_Bracket" />
    </UnitTest>
    <UnitTest name="Zahy.Commission.CommissionLedgerAppendOnlyTests.Should_Reject_Accrued_To_Paid_Skip" storage="c:\users\a-r7m\onedrive\سطح المكتب\partner portal-zahy\test\zahy.commission.tests\bin\debug\net10.0\zahy.commission.tests.dll" id="6113a9c8-6031-d0fc-628f-eef95cc7b33d">
      <Execution id="626afa79-8dd5-4667-9071-343e9cd7f23e" />
      <TestMethod codeBase="C:\Users\a-r7m\OneDrive\سطح المكتب\partner portal-zahy\test\Zahy.Commission.Tests\bin\Debug\net10.0\Zahy.Commission.Tests.dll" adapterTypeName="executor://xunit/VsTestRunner3/netcore/" className="Zahy.Commission.CommissionLedgerAppendOnlyTests" name="Should_Reject_Accrued_To_Paid_Skip" />
    </UnitTest>
    <UnitTest name="Zahy.Commission.CommissionOrderAccrualFlowTests.Order_Paid_Ingest_Creates_Accrued_Commission" storage="c:\users\a-r7m\onedrive\سطح المكتب\partner portal-zahy\test\zahy.commission.tests\bin\debug\net10.0\zahy.commission.tests.dll" id="e38970da-e31c-c22a-db95-f6ec675b15b5">
      <Execution id="b2395686-acf3-4480-a26c-36177ddca9a3" />
      <TestMethod codeBase="C:\Users\a-r7m\OneDrive\سطح المكتب\partner portal-zahy\test\Zahy.Commission.Tests\bin\Debug\net10.0\Zahy.Commission.Tests.dll" adapterTypeName="executor://xunit/VsTestRunner3/netcore/" className="Zahy.Commission.CommissionOrderAccrualFlowTests" name="Order_Paid_Ingest_Creates_Accrued_Commission" />
    </UnitTest>
    <UnitTest name="Zahy.Commission.CommissionBillingFlowTests.Activation_Fee_Charges_Once_Per_Partner" storage="c:\users\a-r7m\onedrive\سطح المكتب\partner portal-zahy\test\zahy.commission.tests\bin\debug\net10.0\zahy.commission.tests.dll" id="ccbfaa2c-c4a0-616b-46f3-cfc11cb3ec16">
      <Execution id="33fd65e7-0f44-413d-b1ff-df2464f77be4" />
      <TestMethod codeBase="C:\Users\a-r7m\OneDrive\سطح المكتب\partner portal-zahy\test\Zahy.Commission.Tests\bin\Debug\net10.0\Zahy.Commission.Tests.dll" adapterTypeName="executor://xunit/VsTestRunner3/netcore/" className="Zahy.Commission.CommissionBillingFlowTests" name="Activation_Fee_Charges_Once_Per_Partner" />
    </UnitTest>
    <UnitTest name="Zahy.Commission.CommissionCalculatorTests.Should_Round_Commission_Away_From_Zero" storage="c:\users\a-r7m\onedrive\سطح المكتب\partner portal-zahy\test\zahy.commission.tests\bin\debug\net10.0\zahy.commission.tests.dll" id="489ce852-2fb0-1de5-bc23-c467a0d4bd8f">
      <Execution id="1c210412-4b6d-4c97-9c80-5f347377c13b" />
      <TestMethod codeBase="C:\Users\a-r7m\OneDrive\سطح المكتب\partner portal-zahy\test\Zahy.Commission.Tests\bin\Debug\net10.0\Zahy.Commission.Tests.dll" adapterTypeName="executor://xunit/VsTestRunner3/netcore/" className="Zahy.Commission.CommissionCalculatorTests" name="Should_Round_Commission_Away_From_Zero" />
    </UnitTest>
    <UnitTest name="Zahy.Commission.CommissionCalculatorTests.Should_Combine_Flat_And_Percentage" storage="c:\users\a-r7m\onedrive\سطح المكتب\partner portal-zahy\test\zahy.commission.tests\bin\debug\net10.0\zahy.commission.tests.dll" id="0d792d05-084c-30bf-b073-e9bae6181f04">
      <Execution id="ed76a9e6-483c-412d-9f4e-1015fd683d83" />
      <TestMethod codeBase="C:\Users\a-r7m\OneDrive\سطح المكتب\partner portal-zahy\test\Zahy.Commission.Tests\bin\Debug\net10.0\Zahy.Commission.Tests.dll" adapterTypeName="executor://xunit/VsTestRunner3/netcore/" className="Zahy.Commission.CommissionCalculatorTests" name="Should_Combine_Flat_And_Percentage" />
    </UnitTest>
    <UnitTest name="Zahy.Commission.CommissionRuleWinnerResolverTests.Should_Break_Ties_By_Priority_Then_Id_When_Scope_Is_Equal" storage="c:\users\a-r7m\onedrive\سطح المكتب\partner portal-zahy\test\zahy.commission.tests\bin\debug\net10.0\zahy.commission.tests.dll" id="c6c1f43b-388e-159c-7749-82c42c524129">
      <Execution id="97bab638-7f93-4a69-90a1-e3f91d887a29" />
      <TestMethod codeBase="C:\Users\a-r7m\OneDrive\سطح المكتب\partner portal-zahy\test\Zahy.Commission.Tests\bin\Debug\net10.0\Zahy.Commission.Tests.dll" adapterTypeName="executor://xunit/VsTestRunner3/netcore/" className="Zahy.Commission.CommissionRuleWinnerResolverTests" name="Should_Break_Ties_By_Priority_Then_Id_When_Scope_Is_Equal" />
    </UnitTest>
    <UnitTest name="Zahy.Commission.CommissionOrderAccrualFlowTests.Unpaid_Order_Ingest_Does_Not_Accrue" storage="c:\users\a-r7m\onedrive\سطح المكتب\partner portal-zahy\test\zahy.commission.tests\bin\debug\net10.0\zahy.commission.tests.dll" id="60b22087-e763-874b-cff4-4f56b939c56a">
      <Execution id="10ced433-852b-45a0-978c-a267954e65d5" />
      <TestMethod codeBase="C:\Users\a-r7m\OneDrive\سطح المكتب\partner portal-zahy\test\Zahy.Commission.Tests\bin\Debug\net10.0\Zahy.Commission.Tests.dll" adapterTypeName="executor://xunit/VsTestRunner3/netcore/" className="Zahy.Commission.CommissionOrderAccrualFlowTests" name="Unpaid_Order_Ingest_Does_Not_Accrue" />
    </UnitTest>
    <UnitTest name="Zahy.Commission.CommissionCalculatorTests.Should_Compute_Flat_Fee_Only" storage="c:\users\a-r7m\onedrive\سطح المكتب\partner portal-zahy\test\zahy.commission.tests\bin\debug\net10.0\zahy.commission.tests.dll" id="e878af84-7334-97f3-a308-8965a3b8083b">
      <Execution id="f7f85752-7ec1-4514-94d7-c6695a459146" />
      <TestMethod codeBase="C:\Users\a-r7m\OneDrive\سطح المكتب\partner portal-zahy\test\Zahy.Commission.Tests\bin\Debug\net10.0\Zahy.Commission.Tests.dll" adapterTypeName="executor://xunit/VsTestRunner3/netcore/" className="Zahy.Commission.CommissionCalculatorTests" name="Should_Compute_Flat_Fee_Only" />
    </UnitTest>
    <UnitTest name="Zahy.Commission.CommissionLedgerAppendOnlyTests.Reversal_Creates_Offsetting_Row_Original_Unchanged" storage="c:\users\a-r7m\onedrive\سطح المكتب\partner portal-zahy\test\zahy.commission.tests\bin\debug\net10.0\zahy.commission.tests.dll" id="0309b062-9bb7-5762-e454-b3253cf3d59f">
      <Execution id="7d65e0f4-1e24-4165-b508-38fd71ff3412" />
      <TestMethod codeBase="C:\Users\a-r7m\OneDrive\سطح المكتب\partner portal-zahy\test\Zahy.Commission.Tests\bin\Debug\net10.0\Zahy.Commission.Tests.dll" adapterTypeName="executor://xunit/VsTestRunner3/netcore/" className="Zahy.Commission.CommissionLedgerAppendOnlyTests" name="Reversal_Creates_Offsetting_Row_Original_Unchanged" />
    </UnitTest>
    <UnitTest name="Zahy.Commission.CommissionBasisAmountResolverTests.Should_Use_TotalAmount_Only_When_Explicitly_Configured_On_Rule" storage="c:\users\a-r7m\onedrive\سطح المكتب\partner portal-zahy\test\zahy.commission.tests\bin\debug\net10.0\zahy.commission.tests.dll" id="2bc6a96d-aff8-3f89-c61e-e276901071dd">
      <Execution id="b512afaa-7d18-418f-b275-6fdaf64723a8" />
      <TestMethod codeBase="C:\Users\a-r7m\OneDrive\سطح المكتب\partner portal-zahy\test\Zahy.Commission.Tests\bin\Debug\net10.0\Zahy.Commission.Tests.dll" adapterTypeName="executor://xunit/VsTestRunner3/netcore/" className="Zahy.Commission.CommissionBasisAmountResolverTests" name="Should_Use_TotalAmount_Only_When_Explicitly_Configured_On_Rule" />
    </UnitTest>
    <UnitTest name="Zahy.Commission.CommissionLedgerAppendOnlyTests.Duplicate_Source_And_Rule_Creates_One_Accrual" storage="c:\users\a-r7m\onedrive\سطح المكتب\partner portal-zahy\test\zahy.commission.tests\bin\debug\net10.0\zahy.commission.tests.dll" id="fb54bdd2-0174-8dc9-5bcc-dfbb1a5ccaa2">
      <Execution id="24e1d01c-da89-4c59-8a2b-f63d17aff915" />
      <TestMethod codeBase="C:\Users\a-r7m\OneDrive\سطح المكتب\partner portal-zahy\test\Zahy.Commission.Tests\bin\Debug\net10.0\Zahy.Commission.Tests.dll" adapterTypeName="executor://xunit/VsTestRunner3/netcore/" className="Zahy.Commission.CommissionLedgerAppendOnlyTests" name="Duplicate_Source_And_Rule_Creates_One_Accrual" />
    </UnitTest>
    <UnitTest name="Zahy.Commission.CommissionRuleWinnerResolverTests.Distinct_Fee_Types_May_Both_Win_On_Same_Order" storage="c:\users\a-r7m\onedrive\سطح المكتب\partner portal-zahy\test\zahy.commission.tests\bin\debug\net10.0\zahy.commission.tests.dll" id="4deb9cfc-fd56-201c-2bdd-d1d33d184a31">
      <Execution id="a24a3e31-76a6-413e-be1b-4aa0f34288a2" />
      <TestMethod codeBase="C:\Users\a-r7m\OneDrive\سطح المكتب\partner portal-zahy\test\Zahy.Commission.Tests\bin\Debug\net10.0\Zahy.Commission.Tests.dll" adapterTypeName="executor://xunit/VsTestRunner3/netcore/" className="Zahy.Commission.CommissionRuleWinnerResolverTests" name="Distinct_Fee_Types_May_Both_Win_On_Same_Order" />
    </UnitTest>
    <UnitTest name="Zahy.Commission.CommissionRuleWinnerResolverTests.Overlapping_Rules_Do_Not_Double_Accrue_Same_Fee" storage="c:\users\a-r7m\onedrive\سطح المكتب\partner portal-zahy\test\zahy.commission.tests\bin\debug\net10.0\zahy.commission.tests.dll" id="74bcb242-c2aa-3e4d-8457-a310d323dfc2">
      <Execution id="1d23fd8e-5b90-4c52-8bb4-c405f724f346" />
      <TestMethod codeBase="C:\Users\a-r7m\OneDrive\سطح المكتب\partner portal-zahy\test\Zahy.Commission.Tests\bin\Debug\net10.0\Zahy.Commission.Tests.dll" adapterTypeName="executor://xunit/VsTestRunner3/netcore/" className="Zahy.Commission.CommissionRuleWinnerResolverTests" name="Overlapping_Rules_Do_Not_Double_Accrue_Same_Fee" />
    </UnitTest>
    <UnitTest name="Zahy.Commission.CommissionOrderAccrualFlowTests.No_Subtotal_Or_Lines_Does_Not_Accrue_On_Total" storage="c:\users\a-r7m\onedrive\سطح المكتب\partner portal-zahy\test\zahy.commission.tests\bin\debug\net10.0\zahy.commission.tests.dll" id="fd0568f5-3933-4ff3-f5f0-06ea97d0abd1">
      <Execution id="fd73f25c-8d7b-4efb-b151-d73f01d3375b" />
      <TestMethod codeBase="C:\Users\a-r7m\OneDrive\سطح المكتب\partner portal-zahy\test\Zahy.Commission.Tests\bin\Debug\net10.0\Zahy.Commission.Tests.dll" adapterTypeName="executor://xunit/VsTestRunner3/netcore/" className="Zahy.Commission.CommissionOrderAccrualFlowTests" name="No_Subtotal_Or_Lines_Does_Not_Accrue_On_Total" />
    </UnitTest>
    <UnitTest name="Zahy.Commission.CommissionBillingFlowTests.Paid_Order_Accrual_Creates_Transaction_Billing_Charge" storage="c:\users\a-r7m\onedrive\سطح المكتب\partner portal-zahy\test\zahy.commission.tests\bin\debug\net10.0\zahy.commission.tests.dll" id="696e518d-6243-862e-ff96-77dd94781eca">
      <Execution id="283b7253-ceac-45fc-9792-b7e11d29a27e" />
      <TestMethod codeBase="C:\Users\a-r7m\OneDrive\سطح المكتب\partner portal-zahy\test\Zahy.Commission.Tests\bin\Debug\net10.0\Zahy.Commission.Tests.dll" adapterTypeName="executor://xunit/VsTestRunner3/netcore/" className="Zahy.Commission.CommissionBillingFlowTests" name="Paid_Order_Accrual_Creates_Transaction_Billing_Charge" />
    </UnitTest>
    <UnitTest name="Zahy.Commission.CommissionBasisAmountResolverTests.Should_Compute_On_Subtotal_Not_Total" storage="c:\users\a-r7m\onedrive\سطح المكتب\partner portal-zahy\test\zahy.commission.tests\bin\debug\net10.0\zahy.commission.tests.dll" id="5073676c-a260-29d8-8547-d0ace1011833">
      <Execution id="efa6da0c-3646-4f9f-8f70-73f3de9e995a" />
      <TestMethod codeBase="C:\Users\a-r7m\OneDrive\سطح المكتب\partner portal-zahy\test\Zahy.Commission.Tests\bin\Debug\net10.0\Zahy.Commission.Tests.dll" adapterTypeName="executor://xunit/VsTestRunner3/netcore/" className="Zahy.Commission.CommissionBasisAmountResolverTests" name="Should_Compute_On_Subtotal_Not_Total" />
    </UnitTest>
    <UnitTest name="Zahy.Commission.CommissionCalculatorTests.Should_Enforce_Min_Commission" storage="c:\users\a-r7m\onedrive\سطح المكتب\partner portal-zahy\test\zahy.commission.tests\bin\debug\net10.0\zahy.commission.tests.dll" id="c0f7ffaf-5a32-fc92-b3a6-adc80e5a2fbb">
      <Execution id="e0f8d8a5-47bb-4227-a6e1-a18fd02b621f" />
      <TestMethod codeBase="C:\Users\a-r7m\OneDrive\سطح المكتب\partner portal-zahy\test\Zahy.Commission.Tests\bin\Debug\net10.0\Zahy.Commission.Tests.dll" adapterTypeName="executor://xunit/VsTestRunner3/netcore/" className="Zahy.Commission.CommissionCalculatorTests" name="Should_Enforce_Min_Commission" />
    </UnitTest>
    <UnitTest name="Zahy.Commission.CommissionCalculatorTests.Should_Enforce_Max_And_Cap" storage="c:\users\a-r7m\onedrive\سطح المكتب\partner portal-zahy\test\zahy.commission.tests\bin\debug\net10.0\zahy.commission.tests.dll" id="abcb22c2-53b5-2e39-24b5-c96d01d62640">
      <Execution id="210ba21e-7210-4a9f-b601-3db886953a3a" />
      <TestMethod codeBase="C:\Users\a-r7m\OneDrive\سطح المكتب\partner portal-zahy\test\Zahy.Commission.Tests\bin\Debug\net10.0\Zahy.Commission.Tests.dll" adapterTypeName="executor://xunit/VsTestRunner3/netcore/" className="Zahy.Commission.CommissionCalculatorTests" name="Should_Enforce_Max_And_Cap" />
    </UnitTest>
    <UnitTest name="Zahy.Commission.CommissionOrderAccrualFlowTests.Overlapping_Sale_Rules_Create_One_Accrual_On_Paid_Ingest" storage="c:\users\a-r7m\onedrive\سطح المكتب\partner portal-zahy\test\zahy.commission.tests\bin\debug\net10.0\zahy.commission.tests.dll" id="a82ce4d7-7ff6-7cab-cf41-21f95d20cb77">
      <Execution id="4da3fdea-e1e7-4d5f-8b1e-6d284d474431" />
      <TestMethod codeBase="C:\Users\a-r7m\OneDrive\سطح المكتب\partner portal-zahy\test\Zahy.Commission.Tests\bin\Debug\net10.0\Zahy.Commission.Tests.dll" adapterTypeName="executor://xunit/VsTestRunner3/netcore/" className="Zahy.Commission.CommissionOrderAccrualFlowTests" name="Overlapping_Sale_Rules_Create_One_Accrual_On_Paid_Ingest" />
    </UnitTest>
    <UnitTest name="Zahy.Commission.CommissionLedgerAppendOnlyTests.Should_Reject_Mutation_Of_Basis_Amount" storage="c:\users\a-r7m\onedrive\سطح المكتب\partner portal-zahy\test\zahy.commission.tests\bin\debug\net10.0\zahy.commission.tests.dll" id="fabbf691-0e75-fd6c-8036-ca8cc6f28b01">
      <Execution id="8d3e4e15-9dcb-400b-92f4-1a3b31cd7980" />
      <TestMethod codeBase="C:\Users\a-r7m\OneDrive\سطح المكتب\partner portal-zahy\test\Zahy.Commission.Tests\bin\Debug\net10.0\Zahy.Commission.Tests.dll" adapterTypeName="executor://xunit/VsTestRunner3/netcore/" className="Zahy.Commission.CommissionLedgerAppendOnlyTests" name="Should_Reject_Mutation_Of_Basis_Amount" />
    </UnitTest>
    <UnitTest name="Zahy.Commission.CommissionOrderAccrualFlowTests.PlatformEarns_And_PartnerEarns_Write_Correct_Direction" storage="c:\users\a-r7m\onedrive\سطح المكتب\partner portal-zahy\test\zahy.commission.tests\bin\debug\net10.0\zahy.commission.tests.dll" id="b8e692ed-e316-ed6a-f4b4-f5f7dd6efbbd">
      <Execution id="9ec8792b-3a37-4eca-b38c-70471e644cbd" />
      <TestMethod codeBase="C:\Users\a-r7m\OneDrive\سطح المكتب\partner portal-zahy\test\Zahy.Commission.Tests\bin\Debug\net10.0\Zahy.Commission.Tests.dll" adapterTypeName="executor://xunit/VsTestRunner3/netcore/" className="Zahy.Commission.CommissionOrderAccrualFlowTests" name="PlatformEarns_And_PartnerEarns_Write_Correct_Direction" />
    </UnitTest>
    <UnitTest name="Zahy.Commission.CommissionOrderAccrualFlowTests.Duplicate_Order_Ingest_Does_Not_Double_Accrue" storage="c:\users\a-r7m\onedrive\سطح المكتب\partner portal-zahy\test\zahy.commission.tests\bin\debug\net10.0\zahy.commission.tests.dll" id="e965f9cd-88cd-7398-1c7c-24dfea32da62">
      <Execution id="b473ddb7-70f6-4ce0-9e19-0c908103ecfd" />
      <TestMethod codeBase="C:\Users\a-r7m\OneDrive\سطح المكتب\partner portal-zahy\test\Zahy.Commission.Tests\bin\Debug\net10.0\Zahy.Commission.Tests.dll" adapterTypeName="executor://xunit/VsTestRunner3/netcore/" className="Zahy.Commission.CommissionOrderAccrualFlowTests" name="Duplicate_Order_Ingest_Does_Not_Double_Accrue" />
    </UnitTest>
    <UnitTest name="Zahy.Commission.CommissionCalculatorTests.Should_Compute_Percentage_Only" storage="c:\users\a-r7m\onedrive\سطح المكتب\partner portal-zahy\test\zahy.commission.tests\bin\debug\net10.0\zahy.commission.tests.dll" id="0fe10885-3d92-ba95-dccf-215c9f437afb">
      <Execution id="8a8bc3ba-d800-4292-be74-b3470d5aa957" />
      <TestMethod codeBase="C:\Users\a-r7m\OneDrive\سطح المكتب\partner portal-zahy\test\Zahy.Commission.Tests\bin\Debug\net10.0\Zahy.Commission.Tests.dll" adapterTypeName="executor://xunit/VsTestRunner3/netcore/" className="Zahy.Commission.CommissionCalculatorTests" name="Should_Compute_Percentage_Only" />
    </UnitTest>
  </TestDefinitions>
  <TestEntries>
    <TestEntry testId="b8e692ed-e316-ed6a-f4b4-f5f7dd6efbbd" executionId="9ec8792b-3a37-4eca-b38c-70471e644cbd" testListId="8c84fa94-04c1-424b-9868-57a2d4851a1d" />
    <TestEntry testId="0fe10885-3d92-ba95-dccf-215c9f437afb" executionId="8a8bc3ba-d800-4292-be74-b3470d5aa957" testListId="8c84fa94-04c1-424b-9868-57a2d4851a1d" />
    <TestEntry testId="4deb9cfc-fd56-201c-2bdd-d1d33d184a31" executionId="a24a3e31-76a6-413e-be1b-4aa0f34288a2" testListId="8c84fa94-04c1-424b-9868-57a2d4851a1d" />
    <TestEntry testId="1ba21c16-89e2-98fe-f176-37430fb32b1e" executionId="9e14bb95-66e6-404b-b760-73ea25fb2093" testListId="8c84fa94-04c1-424b-9868-57a2d4851a1d" />
    <TestEntry testId="74bcb242-c2aa-3e4d-8457-a310d323dfc2" executionId="1d23fd8e-5b90-4c52-8bb4-c405f724f346" testListId="8c84fa94-04c1-424b-9868-57a2d4851a1d" />
    <TestEntry testId="dafe202a-8040-4ba7-bd4d-36f13015ea52" executionId="239e9d67-804f-44bf-9703-f5200359c946" testListId="8c84fa94-04c1-424b-9868-57a2d4851a1d" />
    <TestEntry testId="fabbf691-0e75-fd6c-8036-ca8cc6f28b01" executionId="8d3e4e15-9dcb-400b-92f4-1a3b31cd7980" testListId="8c84fa94-04c1-424b-9868-57a2d4851a1d" />
    <TestEntry testId="489ce852-2fb0-1de5-bc23-c467a0d4bd8f" executionId="1c210412-4b6d-4c97-9c80-5f347377c13b" testListId="8c84fa94-04c1-424b-9868-57a2d4851a1d" />
    <TestEntry testId="0309b062-9bb7-5762-e454-b3253cf3d59f" executionId="7d65e0f4-1e24-4165-b508-38fd71ff3412" testListId="8c84fa94-04c1-424b-9868-57a2d4851a1d" />
    <TestEntry testId="fb54bdd2-0174-8dc9-5bcc-dfbb1a5ccaa2" executionId="24e1d01c-da89-4c59-8a2b-f63d17aff915" testListId="8c84fa94-04c1-424b-9868-57a2d4851a1d" />
    <TestEntry testId="abcb22c2-53b5-2e39-24b5-c96d01d62640" executionId="210ba21e-7210-4a9f-b601-3db886953a3a" testListId="8c84fa94-04c1-424b-9868-57a2d4851a1d" />
    <TestEntry testId="696e518d-6243-862e-ff96-77dd94781eca" executionId="283b7253-ceac-45fc-9792-b7e11d29a27e" testListId="8c84fa94-04c1-424b-9868-57a2d4851a1d" />
    <TestEntry testId="c0f7ffaf-5a32-fc92-b3a6-adc80e5a2fbb" executionId="e0f8d8a5-47bb-4227-a6e1-a18fd02b621f" testListId="8c84fa94-04c1-424b-9868-57a2d4851a1d" />
    <TestEntry testId="e878af84-7334-97f3-a308-8965a3b8083b" executionId="f7f85752-7ec1-4514-94d7-c6695a459146" testListId="8c84fa94-04c1-424b-9868-57a2d4851a1d" />
    <TestEntry testId="e97ea2a5-e060-645e-d6fe-722a746c5826" executionId="5e13b516-c84a-4faa-be35-d74e5178bd2b" testListId="8c84fa94-04c1-424b-9868-57a2d4851a1d" />
    <TestEntry testId="0d792d05-084c-30bf-b073-e9bae6181f04" executionId="ed76a9e6-483c-412d-9f4e-1015fd683d83" testListId="8c84fa94-04c1-424b-9868-57a2d4851a1d" />
    <TestEntry testId="60b22087-e763-874b-cff4-4f56b939c56a" executionId="10ced433-852b-45a0-978c-a267954e65d5" testListId="8c84fa94-04c1-424b-9868-57a2d4851a1d" />
    <TestEntry testId="6113a9c8-6031-d0fc-628f-eef95cc7b33d" executionId="626afa79-8dd5-4667-9071-343e9cd7f23e" testListId="8c84fa94-04c1-424b-9868-57a2d4851a1d" />
    <TestEntry testId="e38970da-e31c-c22a-db95-f6ec675b15b5" executionId="b2395686-acf3-4480-a26c-36177ddca9a3" testListId="8c84fa94-04c1-424b-9868-57a2d4851a1d" />
    <TestEntry testId="a82ce4d7-7ff6-7cab-cf41-21f95d20cb77" executionId="4da3fdea-e1e7-4d5f-8b1e-6d284d474431" testListId="8c84fa94-04c1-424b-9868-57a2d4851a1d" />
    <TestEntry testId="e965f9cd-88cd-7398-1c7c-24dfea32da62" executionId="b473ddb7-70f6-4ce0-9e19-0c908103ecfd" testListId="8c84fa94-04c1-424b-9868-57a2d4851a1d" />
    <TestEntry testId="e3453e0d-601f-f7a2-b85d-7f95e9dadbf5" executionId="a353bdac-9029-4a10-9a8e-838b06d2011b" testListId="8c84fa94-04c1-424b-9868-57a2d4851a1d" />
    <TestEntry testId="c6c1f43b-388e-159c-7749-82c42c524129" executionId="97bab638-7f93-4a69-90a1-e3f91d887a29" testListId="8c84fa94-04c1-424b-9868-57a2d4851a1d" />
    <TestEntry testId="2bc6a96d-aff8-3f89-c61e-e276901071dd" executionId="b512afaa-7d18-418f-b275-6fdaf64723a8" testListId="8c84fa94-04c1-424b-9868-57a2d4851a1d" />
    <TestEntry testId="fd0568f5-3933-4ff3-f5f0-06ea97d0abd1" executionId="fd73f25c-8d7b-4efb-b151-d73f01d3375b" testListId="8c84fa94-04c1-424b-9868-57a2d4851a1d" />
    <TestEntry testId="ccbfaa2c-c4a0-616b-46f3-cfc11cb3ec16" executionId="33fd65e7-0f44-413d-b1ff-df2464f77be4" testListId="8c84fa94-04c1-424b-9868-57a2d4851a1d" />
    <TestEntry testId="5a0cf522-3060-d12a-1c96-1d7858db3598" executionId="a051371c-1875-4e03-a037-51346eb054f6" testListId="8c84fa94-04c1-424b-9868-57a2d4851a1d" />
    <TestEntry testId="5073676c-a260-29d8-8547-d0ace1011833" executionId="efa6da0c-3646-4f9f-8f70-73f3de9e995a" testListId="8c84fa94-04c1-424b-9868-57a2d4851a1d" />
    <TestEntry testId="803df04c-42ec-9bfc-8665-5de1c576f03a" executionId="0a83af03-3e97-4929-a76d-a8c643b158aa" testListId="8c84fa94-04c1-424b-9868-57a2d4851a1d" />
  </TestEntries>
  <TestLists>
    <TestList name="Results Not in a List" id="8c84fa94-04c1-424b-9868-57a2d4851a1d" />
    <TestList name="All Loaded Results" id="19431567-8539-422a-85d7-44ee4e166bda" />
  </TestLists>
  <ResultSummary outcome="Completed">
    <Counters total="29" executed="29" passed="29" failed="0" error="0" timeout="0" aborted="0" inconclusive="0" passedButRunAborted="0" notRunnable="0" notExecuted="0" disconnected="0" warning="0" completed="0" inProgress="0" pending="0" />
    <Output>
      <StdOut>[xUnit.net 00:00:00.00] xUnit.net VSTest Adapter v3.0.2+dd36e86129 (64-bit .NET 10.0.8)&#xD;
[xUnit.net 00:00:00.86]   Discovering: Zahy.Commission.Tests&#xD;
[xUnit.net 00:00:01.25]   Discovered:  Zahy.Commission.Tests&#xD;
[xUnit.net 00:00:01.48]   Starting:    Zahy.Commission.Tests&#xD;
[xUnit.net 00:00:16.93]   Finished:    Zahy.Commission.Tests&#xD;
</StdOut>
    </Output>
  </ResultSummary>
</TestRun>