<?xml version="1.0" encoding="utf-8"?>
<TestRun id="ca27facd-3487-4e73-8dda-95b616ba9727" name="a-r7m@BOUDY 2026-06-19 18:18:25" runUser="BOUDY\a-r7m" xmlns="http://microsoft.com/schemas/VisualStudio/TeamTest/2010">
  <Times creation="2026-06-19T18:18:25.8936947+03:00" queuing="2026-06-19T18:18:25.8936955+03:00" start="2026-06-19T18:18:20.0695743+03:00" finish="2026-06-19T18:18:40.7281800+03:00" />
  <TestSettings name="default" id="0ecdb399-00ea-4cd3-9d6e-7fd27042833d">
    <Deployment runDeploymentRoot="a-r7m_BOUDY_2026-06-19_18_18_25" />
  </TestSettings>
  <Results>
    <UnitTestResult executionId="4c2014b5-97a3-4e8f-8232-36b8abe84cdc" testId="f9842bb3-a8ff-9847-3576-bcbe36d8dc78" testName="Zahy.PartnerPlatform.Partners.PartnerLifecyclePolicyTests.Should_Allow_Legal_Transitions(current: Pending, action: Approve, expected: Active)" computerName="BOUDY" duration="00:00:00.0000208" startTime="2026-06-19T18:18:25.8614552+03:00" endTime="2026-06-19T18:18:25.8615915+03:00" testType="13cdc9d9-ddb5-4fa4-a97d-d965ccfc6d4b" outcome="Passed" testListId="8c84fa94-04c1-424b-9868-57a2d4851a1d" relativeResultsDirectory="4c2014b5-97a3-4e8f-8232-36b8abe84cdc" />
    <UnitTestResult executionId="b1f7292f-1782-4596-a478-a7cc50eeac97" testId="fb989685-ab75-6977-0783-a367f914710d" testName="Zahy.PartnerPlatform.Partners.PartnerLifecyclePolicyTests.Should_Reject_Illegal_Transitions(current: Closed, action: Close)" computerName="BOUDY" duration="00:00:00.0000100" startTime="2026-06-19T18:18:25.8726469+03:00" endTime="2026-06-19T18:18:25.8727498+03:00" testType="13cdc9d9-ddb5-4fa4-a97d-d965ccfc6d4b" outcome="Passed" testListId="8c84fa94-04c1-424b-9868-57a2d4851a1d" relativeResultsDirectory="b1f7292f-1782-4596-a478-a7cc50eeac97" />
    <UnitTestResult executionId="6d5042fd-a422-41b7-bd36-a8cca894060c" testId="427f091a-8061-5598-a976-cda5adaa6f83" testName="Zahy.PartnerPlatform.Partners.PartnerAdminAuthorizationTests.PartnerAdminAppService_Should_Require_Partners_Manage_Permission" computerName="BOUDY" duration="00:00:05.8339636" startTime="2026-06-19T18:18:25.8822309+03:00" endTime="2026-06-19T18:18:31.6752688+03:00" testType="13cdc9d9-ddb5-4fa4-a97d-d965ccfc6d4b" outcome="Passed" testListId="8c84fa94-04c1-424b-9868-57a2d4851a1d" relativeResultsDirectory="6d5042fd-a422-41b7-bd36-a8cca894060c" />
    <UnitTestResult executionId="dd3960dd-490f-49ec-9a9d-b0c33042abe8" testId="6e87eddc-14b9-ebdc-b5d4-4f043bc62dd9" testName="Zahy.PartnerPlatform.Partners.PartnerLifecyclePolicyTests.Should_Reject_Illegal_Transitions(current: Pending, action: Suspend)" computerName="BOUDY" duration="00:00:00.0000090" startTime="2026-06-19T18:18:25.8713629+03:00" endTime="2026-06-19T18:18:25.8714347+03:00" testType="13cdc9d9-ddb5-4fa4-a97d-d965ccfc6d4b" outcome="Passed" testListId="8c84fa94-04c1-424b-9868-57a2d4851a1d" relativeResultsDirectory="dd3960dd-490f-49ec-9a9d-b0c33042abe8" />
    <UnitTestResult executionId="76c7799d-bf54-45a0-823e-ea2269ebbdf6" testId="dcadfffb-f3e5-8ba8-0b54-92d3974bcddc" testName="Zahy.PartnerPlatform.Partners.SaudiIbanValidatorTests.Should_Reject_Invalid_Iban(iban: &quot;SA038000000060801016751&quot;)" computerName="BOUDY" duration="00:00:00.0000257" startTime="2026-06-19T18:18:25.8816653+03:00" endTime="2026-06-19T18:18:25.8817495+03:00" testType="13cdc9d9-ddb5-4fa4-a97d-d965ccfc6d4b" outcome="Passed" testListId="8c84fa94-04c1-424b-9868-57a2d4851a1d" relativeResultsDirectory="76c7799d-bf54-45a0-823e-ea2269ebbdf6" />
    <UnitTestResult executionId="adf61567-36e8-4d01-ab00-d2b27ac28283" testId="02cff567-d0d8-c52a-bd0d-87341d1ca802" testName="Zahy.PartnerPlatform.Partners.PartnerTypeScopePolicyTests.Should_Map_Conservative_Default_Scopes(type: Carrier, expected: [&quot;orders:read&quot;])" computerName="BOUDY" duration="00:00:00.1198963" startTime="2026-06-19T18:18:25.6106096+03:00" endTime="2026-06-19T18:18:25.7872521+03:00" testType="13cdc9d9-ddb5-4fa4-a97d-d965ccfc6d4b" outcome="Passed" testListId="8c84fa94-04c1-424b-9868-57a2d4851a1d" relativeResultsDirectory="adf61567-36e8-4d01-ab00-d2b27ac28283" />
    <UnitTestResult executionId="30f47e87-8925-45fe-8638-658e65fa6cd6" testId="198aa677-4be6-5117-e9ef-1c50a5577897" testName="Zahy.PartnerPlatform.Partners.SaudiIbanValidatorTests.Should_Accept_Empty_Iban(iban: null)" computerName="BOUDY" duration="00:00:00.0000160" startTime="2026-06-19T18:18:25.8829917+03:00" endTime="2026-06-19T18:18:25.8830878+03:00" testType="13cdc9d9-ddb5-4fa4-a97d-d965ccfc6d4b" outcome="Passed" testListId="8c84fa94-04c1-424b-9868-57a2d4851a1d" relativeResultsDirectory="30f47e87-8925-45fe-8638-658e65fa6cd6" />
    <UnitTestResult executionId="07555b91-ac80-4242-9477-993efc1fe1b3" testId="ec36a51a-7600-d314-3703-13cac83f4f05" testName="Zahy.PartnerPlatform.Partners.SaudiIbanValidatorTests.Should_Reject_Invalid_Iban(iban: &quot;SA038000000060801016751X&quot;)" computerName="BOUDY" duration="00:00:00.0004564" startTime="2026-06-19T18:18:25.8812796+03:00" endTime="2026-06-19T18:18:25.8814025+03:00" testType="13cdc9d9-ddb5-4fa4-a97d-d965ccfc6d4b" outcome="Passed" testListId="8c84fa94-04c1-424b-9868-57a2d4851a1d" relativeResultsDirectory="07555b91-ac80-4242-9477-993efc1fe1b3" />
    <UnitTestResult executionId="252a8761-6312-464e-9887-4b29f67e18c0" testId="8f99c84b-7284-d0f7-79c3-3e4b273e190e" testName="Zahy.PartnerPlatform.Partners.PartnerAdminAuthorizationTests.Should_Deny_Partners_Manage_When_Permission_Checker_Denies" computerName="BOUDY" duration="00:00:00.6179648" startTime="2026-06-19T18:18:31.6762898+03:00" endTime="2026-06-19T18:18:32.2920500+03:00" testType="13cdc9d9-ddb5-4fa4-a97d-d965ccfc6d4b" outcome="Passed" testListId="8c84fa94-04c1-424b-9868-57a2d4851a1d" relativeResultsDirectory="252a8761-6312-464e-9887-4b29f67e18c0" />
    <UnitTestResult executionId="0fef71d2-d960-436c-aac7-a5016439851d" testId="8931bf0a-98d4-ad1f-5e07-034acbd21cc5" testName="Zahy.PartnerPlatform.Partners.PartnerRegistrationTests.Should_Reject_Duplicate_Pending_Registration_For_Same_Email" computerName="BOUDY" duration="00:00:00.5271390" startTime="2026-06-19T18:18:35.9046359+03:00" endTime="2026-06-19T18:18:36.4390464+03:00" testType="13cdc9d9-ddb5-4fa4-a97d-d965ccfc6d4b" outcome="Passed" testListId="8c84fa94-04c1-424b-9868-57a2d4851a1d" relativeResultsDirectory="0fef71d2-d960-436c-aac7-a5016439851d" />
    <UnitTestResult executionId="28cfd2a6-45a1-4639-b3f8-63681bbfe79b" testId="84c45de6-f4b0-9d6e-a55e-06881e22d397" testName="Zahy.PartnerPlatform.Partners.PartnerRegistrationTests.Should_Reject_Missing_Required_Fields_On_Dto_Validation" computerName="BOUDY" duration="00:00:00.5309638" startTime="2026-06-19T18:18:36.4394355+03:00" endTime="2026-06-19T18:18:37.2270653+03:00" testType="13cdc9d9-ddb5-4fa4-a97d-d965ccfc6d4b" outcome="Passed" testListId="8c84fa94-04c1-424b-9868-57a2d4851a1d" relativeResultsDirectory="28cfd2a6-45a1-4639-b3f8-63681bbfe79b" />
    <UnitTestResult executionId="bb90cb9a-3d49-493c-99d7-9256c714b4b1" testId="33fb0995-b7c9-3839-0867-0c874d49b775" testName="Zahy.PartnerPlatform.Partners.PartnerApproveRollbackTests.Should_Rollback_Approve_When_M2M_Provision_Fails" computerName="BOUDY" duration="00:00:10.1841911" startTime="2026-06-19T18:18:25.6854665+03:00" endTime="2026-06-19T18:18:35.9031356+03:00" testType="13cdc9d9-ddb5-4fa4-a97d-d965ccfc6d4b" outcome="Passed" testListId="8c84fa94-04c1-424b-9868-57a2d4851a1d" relativeResultsDirectory="bb90cb9a-3d49-493c-99d7-9256c714b4b1" />
    <UnitTestResult executionId="0d705f5d-ad41-4747-8aca-dbcd377ed2ee" testId="bfe9b793-b923-bfa5-d805-8b77b23462de" testName="Zahy.PartnerPlatform.Partners.PartnerAdminAppServiceTests.Should_Suspend_Reactivate_And_Close_Active_Partner" computerName="BOUDY" duration="00:00:10.5941905" startTime="2026-06-19T18:18:25.6082941+03:00" endTime="2026-06-19T18:18:36.0655721+03:00" testType="13cdc9d9-ddb5-4fa4-a97d-d965ccfc6d4b" outcome="Passed" testListId="8c84fa94-04c1-424b-9868-57a2d4851a1d" relativeResultsDirectory="0d705f5d-ad41-4747-8aca-dbcd377ed2ee" />
    <UnitTestResult executionId="d0411c18-8d7b-46bc-880c-1fd58185f301" testId="fe073cfb-eaa4-ec37-ef73-514c46debf28" testName="Zahy.PartnerPlatform.Partners.PartnerTypeScopePolicyTests.Should_Map_Conservative_Default_Scopes(type: Service, expected: [&quot;catalog:read&quot;, &quot;orders:read&quot;])" computerName="BOUDY" duration="00:00:00.0008081" startTime="2026-06-19T18:18:25.8121731+03:00" endTime="2026-06-19T18:18:25.8127490+03:00" testType="13cdc9d9-ddb5-4fa4-a97d-d965ccfc6d4b" outcome="Passed" testListId="8c84fa94-04c1-424b-9868-57a2d4851a1d" relativeResultsDirectory="d0411c18-8d7b-46bc-880c-1fd58185f301" />
    <UnitTestResult executionId="9bccd271-6595-4254-abda-ecbbf1c54c08" testId="e72e5dc7-91f2-bd3b-fd7c-9ecaf40afc72" testName="Zahy.PartnerPlatform.Partners.PartnerLifecyclePolicyTests.Should_Allow_Legal_Transitions(current: Suspended, action: Reactivate, expected: Active)" computerName="BOUDY" duration="00:00:00.0000160" startTime="2026-06-19T18:18:25.8620427+03:00" endTime="2026-06-19T18:18:25.8622410+03:00" testType="13cdc9d9-ddb5-4fa4-a97d-d965ccfc6d4b" outcome="Passed" testListId="8c84fa94-04c1-424b-9868-57a2d4851a1d" relativeResultsDirectory="9bccd271-6595-4254-abda-ecbbf1c54c08" />
    <UnitTestResult executionId="11216131-af50-4b36-b582-34caeec5ba45" testId="2e2a4698-f37f-b250-89d7-dd184bd41126" testName="Zahy.PartnerPlatform.Partners.PartnerLifecyclePolicyTests.Should_Allow_Legal_Transitions(current: Suspended, action: Close, expected: Closed)" computerName="BOUDY" duration="00:00:00.0000157" startTime="2026-06-19T18:18:25.8626598+03:00" endTime="2026-06-19T18:18:25.8628385+03:00" testType="13cdc9d9-ddb5-4fa4-a97d-d965ccfc6d4b" outcome="Passed" testListId="8c84fa94-04c1-424b-9868-57a2d4851a1d" relativeResultsDirectory="11216131-af50-4b36-b582-34caeec5ba45" />
    <UnitTestResult executionId="75381fee-ff22-4664-90e7-82222aae76a8" testId="06a759e2-c1f8-6cf2-dffc-8445841a122f" testName="Zahy.PartnerPlatform.Partners.PartnerAdminAppServiceTests.Should_List_Partners_With_Status_Filter" computerName="BOUDY" duration="00:00:00.9476950" startTime="2026-06-19T18:18:38.0728404+03:00" endTime="2026-06-19T18:18:39.0205276+03:00" testType="13cdc9d9-ddb5-4fa4-a97d-d965ccfc6d4b" outcome="Passed" testListId="8c84fa94-04c1-424b-9868-57a2d4851a1d" relativeResultsDirectory="75381fee-ff22-4664-90e7-82222aae76a8" />
    <UnitTestResult executionId="528ac06f-3c9f-4e95-b2d7-08bde5c841ea" testId="9505fd2c-7434-db51-a794-c71432f432d6" testName="Zahy.PartnerPlatform.Partners.PartnerLifecyclePolicyTests.Should_Reject_Illegal_Transitions(current: Suspended, action: Reject)" computerName="BOUDY" duration="00:00:00.0000254" startTime="2026-06-19T18:18:25.8702863+03:00" endTime="2026-06-19T18:18:25.8704250+03:00" testType="13cdc9d9-ddb5-4fa4-a97d-d965ccfc6d4b" outcome="Passed" testListId="8c84fa94-04c1-424b-9868-57a2d4851a1d" relativeResultsDirectory="528ac06f-3c9f-4e95-b2d7-08bde5c841ea" />
    <UnitTestResult executionId="d1b9ecec-f583-4e28-9311-e19909aa07b2" testId="37e140a2-e43c-d5e6-37c3-003d161ebd8e" testName="Zahy.PartnerPlatform.Partners.PartnerLifecyclePolicyTests.Should_Reject_Illegal_Transitions(current: Pending, action: Reactivate)" computerName="BOUDY" duration="00:00:00.0000145" startTime="2026-06-19T18:18:25.8709386+03:00" endTime="2026-06-19T18:18:25.8710141+03:00" testType="13cdc9d9-ddb5-4fa4-a97d-d965ccfc6d4b" outcome="Passed" testListId="8c84fa94-04c1-424b-9868-57a2d4851a1d" relativeResultsDirectory="d1b9ecec-f583-4e28-9311-e19909aa07b2" />
    <UnitTestResult executionId="92bc86bc-311b-4c55-a048-0f33f8ef9589" testId="b77a3451-fa70-d1f6-e3f4-5ceff0e32ed3" testName="Zahy.PartnerPlatform.Partners.PartnerLifecyclePolicyTests.Should_Allow_Legal_Transitions(current: Pending, action: Reject, expected: Closed)" computerName="BOUDY" duration="00:00:00.0006643" startTime="2026-06-19T18:18:25.8122785+03:00" endTime="2026-06-19T18:18:25.8123958+03:00" testType="13cdc9d9-ddb5-4fa4-a97d-d965ccfc6d4b" outcome="Passed" testListId="8c84fa94-04c1-424b-9868-57a2d4851a1d" relativeResultsDirectory="92bc86bc-311b-4c55-a048-0f33f8ef9589" />
    <UnitTestResult executionId="d01775a3-7044-42c6-bc97-8a796284fa65" testId="4ee03570-7c0d-fd51-f311-400d64e5e291" testName="Zahy.PartnerPlatform.Partners.PartnerTypeScopePolicyTests.Should_Map_Conservative_Default_Scopes(type: ThreePL, expected: [&quot;orders:read&quot;, &quot;inventory:write&quot;])" computerName="BOUDY" duration="00:00:00.0000458" startTime="2026-06-19T18:18:25.8620842+03:00" endTime="2026-06-19T18:18:25.8624413+03:00" testType="13cdc9d9-ddb5-4fa4-a97d-d965ccfc6d4b" outcome="Passed" testListId="8c84fa94-04c1-424b-9868-57a2d4851a1d" relativeResultsDirectory="d01775a3-7044-42c6-bc97-8a796284fa65" />
    <UnitTestResult executionId="09117aaf-7fc7-4ade-80e1-fa7d7ee06a5b" testId="87c6e7b4-2648-45b6-38f7-2437680e444d" testName="Zahy.PartnerPlatform.Partners.PartnerAccessGuardTests.Should_Allow_Access_To_Own_Partner" computerName="BOUDY" duration="00:00:06.3905443" startTime="2026-06-19T18:18:25.6040145+03:00" endTime="2026-06-19T18:18:31.6909508+03:00" testType="13cdc9d9-ddb5-4fa4-a97d-d965ccfc6d4b" outcome="Passed" testListId="8c84fa94-04c1-424b-9868-57a2d4851a1d" relativeResultsDirectory="09117aaf-7fc7-4ade-80e1-fa7d7ee06a5b" />
    <UnitTestResult executionId="9fdbdcf7-51d4-44a5-88a6-fcecbca992aa" testId="3d256447-cc6e-7eab-7088-502dfbf774d0" testName="Zahy.PartnerPlatform.Partners.PartnerLifecyclePolicyTests.Should_Allow_Legal_Transitions(current: Active, action: Close, expected: Closed)" computerName="BOUDY" duration="00:00:00.0000337" startTime="2026-06-19T18:18:25.8126556+03:00" endTime="2026-06-19T18:18:25.8591316+03:00" testType="13cdc9d9-ddb5-4fa4-a97d-d965ccfc6d4b" outcome="Passed" testListId="8c84fa94-04c1-424b-9868-57a2d4851a1d" relativeResultsDirectory="9fdbdcf7-51d4-44a5-88a6-fcecbca992aa" />
    <UnitTestResult executionId="63f16114-f7d1-44c2-b157-4bfa3afe74ee" testId="c5b4d13b-cade-186e-8643-6c2d24bbe4b2" testName="Zahy.PartnerPlatform.Partners.PartnerLifecyclePolicyTests.Should_Reject_Illegal_Transitions(current: Pending, action: Close)" computerName="BOUDY" duration="00:00:00.0000198" startTime="2026-06-19T18:18:25.8706782+03:00" endTime="2026-06-19T18:18:25.8707657+03:00" testType="13cdc9d9-ddb5-4fa4-a97d-d965ccfc6d4b" outcome="Passed" testListId="8c84fa94-04c1-424b-9868-57a2d4851a1d" relativeResultsDirectory="63f16114-f7d1-44c2-b157-4bfa3afe74ee" />
    <UnitTestResult executionId="69a29ada-c776-44e0-bcee-470cd9d192b7" testId="a0751852-3d11-be1f-0d5b-7123dfedf26a" testName="Zahy.PartnerPlatform.Partners.PartnerLifecyclePolicyTests.Should_Allow_Legal_Transitions(current: Active, action: Suspend, expected: Suspended)" computerName="BOUDY" duration="00:00:00.0291601" startTime="2026-06-19T18:18:25.7535620+03:00" endTime="2026-06-19T18:18:25.7962282+03:00" testType="13cdc9d9-ddb5-4fa4-a97d-d965ccfc6d4b" outcome="Passed" testListId="8c84fa94-04c1-424b-9868-57a2d4851a1d" relativeResultsDirectory="69a29ada-c776-44e0-bcee-470cd9d192b7" />
    <UnitTestResult executionId="caf5816f-9830-42e2-bef8-3002309e195a" testId="29f6381e-dd84-4d8b-0563-fa5625be3f93" testName="Zahy.PartnerPlatform.Partners.PartnerTeamIsolationTests.Should_Return_403_When_Partner_User_Accesses_Other_Partners_Team_Member" computerName="BOUDY" duration="00:00:09.7551826" startTime="2026-06-19T18:18:25.6077415+03:00" endTime="2026-06-19T18:18:35.1537039+03:00" testType="13cdc9d9-ddb5-4fa4-a97d-d965ccfc6d4b" outcome="Passed" testListId="8c84fa94-04c1-424b-9868-57a2d4851a1d" relativeResultsDirectory="caf5816f-9830-42e2-bef8-3002309e195a" />
    <UnitTestResult executionId="3ded9da6-c7ae-48b7-ac27-84ed714ae9a9" testId="14071497-2b40-f139-a326-17c22dbe84a9" testName="Zahy.PartnerPlatform.Partners.PartnerLifecyclePolicyTests.Should_Reject_Illegal_Transitions(current: Suspended, action: Suspend)" computerName="BOUDY" duration="00:00:00.0000090" startTime="2026-06-19T18:18:25.8723995+03:00" endTime="2026-06-19T18:18:25.8724796+03:00" testType="13cdc9d9-ddb5-4fa4-a97d-d965ccfc6d4b" outcome="Passed" testListId="8c84fa94-04c1-424b-9868-57a2d4851a1d" relativeResultsDirectory="3ded9da6-c7ae-48b7-ac27-84ed714ae9a9" />
    <UnitTestResult executionId="43ecf955-e6cf-465c-9719-06a1691be5a3" testId="5129fcc5-671e-3170-42a0-fc5d0e1c47d2" testName="Zahy.PartnerPlatform.Partners.PartnerAdminAppServiceTests.Should_Reject_Illegal_Lifecycle_Transition" computerName="BOUDY" duration="00:00:00.7294485" startTime="2026-06-19T18:18:36.5068708+03:00" endTime="2026-06-19T18:18:37.2446167+03:00" testType="13cdc9d9-ddb5-4fa4-a97d-d965ccfc6d4b" outcome="Passed" testListId="8c84fa94-04c1-424b-9868-57a2d4851a1d" relativeResultsDirectory="43ecf955-e6cf-465c-9719-06a1691be5a3" />
    <UnitTestResult executionId="58f30316-3461-4f5d-a63d-47ccf8c20846" testId="d4337679-ab91-c517-e898-bebf7d5751c8" testName="Zahy.PartnerPlatform.Partners.SaudiIbanValidatorTests.Should_Accept_Valid_Saudi_Iban" computerName="BOUDY" duration="00:00:00.0002664" startTime="2026-06-19T18:18:25.8833489+03:00" endTime="2026-06-19T18:18:25.8834365+03:00" testType="13cdc9d9-ddb5-4fa4-a97d-d965ccfc6d4b" outcome="Passed" testListId="8c84fa94-04c1-424b-9868-57a2d4851a1d" relativeResultsDirectory="58f30316-3461-4f5d-a63d-47ccf8c20846" />
    <UnitTestResult executionId="6b4b0662-b228-45b2-8ac8-8dbec5cd02e9" testId="5f1355d1-ee46-d9b1-2fd3-a3d16637b234" testName="Zahy.PartnerPlatform.Partners.PartnerAdminAppServiceTests.Should_Not_Log_M2M_Client_Secret_In_Approve_Audit" computerName="BOUDY" duration="00:00:00.2543969" startTime="2026-06-19T18:18:40.2843568+03:00" endTime="2026-06-19T18:18:40.5388552+03:00" testType="13cdc9d9-ddb5-4fa4-a97d-d965ccfc6d4b" outcome="Passed" testListId="8c84fa94-04c1-424b-9868-57a2d4851a1d" relativeResultsDirectory="6b4b0662-b228-45b2-8ac8-8dbec5cd02e9" />
    <UnitTestResult executionId="39f033bb-fa70-4f91-8a42-76818d4d9c7a" testId="3505e729-425e-ce96-bfca-36fffbcbf0d0" testName="Zahy.PartnerPlatform.Partners.PartnerTypeScopePolicyTests.Should_Map_Conservative_Default_Scopes(type: Marketplace, expected: [&quot;orders:read&quot;, &quot;catalog:read&quot;])" computerName="BOUDY" duration="00:00:00.0000410" startTime="2026-06-19T18:18:25.8627291+03:00" endTime="2026-06-19T18:18:25.8629496+03:00" testType="13cdc9d9-ddb5-4fa4-a97d-d965ccfc6d4b" outcome="Passed" testListId="8c84fa94-04c1-424b-9868-57a2d4851a1d" relativeResultsDirectory="39f033bb-fa70-4f91-8a42-76818d4d9c7a" />
    <UnitTestResult executionId="9bcabe21-7159-44c2-b408-3c82f0a260fc" testId="c84a10a2-cb4b-dfb1-8fdd-85ae440c5181" testName="Zahy.PartnerPlatform.Partners.PartnerRegistrationTests.BankInfoDto_Should_Validate_Iban_Format" computerName="BOUDY" duration="00:00:00.3192702" startTime="2026-06-19T18:18:37.2274427+03:00" endTime="2026-06-19T18:18:37.5468805+03:00" testType="13cdc9d9-ddb5-4fa4-a97d-d965ccfc6d4b" outcome="Passed" testListId="8c84fa94-04c1-424b-9868-57a2d4851a1d" relativeResultsDirectory="9bcabe21-7159-44c2-b408-3c82f0a260fc" />
    <UnitTestResult executionId="ca69eb81-729b-4549-a3c5-fb75352dbc71" testId="379fd203-e113-1167-3ba6-b601de5d809a" testName="Zahy.PartnerPlatform.Partners.PartnerTeamIsolationTests.Should_List_Only_Current_Partners_Team_Members" computerName="BOUDY" duration="00:00:00.7445022" startTime="2026-06-19T18:18:35.1543497+03:00" endTime="2026-06-19T18:18:35.9140237+03:00" testType="13cdc9d9-ddb5-4fa4-a97d-d965ccfc6d4b" outcome="Passed" testListId="8c84fa94-04c1-424b-9868-57a2d4851a1d" relativeResultsDirectory="ca69eb81-729b-4549-a3c5-fb75352dbc71" />
    <UnitTestResult executionId="fff8fb36-5c85-41fc-a46c-597a9ee1f8a1" testId="c1a742fe-e42f-f51f-617f-41b9b0aebc07" testName="Zahy.PartnerPlatform.Partners.SaudiIbanValidatorTests.Should_Normalize_Spaces_And_Case" computerName="BOUDY" duration="00:00:00.0414889" startTime="2026-06-19T18:18:25.8820097+03:00" endTime="2026-06-19T18:18:25.8822910+03:00" testType="13cdc9d9-ddb5-4fa4-a97d-d965ccfc6d4b" outcome="Passed" testListId="8c84fa94-04c1-424b-9868-57a2d4851a1d" relativeResultsDirectory="fff8fb36-5c85-41fc-a46c-597a9ee1f8a1" />
    <UnitTestResult executionId="fab7f843-2768-46e8-856f-ea8c6f0fd9e8" testId="83e0870e-25c5-0ecb-d309-ae2e279f3504" testName="Zahy.PartnerPlatform.Partners.PartnerAccessGuardTests.Should_Deny_Cross_Partner_Access" computerName="BOUDY" duration="00:00:00.7153123" startTime="2026-06-19T18:18:31.6913320+03:00" endTime="2026-06-19T18:18:32.4873358+03:00" testType="13cdc9d9-ddb5-4fa4-a97d-d965ccfc6d4b" outcome="Passed" testListId="8c84fa94-04c1-424b-9868-57a2d4851a1d" relativeResultsDirectory="fab7f843-2768-46e8-856f-ea8c6f0fd9e8" />
    <UnitTestResult executionId="1f0bc934-3223-41df-802d-d37e9b6b2da5" testId="7b3620bb-32a6-c6b1-a099-acae48405901" testName="Zahy.PartnerPlatform.Partners.PartnerTypeScopePolicyTests.Should_Map_Conservative_Default_Scopes(type: Aggregator, expected: [&quot;orders:read&quot;, &quot;webhooks:manage&quot;])" computerName="BOUDY" duration="00:00:00.0000823" startTime="2026-06-19T18:18:25.8613773+03:00" endTime="2026-06-19T18:18:25.8618354+03:00" testType="13cdc9d9-ddb5-4fa4-a97d-d965ccfc6d4b" outcome="Passed" testListId="8c84fa94-04c1-424b-9868-57a2d4851a1d" relativeResultsDirectory="1f0bc934-3223-41df-802d-d37e9b6b2da5" />
    <UnitTestResult executionId="63d4f4a3-12f4-4b8d-b3aa-4aa4953c4164" testId="b172a768-5a7c-4c4e-fcf3-18f25b90b6d9" testName="Zahy.PartnerPlatform.Partners.PartnerLifecyclePolicyTests.Should_Reject_Illegal_Transitions(current: Active, action: Reject)" computerName="BOUDY" duration="00:00:00.0000093" startTime="2026-06-19T18:18:25.8711563+03:00" endTime="2026-06-19T18:18:25.8712298+03:00" testType="13cdc9d9-ddb5-4fa4-a97d-d965ccfc6d4b" outcome="Passed" testListId="8c84fa94-04c1-424b-9868-57a2d4851a1d" relativeResultsDirectory="63d4f4a3-12f4-4b8d-b3aa-4aa4953c4164" />
    <UnitTestResult executionId="76f2e2ed-a2db-4655-b864-ace7343b2732" testId="a1a6df4a-06a7-e1b9-86e3-d32ee2fd6326" testName="Zahy.PartnerPlatform.Partners.PartnerAdminAppServiceTests.Should_Approve_Pending_Partner_And_Return_One_Time_M2M_Secret" computerName="BOUDY" duration="00:00:01.2592304" startTime="2026-06-19T18:18:39.0212787+03:00" endTime="2026-06-19T18:18:40.2808088+03:00" testType="13cdc9d9-ddb5-4fa4-a97d-d965ccfc6d4b" outcome="Passed" testListId="8c84fa94-04c1-424b-9868-57a2d4851a1d" relativeResultsDirectory="76f2e2ed-a2db-4655-b864-ace7343b2732" />
    <UnitTestResult executionId="41a07b00-70b5-4229-ad34-e50d66e72878" testId="2accc7d7-3e12-c329-13fb-a2994cacfd13" testName="Zahy.PartnerPlatform.Partners.PartnerAdminAppServiceTests.Should_Reject_Approve_When_BankInfo_Incomplete" computerName="BOUDY" duration="00:00:00.3896491" startTime="2026-06-19T18:18:37.2449321+03:00" endTime="2026-06-19T18:18:37.7067887+03:00" testType="13cdc9d9-ddb5-4fa4-a97d-d965ccfc6d4b" outcome="Passed" testListId="8c84fa94-04c1-424b-9868-57a2d4851a1d" relativeResultsDirectory="41a07b00-70b5-4229-ad34-e50d66e72878" />
    <UnitTestResult executionId="12fe431f-5b27-437d-b29a-875fbeb4a913" testId="a72d4fc5-6486-cc7c-f129-62c78e4eb297" testName="Zahy.PartnerPlatform.Partners.SaudiIbanValidatorTests.Should_Reject_Invalid_Iban(iban: &quot;AE0380000000608010167519&quot;)" computerName="BOUDY" duration="00:00:00.0091735" startTime="2026-06-19T18:18:25.8789968+03:00" endTime="2026-06-19T18:18:25.8792059+03:00" testType="13cdc9d9-ddb5-4fa4-a97d-d965ccfc6d4b" outcome="Passed" testListId="8c84fa94-04c1-424b-9868-57a2d4851a1d" relativeResultsDirectory="12fe431f-5b27-437d-b29a-875fbeb4a913" />
    <UnitTestResult executionId="f1bbc7b5-4397-4567-b166-3cf642028542" testId="069a1a85-c5a5-3fc9-293f-f4b59f0eafd2" testName="Zahy.PartnerPlatform.Partners.SaudiIbanValidatorTests.Should_Accept_Empty_Iban(iban: &quot;   &quot;)" computerName="BOUDY" duration="00:00:00.0005543" startTime="2026-06-19T18:18:25.8825090+03:00" endTime="2026-06-19T18:18:25.8825832+03:00" testType="13cdc9d9-ddb5-4fa4-a97d-d965ccfc6d4b" outcome="Passed" testListId="8c84fa94-04c1-424b-9868-57a2d4851a1d" relativeResultsDirectory="f1bbc7b5-4397-4567-b166-3cf642028542" />
    <UnitTestResult executionId="fa58882e-a40f-4d93-9ce2-9cc88e9e8d7e" testId="68c83e53-e50a-0985-51c7-3f67423f3e23" testName="Zahy.PartnerPlatform.Partners.PartnerLifecyclePolicyTests.Should_Reject_Illegal_Transitions(current: Active, action: Approve)" computerName="BOUDY" duration="00:00:00.0006068" startTime="2026-06-19T18:18:25.8651821+03:00" endTime="2026-06-19T18:18:25.8652663+03:00" testType="13cdc9d9-ddb5-4fa4-a97d-d965ccfc6d4b" outcome="Passed" testListId="8c84fa94-04c1-424b-9868-57a2d4851a1d" relativeResultsDirectory="fa58882e-a40f-4d93-9ce2-9cc88e9e8d7e" />
    <UnitTestResult executionId="16931176-b054-4273-9528-ce0f71e26d12" testId="4421e330-d133-4f0b-98c6-87dd9cd16a86" testName="Zahy.PartnerPlatform.Partners.PartnerAdminAppServiceTests.Should_Rotate_M2M_Client_Secret_For_Active_Partner" computerName="BOUDY" duration="00:00:00.3644648" startTime="2026-06-19T18:18:37.7073443+03:00" endTime="2026-06-19T18:18:38.0723600+03:00" testType="13cdc9d9-ddb5-4fa4-a97d-d965ccfc6d4b" outcome="Passed" testListId="8c84fa94-04c1-424b-9868-57a2d4851a1d" relativeResultsDirectory="16931176-b054-4273-9528-ce0f71e26d12" />
    <UnitTestResult executionId="9c07db84-d29b-426f-bc54-087b9a32ff15" testId="7ccde510-8d58-078f-ea54-f0c3b9a3c142" testName="Zahy.PartnerPlatform.Partners.PartnerRegistrationTests.Should_Create_Pending_Partner_Without_BankInfo" computerName="BOUDY" duration="00:00:00.3699332" startTime="2026-06-19T18:18:35.5363599+03:00" endTime="2026-06-19T18:18:35.9042622+03:00" testType="13cdc9d9-ddb5-4fa4-a97d-d965ccfc6d4b" outcome="Passed" testListId="8c84fa94-04c1-424b-9868-57a2d4851a1d" relativeResultsDirectory="9c07db84-d29b-426f-bc54-087b9a32ff15" />
    <UnitTestResult executionId="c9440371-3626-4462-a05f-9fe74313bc33" testId="1661ad2f-4fcb-a2b5-4f43-14ab3fe52409" testName="Zahy.PartnerPlatform.Partners.PartnerLifecyclePolicyTests.Should_Reject_Illegal_Transitions(current: Closed, action: Approve)" computerName="BOUDY" duration="00:00:00.0004961" startTime="2026-06-19T18:18:25.8647933+03:00" endTime="2026-06-19T18:18:25.8649763+03:00" testType="13cdc9d9-ddb5-4fa4-a97d-d965ccfc6d4b" outcome="Passed" testListId="8c84fa94-04c1-424b-9868-57a2d4851a1d" relativeResultsDirectory="c9440371-3626-4462-a05f-9fe74313bc33" />
    <UnitTestResult executionId="baca4ede-5c03-4839-a4dc-f7be7932a244" testId="9d0735a1-568a-3fd0-e9bf-870dc917b66d" testName="Zahy.PartnerPlatform.Partners.PartnerLifecyclePolicyTests.Should_Reject_Illegal_Transitions(current: Suspended, action: Approve)" computerName="BOUDY" duration="00:00:00.0000083" startTime="2026-06-19T18:18:25.8718647+03:00" endTime="2026-06-19T18:18:25.8719518+03:00" testType="13cdc9d9-ddb5-4fa4-a97d-d965ccfc6d4b" outcome="Passed" testListId="8c84fa94-04c1-424b-9868-57a2d4851a1d" relativeResultsDirectory="baca4ede-5c03-4839-a4dc-f7be7932a244" />
    <UnitTestResult executionId="9f6ab40c-78a6-4824-941b-50e8e0642de9" testId="e5d573fe-2d97-f68e-60e5-4e0487fbb5b2" testName="Zahy.PartnerPlatform.Partners.PartnerRegistrationTests.Should_Reject_Invalid_Iban_On_Dto_Validation" computerName="BOUDY" duration="00:00:06.9419668" startTime="2026-06-19T18:18:25.6221888+03:00" endTime="2026-06-19T18:18:32.5776328+03:00" testType="13cdc9d9-ddb5-4fa4-a97d-d965ccfc6d4b" outcome="Passed" testListId="8c84fa94-04c1-424b-9868-57a2d4851a1d" relativeResultsDirectory="9f6ab40c-78a6-4824-941b-50e8e0642de9" />
    <UnitTestResult executionId="32aa227c-709a-4b51-99c2-b54d2a32d7c7" testId="a5f9708d-4339-0fa6-349a-451ba423f38a" testName="Zahy.PartnerPlatform.Partners.PartnerAdminAppServiceTests.Should_Reject_Pending_Partner" computerName="BOUDY" duration="00:00:00.4538854" startTime="2026-06-19T18:18:36.0662659+03:00" endTime="2026-06-19T18:18:36.5065670+03:00" testType="13cdc9d9-ddb5-4fa4-a97d-d965ccfc6d4b" outcome="Passed" testListId="8c84fa94-04c1-424b-9868-57a2d4851a1d" relativeResultsDirectory="32aa227c-709a-4b51-99c2-b54d2a32d7c7" />
    <UnitTestResult executionId="13206eb6-d862-4668-8879-c0c6060cd638" testId="d1350c28-ddec-5241-97e7-30c0695c0f09" testName="Zahy.PartnerPlatform.Partners.SaudiIbanValidatorTests.Should_Accept_Empty_Iban(iban: &quot;&quot;)" computerName="BOUDY" duration="00:00:00.0003809" startTime="2026-06-19T18:18:25.8827163+03:00" endTime="2026-06-19T18:18:25.8828190+03:00" testType="13cdc9d9-ddb5-4fa4-a97d-d965ccfc6d4b" outcome="Passed" testListId="8c84fa94-04c1-424b-9868-57a2d4851a1d" relativeResultsDirectory="13206eb6-d862-4668-8879-c0c6060cd638" />
    <UnitTestResult executionId="76b65f27-f8c3-47b3-89c3-6bc4b848a40b" testId="0d060866-b2e5-93d4-7306-58715608146f" testName="Zahy.PartnerPlatform.Partners.PartnerRegistrationTests.Should_Create_Pending_Partner_With_Valid_BankInfo" computerName="BOUDY" duration="00:00:02.9555306" startTime="2026-06-19T18:18:32.5779931+03:00" endTime="2026-06-19T18:18:35.5359379+03:00" testType="13cdc9d9-ddb5-4fa4-a97d-d965ccfc6d4b" outcome="Passed" testListId="8c84fa94-04c1-424b-9868-57a2d4851a1d" relativeResultsDirectory="76b65f27-f8c3-47b3-89c3-6bc4b848a40b" />
  </Results>
  <TestDefinitions>
    <UnitTest name="Zahy.PartnerPlatform.Partners.PartnerLifecyclePolicyTests.Should_Reject_Illegal_Transitions(current: Pending, action: Reactivate)" storage="c:\users\a-r7m\onedrive\سطح المكتب\partner portal-zahy\test\zahy.partnerplatform.tests\bin\debug\net10.0\zahy.partnerplatform.tests.dll" id="37e140a2-e43c-d5e6-37c3-003d161ebd8e">
      <Execution id="d1b9ecec-f583-4e28-9311-e19909aa07b2" />
      <TestMethod codeBase="C:\Users\a-r7m\OneDrive\سطح المكتب\partner portal-zahy\test\Zahy.PartnerPlatform.Tests\bin\Debug\net10.0\Zahy.PartnerPlatform.Tests.dll" adapterTypeName="executor://xunit/VsTestRunner3/netcore/" className="Zahy.PartnerPlatform.Partners.PartnerLifecyclePolicyTests" name="Should_Reject_Illegal_Transitions" />
    </UnitTest>
    <UnitTest name="Zahy.PartnerPlatform.Partners.PartnerTypeScopePolicyTests.Should_Map_Conservative_Default_Scopes(type: Aggregator, expected: [&quot;orders:read&quot;, &quot;webhooks:manage&quot;])" storage="c:\users\a-r7m\onedrive\سطح المكتب\partner portal-zahy\test\zahy.partnerplatform.tests\bin\debug\net10.0\zahy.partnerplatform.tests.dll" id="7b3620bb-32a6-c6b1-a099-acae48405901">
      <Execution id="1f0bc934-3223-41df-802d-d37e9b6b2da5" />
      <TestMethod codeBase="C:\Users\a-r7m\OneDrive\سطح المكتب\partner portal-zahy\test\Zahy.PartnerPlatform.Tests\bin\Debug\net10.0\Zahy.PartnerPlatform.Tests.dll" adapterTypeName="executor://xunit/VsTestRunner3/netcore/" className="Zahy.PartnerPlatform.Partners.PartnerTypeScopePolicyTests" name="Should_Map_Conservative_Default_Scopes" />
    </UnitTest>
    <UnitTest name="Zahy.PartnerPlatform.Partners.PartnerRegistrationTests.Should_Reject_Invalid_Iban_On_Dto_Validation" storage="c:\users\a-r7m\onedrive\سطح المكتب\partner portal-zahy\test\zahy.partnerplatform.tests\bin\debug\net10.0\zahy.partnerplatform.tests.dll" id="e5d573fe-2d97-f68e-60e5-4e0487fbb5b2">
      <Execution id="9f6ab40c-78a6-4824-941b-50e8e0642de9" />
      <TestMethod codeBase="C:\Users\a-r7m\OneDrive\سطح المكتب\partner portal-zahy\test\Zahy.PartnerPlatform.Tests\bin\Debug\net10.0\Zahy.PartnerPlatform.Tests.dll" adapterTypeName="executor://xunit/VsTestRunner3/netcore/" className="Zahy.PartnerPlatform.Partners.PartnerRegistrationTests" name="Should_Reject_Invalid_Iban_On_Dto_Validation" />
    </UnitTest>
    <UnitTest name="Zahy.PartnerPlatform.Partners.PartnerLifecyclePolicyTests.Should_Reject_Illegal_Transitions(current: Closed, action: Close)" storage="c:\users\a-r7m\onedrive\سطح المكتب\partner portal-zahy\test\zahy.partnerplatform.tests\bin\debug\net10.0\zahy.partnerplatform.tests.dll" id="fb989685-ab75-6977-0783-a367f914710d">
      <Execution id="b1f7292f-1782-4596-a478-a7cc50eeac97" />
      <TestMethod codeBase="C:\Users\a-r7m\OneDrive\سطح المكتب\partner portal-zahy\test\Zahy.PartnerPlatform.Tests\bin\Debug\net10.0\Zahy.PartnerPlatform.Tests.dll" adapterTypeName="executor://xunit/VsTestRunner3/netcore/" className="Zahy.PartnerPlatform.Partners.PartnerLifecyclePolicyTests" name="Should_Reject_Illegal_Transitions" />
    </UnitTest>
    <UnitTest name="Zahy.PartnerPlatform.Partners.PartnerApproveRollbackTests.Should_Rollback_Approve_When_M2M_Provision_Fails" storage="c:\users\a-r7m\onedrive\سطح المكتب\partner portal-zahy\test\zahy.partnerplatform.tests\bin\debug\net10.0\zahy.partnerplatform.tests.dll" id="33fb0995-b7c9-3839-0867-0c874d49b775">
      <Execution id="bb90cb9a-3d49-493c-99d7-9256c714b4b1" />
      <TestMethod codeBase="C:\Users\a-r7m\OneDrive\سطح المكتب\partner portal-zahy\test\Zahy.PartnerPlatform.Tests\bin\Debug\net10.0\Zahy.PartnerPlatform.Tests.dll" adapterTypeName="executor://xunit/VsTestRunner3/netcore/" className="Zahy.PartnerPlatform.Partners.PartnerApproveRollbackTests" name="Should_Rollback_Approve_When_M2M_Provision_Fails" />
    </UnitTest>
    <UnitTest name="Zahy.PartnerPlatform.Partners.PartnerRegistrationTests.Should_Create_Pending_Partner_Without_BankInfo" storage="c:\users\a-r7m\onedrive\سطح المكتب\partner portal-zahy\test\zahy.partnerplatform.tests\bin\debug\net10.0\zahy.partnerplatform.tests.dll" id="7ccde510-8d58-078f-ea54-f0c3b9a3c142">
      <Execution id="9c07db84-d29b-426f-bc54-087b9a32ff15" />
      <TestMethod codeBase="C:\Users\a-r7m\OneDrive\سطح المكتب\partner portal-zahy\test\Zahy.PartnerPlatform.Tests\bin\Debug\net10.0\Zahy.PartnerPlatform.Tests.dll" adapterTypeName="executor://xunit/VsTestRunner3/netcore/" className="Zahy.PartnerPlatform.Partners.PartnerRegistrationTests" name="Should_Create_Pending_Partner_Without_BankInfo" />
    </UnitTest>
    <UnitTest name="Zahy.PartnerPlatform.Partners.PartnerLifecyclePolicyTests.Should_Reject_Illegal_Transitions(current: Suspended, action: Suspend)" storage="c:\users\a-r7m\onedrive\سطح المكتب\partner portal-zahy\test\zahy.partnerplatform.tests\bin\debug\net10.0\zahy.partnerplatform.tests.dll" id="14071497-2b40-f139-a326-17c22dbe84a9">
      <Execution id="3ded9da6-c7ae-48b7-ac27-84ed714ae9a9" />
      <TestMethod codeBase="C:\Users\a-r7m\OneDrive\سطح المكتب\partner portal-zahy\test\Zahy.PartnerPlatform.Tests\bin\Debug\net10.0\Zahy.PartnerPlatform.Tests.dll" adapterTypeName="executor://xunit/VsTestRunner3/netcore/" className="Zahy.PartnerPlatform.Partners.PartnerLifecyclePolicyTests" name="Should_Reject_Illegal_Transitions" />
    </UnitTest>
    <UnitTest name="Zahy.PartnerPlatform.Partners.PartnerAdminAppServiceTests.Should_Reject_Pending_Partner" storage="c:\users\a-r7m\onedrive\سطح المكتب\partner portal-zahy\test\zahy.partnerplatform.tests\bin\debug\net10.0\zahy.partnerplatform.tests.dll" id="a5f9708d-4339-0fa6-349a-451ba423f38a">
      <Execution id="32aa227c-709a-4b51-99c2-b54d2a32d7c7" />
      <TestMethod codeBase="C:\Users\a-r7m\OneDrive\سطح المكتب\partner portal-zahy\test\Zahy.PartnerPlatform.Tests\bin\Debug\net10.0\Zahy.PartnerPlatform.Tests.dll" adapterTypeName="executor://xunit/VsTestRunner3/netcore/" className="Zahy.PartnerPlatform.Partners.PartnerAdminAppServiceTests" name="Should_Reject_Pending_Partner" />
    </UnitTest>
    <UnitTest name="Zahy.PartnerPlatform.Partners.SaudiIbanValidatorTests.Should_Reject_Invalid_Iban(iban: &quot;SA038000000060801016751X&quot;)" storage="c:\users\a-r7m\onedrive\سطح المكتب\partner portal-zahy\test\zahy.partnerplatform.tests\bin\debug\net10.0\zahy.partnerplatform.tests.dll" id="ec36a51a-7600-d314-3703-13cac83f4f05">
      <Execution id="07555b91-ac80-4242-9477-993efc1fe1b3" />
      <TestMethod codeBase="C:\Users\a-r7m\OneDrive\سطح المكتب\partner portal-zahy\test\Zahy.PartnerPlatform.Tests\bin\Debug\net10.0\Zahy.PartnerPlatform.Tests.dll" adapterTypeName="executor://xunit/VsTestRunner3/netcore/" className="Zahy.PartnerPlatform.Partners.SaudiIbanValidatorTests" name="Should_Reject_Invalid_Iban" />
    </UnitTest>
    <UnitTest name="Zahy.PartnerPlatform.Partners.PartnerAdminAppServiceTests.Should_Rotate_M2M_Client_Secret_For_Active_Partner" storage="c:\users\a-r7m\onedrive\سطح المكتب\partner portal-zahy\test\zahy.partnerplatform.tests\bin\debug\net10.0\zahy.partnerplatform.tests.dll" id="4421e330-d133-4f0b-98c6-87dd9cd16a86">
      <Execution id="16931176-b054-4273-9528-ce0f71e26d12" />
      <TestMethod codeBase="C:\Users\a-r7m\OneDrive\سطح المكتب\partner portal-zahy\test\Zahy.PartnerPlatform.Tests\bin\Debug\net10.0\Zahy.PartnerPlatform.Tests.dll" adapterTypeName="executor://xunit/VsTestRunner3/netcore/" className="Zahy.PartnerPlatform.Partners.PartnerAdminAppServiceTests" name="Should_Rotate_M2M_Client_Secret_For_Active_Partner" />
    </UnitTest>
    <UnitTest name="Zahy.PartnerPlatform.Partners.PartnerLifecyclePolicyTests.Should_Allow_Legal_Transitions(current: Pending, action: Approve, expected: Active)" storage="c:\users\a-r7m\onedrive\سطح المكتب\partner portal-zahy\test\zahy.partnerplatform.tests\bin\debug\net10.0\zahy.partnerplatform.tests.dll" id="f9842bb3-a8ff-9847-3576-bcbe36d8dc78">
      <Execution id="4c2014b5-97a3-4e8f-8232-36b8abe84cdc" />
      <TestMethod codeBase="C:\Users\a-r7m\OneDrive\سطح المكتب\partner portal-zahy\test\Zahy.PartnerPlatform.Tests\bin\Debug\net10.0\Zahy.PartnerPlatform.Tests.dll" adapterTypeName="executor://xunit/VsTestRunner3/netcore/" className="Zahy.PartnerPlatform.Partners.PartnerLifecyclePolicyTests" name="Should_Allow_Legal_Transitions" />
    </UnitTest>
    <UnitTest name="Zahy.PartnerPlatform.Partners.PartnerLifecyclePolicyTests.Should_Reject_Illegal_Transitions(current: Active, action: Reject)" storage="c:\users\a-r7m\onedrive\سطح المكتب\partner portal-zahy\test\zahy.partnerplatform.tests\bin\debug\net10.0\zahy.partnerplatform.tests.dll" id="b172a768-5a7c-4c4e-fcf3-18f25b90b6d9">
      <Execution id="63d4f4a3-12f4-4b8d-b3aa-4aa4953c4164" />
      <TestMethod codeBase="C:\Users\a-r7m\OneDrive\سطح المكتب\partner portal-zahy\test\Zahy.PartnerPlatform.Tests\bin\Debug\net10.0\Zahy.PartnerPlatform.Tests.dll" adapterTypeName="executor://xunit/VsTestRunner3/netcore/" className="Zahy.PartnerPlatform.Partners.PartnerLifecyclePolicyTests" name="Should_Reject_Illegal_Transitions" />
    </UnitTest>
    <UnitTest name="Zahy.PartnerPlatform.Partners.PartnerLifecyclePolicyTests.Should_Allow_Legal_Transitions(current: Suspended, action: Reactivate, expected: Active)" storage="c:\users\a-r7m\onedrive\سطح المكتب\partner portal-zahy\test\zahy.partnerplatform.tests\bin\debug\net10.0\zahy.partnerplatform.tests.dll" id="e72e5dc7-91f2-bd3b-fd7c-9ecaf40afc72">
      <Execution id="9bccd271-6595-4254-abda-ecbbf1c54c08" />
      <TestMethod codeBase="C:\Users\a-r7m\OneDrive\سطح المكتب\partner portal-zahy\test\Zahy.PartnerPlatform.Tests\bin\Debug\net10.0\Zahy.PartnerPlatform.Tests.dll" adapterTypeName="executor://xunit/VsTestRunner3/netcore/" className="Zahy.PartnerPlatform.Partners.PartnerLifecyclePolicyTests" name="Should_Allow_Legal_Transitions" />
    </UnitTest>
    <UnitTest name="Zahy.PartnerPlatform.Partners.PartnerLifecyclePolicyTests.Should_Allow_Legal_Transitions(current: Active, action: Suspend, expected: Suspended)" storage="c:\users\a-r7m\onedrive\سطح المكتب\partner portal-zahy\test\zahy.partnerplatform.tests\bin\debug\net10.0\zahy.partnerplatform.tests.dll" id="a0751852-3d11-be1f-0d5b-7123dfedf26a">
      <Execution id="69a29ada-c776-44e0-bcee-470cd9d192b7" />
      <TestMethod codeBase="C:\Users\a-r7m\OneDrive\سطح المكتب\partner portal-zahy\test\Zahy.PartnerPlatform.Tests\bin\Debug\net10.0\Zahy.PartnerPlatform.Tests.dll" adapterTypeName="executor://xunit/VsTestRunner3/netcore/" className="Zahy.PartnerPlatform.Partners.PartnerLifecyclePolicyTests" name="Should_Allow_Legal_Transitions" />
    </UnitTest>
    <UnitTest name="Zahy.PartnerPlatform.Partners.PartnerAdminAppServiceTests.Should_Reject_Illegal_Lifecycle_Transition" storage="c:\users\a-r7m\onedrive\سطح المكتب\partner portal-zahy\test\zahy.partnerplatform.tests\bin\debug\net10.0\zahy.partnerplatform.tests.dll" id="5129fcc5-671e-3170-42a0-fc5d0e1c47d2">
      <Execution id="43ecf955-e6cf-465c-9719-06a1691be5a3" />
      <TestMethod codeBase="C:\Users\a-r7m\OneDrive\سطح المكتب\partner portal-zahy\test\Zahy.PartnerPlatform.Tests\bin\Debug\net10.0\Zahy.PartnerPlatform.Tests.dll" adapterTypeName="executor://xunit/VsTestRunner3/netcore/" className="Zahy.PartnerPlatform.Partners.PartnerAdminAppServiceTests" name="Should_Reject_Illegal_Lifecycle_Transition" />
    </UnitTest>
    <UnitTest name="Zahy.PartnerPlatform.Partners.PartnerAdminAppServiceTests.Should_Not_Log_M2M_Client_Secret_In_Approve_Audit" storage="c:\users\a-r7m\onedrive\سطح المكتب\partner portal-zahy\test\zahy.partnerplatform.tests\bin\debug\net10.0\zahy.partnerplatform.tests.dll" id="5f1355d1-ee46-d9b1-2fd3-a3d16637b234">
      <Execution id="6b4b0662-b228-45b2-8ac8-8dbec5cd02e9" />
      <TestMethod codeBase="C:\Users\a-r7m\OneDrive\سطح المكتب\partner portal-zahy\test\Zahy.PartnerPlatform.Tests\bin\Debug\net10.0\Zahy.PartnerPlatform.Tests.dll" adapterTypeName="executor://xunit/VsTestRunner3/netcore/" className="Zahy.PartnerPlatform.Partners.PartnerAdminAppServiceTests" name="Should_Not_Log_M2M_Client_Secret_In_Approve_Audit" />
    </UnitTest>
    <UnitTest name="Zahy.PartnerPlatform.Partners.PartnerAdminAppServiceTests.Should_Reject_Approve_When_BankInfo_Incomplete" storage="c:\users\a-r7m\onedrive\سطح المكتب\partner portal-zahy\test\zahy.partnerplatform.tests\bin\debug\net10.0\zahy.partnerplatform.tests.dll" id="2accc7d7-3e12-c329-13fb-a2994cacfd13">
      <Execution id="41a07b00-70b5-4229-ad34-e50d66e72878" />
      <TestMethod codeBase="C:\Users\a-r7m\OneDrive\سطح المكتب\partner portal-zahy\test\Zahy.PartnerPlatform.Tests\bin\Debug\net10.0\Zahy.PartnerPlatform.Tests.dll" adapterTypeName="executor://xunit/VsTestRunner3/netcore/" className="Zahy.PartnerPlatform.Partners.PartnerAdminAppServiceTests" name="Should_Reject_Approve_When_BankInfo_Incomplete" />
    </UnitTest>
    <UnitTest name="Zahy.PartnerPlatform.Partners.PartnerRegistrationTests.Should_Reject_Missing_Required_Fields_On_Dto_Validation" storage="c:\users\a-r7m\onedrive\سطح المكتب\partner portal-zahy\test\zahy.partnerplatform.tests\bin\debug\net10.0\zahy.partnerplatform.tests.dll" id="84c45de6-f4b0-9d6e-a55e-06881e22d397">
      <Execution id="28cfd2a6-45a1-4639-b3f8-63681bbfe79b" />
      <TestMethod codeBase="C:\Users\a-r7m\OneDrive\سطح المكتب\partner portal-zahy\test\Zahy.PartnerPlatform.Tests\bin\Debug\net10.0\Zahy.PartnerPlatform.Tests.dll" adapterTypeName="executor://xunit/VsTestRunner3/netcore/" className="Zahy.PartnerPlatform.Partners.PartnerRegistrationTests" name="Should_Reject_Missing_Required_Fields_On_Dto_Validation" />
    </UnitTest>
    <UnitTest name="Zahy.PartnerPlatform.Partners.PartnerTypeScopePolicyTests.Should_Map_Conservative_Default_Scopes(type: Marketplace, expected: [&quot;orders:read&quot;, &quot;catalog:read&quot;])" storage="c:\users\a-r7m\onedrive\سطح المكتب\partner portal-zahy\test\zahy.partnerplatform.tests\bin\debug\net10.0\zahy.partnerplatform.tests.dll" id="3505e729-425e-ce96-bfca-36fffbcbf0d0">
      <Execution id="39f033bb-fa70-4f91-8a42-76818d4d9c7a" />
      <TestMethod codeBase="C:\Users\a-r7m\OneDrive\سطح المكتب\partner portal-zahy\test\Zahy.PartnerPlatform.Tests\bin\Debug\net10.0\Zahy.PartnerPlatform.Tests.dll" adapterTypeName="executor://xunit/VsTestRunner3/netcore/" className="Zahy.PartnerPlatform.Partners.PartnerTypeScopePolicyTests" name="Should_Map_Conservative_Default_Scopes" />
    </UnitTest>
    <UnitTest name="Zahy.PartnerPlatform.Partners.PartnerLifecyclePolicyTests.Should_Reject_Illegal_Transitions(current: Suspended, action: Approve)" storage="c:\users\a-r7m\onedrive\سطح المكتب\partner portal-zahy\test\zahy.partnerplatform.tests\bin\debug\net10.0\zahy.partnerplatform.tests.dll" id="9d0735a1-568a-3fd0-e9bf-870dc917b66d">
      <Execution id="baca4ede-5c03-4839-a4dc-f7be7932a244" />
      <TestMethod codeBase="C:\Users\a-r7m\OneDrive\سطح المكتب\partner portal-zahy\test\Zahy.PartnerPlatform.Tests\bin\Debug\net10.0\Zahy.PartnerPlatform.Tests.dll" adapterTypeName="executor://xunit/VsTestRunner3/netcore/" className="Zahy.PartnerPlatform.Partners.PartnerLifecyclePolicyTests" name="Should_Reject_Illegal_Transitions" />
    </UnitTest>
    <UnitTest name="Zahy.PartnerPlatform.Partners.PartnerLifecyclePolicyTests.Should_Allow_Legal_Transitions(current: Active, action: Close, expected: Closed)" storage="c:\users\a-r7m\onedrive\سطح المكتب\partner portal-zahy\test\zahy.partnerplatform.tests\bin\debug\net10.0\zahy.partnerplatform.tests.dll" id="3d256447-cc6e-7eab-7088-502dfbf774d0">
      <Execution id="9fdbdcf7-51d4-44a5-88a6-fcecbca992aa" />
      <TestMethod codeBase="C:\Users\a-r7m\OneDrive\سطح المكتب\partner portal-zahy\test\Zahy.PartnerPlatform.Tests\bin\Debug\net10.0\Zahy.PartnerPlatform.Tests.dll" adapterTypeName="executor://xunit/VsTestRunner3/netcore/" className="Zahy.PartnerPlatform.Partners.PartnerLifecyclePolicyTests" name="Should_Allow_Legal_Transitions" />
    </UnitTest>
    <UnitTest name="Zahy.PartnerPlatform.Partners.PartnerLifecyclePolicyTests.Should_Allow_Legal_Transitions(current: Pending, action: Reject, expected: Closed)" storage="c:\users\a-r7m\onedrive\سطح المكتب\partner portal-zahy\test\zahy.partnerplatform.tests\bin\debug\net10.0\zahy.partnerplatform.tests.dll" id="b77a3451-fa70-d1f6-e3f4-5ceff0e32ed3">
      <Execution id="92bc86bc-311b-4c55-a048-0f33f8ef9589" />
      <TestMethod codeBase="C:\Users\a-r7m\OneDrive\سطح المكتب\partner portal-zahy\test\Zahy.PartnerPlatform.Tests\bin\Debug\net10.0\Zahy.PartnerPlatform.Tests.dll" adapterTypeName="executor://xunit/VsTestRunner3/netcore/" className="Zahy.PartnerPlatform.Partners.PartnerLifecyclePolicyTests" name="Should_Allow_Legal_Transitions" />
    </UnitTest>
    <UnitTest name="Zahy.PartnerPlatform.Partners.SaudiIbanValidatorTests.Should_Accept_Valid_Saudi_Iban" storage="c:\users\a-r7m\onedrive\سطح المكتب\partner portal-zahy\test\zahy.partnerplatform.tests\bin\debug\net10.0\zahy.partnerplatform.tests.dll" id="d4337679-ab91-c517-e898-bebf7d5751c8">
      <Execution id="58f30316-3461-4f5d-a63d-47ccf8c20846" />
      <TestMethod codeBase="C:\Users\a-r7m\OneDrive\سطح المكتب\partner portal-zahy\test\Zahy.PartnerPlatform.Tests\bin\Debug\net10.0\Zahy.PartnerPlatform.Tests.dll" adapterTypeName="executor://xunit/VsTestRunner3/netcore/" className="Zahy.PartnerPlatform.Partners.SaudiIbanValidatorTests" name="Should_Accept_Valid_Saudi_Iban" />
    </UnitTest>
    <UnitTest name="Zahy.PartnerPlatform.Partners.SaudiIbanValidatorTests.Should_Normalize_Spaces_And_Case" storage="c:\users\a-r7m\onedrive\سطح المكتب\partner portal-zahy\test\zahy.partnerplatform.tests\bin\debug\net10.0\zahy.partnerplatform.tests.dll" id="c1a742fe-e42f-f51f-617f-41b9b0aebc07">
      <Execution id="fff8fb36-5c85-41fc-a46c-597a9ee1f8a1" />
      <TestMethod codeBase="C:\Users\a-r7m\OneDrive\سطح المكتب\partner portal-zahy\test\Zahy.PartnerPlatform.Tests\bin\Debug\net10.0\Zahy.PartnerPlatform.Tests.dll" adapterTypeName="executor://xunit/VsTestRunner3/netcore/" className="Zahy.PartnerPlatform.Partners.SaudiIbanValidatorTests" name="Should_Normalize_Spaces_And_Case" />
    </UnitTest>
    <UnitTest name="Zahy.PartnerPlatform.Partners.PartnerAccessGuardTests.Should_Allow_Access_To_Own_Partner" storage="c:\users\a-r7m\onedrive\سطح المكتب\partner portal-zahy\test\zahy.partnerplatform.tests\bin\debug\net10.0\zahy.partnerplatform.tests.dll" id="87c6e7b4-2648-45b6-38f7-2437680e444d">
      <Execution id="09117aaf-7fc7-4ade-80e1-fa7d7ee06a5b" />
      <TestMethod codeBase="C:\Users\a-r7m\OneDrive\سطح المكتب\partner portal-zahy\test\Zahy.PartnerPlatform.Tests\bin\Debug\net10.0\Zahy.PartnerPlatform.Tests.dll" adapterTypeName="executor://xunit/VsTestRunner3/netcore/" className="Zahy.PartnerPlatform.Partners.PartnerAccessGuardTests" name="Should_Allow_Access_To_Own_Partner" />
    </UnitTest>
    <UnitTest name="Zahy.PartnerPlatform.Partners.PartnerAdminAuthorizationTests.PartnerAdminAppService_Should_Require_Partners_Manage_Permission" storage="c:\users\a-r7m\onedrive\سطح المكتب\partner portal-zahy\test\zahy.partnerplatform.tests\bin\debug\net10.0\zahy.partnerplatform.tests.dll" id="427f091a-8061-5598-a976-cda5adaa6f83">
      <Execution id="6d5042fd-a422-41b7-bd36-a8cca894060c" />
      <TestMethod codeBase="C:\Users\a-r7m\OneDrive\سطح المكتب\partner portal-zahy\test\Zahy.PartnerPlatform.Tests\bin\Debug\net10.0\Zahy.PartnerPlatform.Tests.dll" adapterTypeName="executor://xunit/VsTestRunner3/netcore/" className="Zahy.PartnerPlatform.Partners.PartnerAdminAuthorizationTests" name="PartnerAdminAppService_Should_Require_Partners_Manage_Permission" />
    </UnitTest>
    <UnitTest name="Zahy.PartnerPlatform.Partners.PartnerLifecyclePolicyTests.Should_Reject_Illegal_Transitions(current: Pending, action: Close)" storage="c:\users\a-r7m\onedrive\سطح المكتب\partner portal-zahy\test\zahy.partnerplatform.tests\bin\debug\net10.0\zahy.partnerplatform.tests.dll" id="c5b4d13b-cade-186e-8643-6c2d24bbe4b2">
      <Execution id="63f16114-f7d1-44c2-b157-4bfa3afe74ee" />
      <TestMethod codeBase="C:\Users\a-r7m\OneDrive\سطح المكتب\partner portal-zahy\test\Zahy.PartnerPlatform.Tests\bin\Debug\net10.0\Zahy.PartnerPlatform.Tests.dll" adapterTypeName="executor://xunit/VsTestRunner3/netcore/" className="Zahy.PartnerPlatform.Partners.PartnerLifecyclePolicyTests" name="Should_Reject_Illegal_Transitions" />
    </UnitTest>
    <UnitTest name="Zahy.PartnerPlatform.Partners.PartnerLifecyclePolicyTests.Should_Reject_Illegal_Transitions(current: Active, action: Approve)" storage="c:\users\a-r7m\onedrive\سطح المكتب\partner portal-zahy\test\zahy.partnerplatform.tests\bin\debug\net10.0\zahy.partnerplatform.tests.dll" id="68c83e53-e50a-0985-51c7-3f67423f3e23">
      <Execution id="fa58882e-a40f-4d93-9ce2-9cc88e9e8d7e" />
      <TestMethod codeBase="C:\Users\a-r7m\OneDrive\سطح المكتب\partner portal-zahy\test\Zahy.PartnerPlatform.Tests\bin\Debug\net10.0\Zahy.PartnerPlatform.Tests.dll" adapterTypeName="executor://xunit/VsTestRunner3/netcore/" className="Zahy.PartnerPlatform.Partners.PartnerLifecyclePolicyTests" name="Should_Reject_Illegal_Transitions" />
    </UnitTest>
    <UnitTest name="Zahy.PartnerPlatform.Partners.SaudiIbanValidatorTests.Should_Accept_Empty_Iban(iban: &quot;   &quot;)" storage="c:\users\a-r7m\onedrive\سطح المكتب\partner portal-zahy\test\zahy.partnerplatform.tests\bin\debug\net10.0\zahy.partnerplatform.tests.dll" id="069a1a85-c5a5-3fc9-293f-f4b59f0eafd2">
      <Execution id="f1bbc7b5-4397-4567-b166-3cf642028542" />
      <TestMethod codeBase="C:\Users\a-r7m\OneDrive\سطح المكتب\partner portal-zahy\test\Zahy.PartnerPlatform.Tests\bin\Debug\net10.0\Zahy.PartnerPlatform.Tests.dll" adapterTypeName="executor://xunit/VsTestRunner3/netcore/" className="Zahy.PartnerPlatform.Partners.SaudiIbanValidatorTests" name="Should_Accept_Empty_Iban" />
    </UnitTest>
    <UnitTest name="Zahy.PartnerPlatform.Partners.PartnerRegistrationTests.BankInfoDto_Should_Validate_Iban_Format" storage="c:\users\a-r7m\onedrive\سطح المكتب\partner portal-zahy\test\zahy.partnerplatform.tests\bin\debug\net10.0\zahy.partnerplatform.tests.dll" id="c84a10a2-cb4b-dfb1-8fdd-85ae440c5181">
      <Execution id="9bcabe21-7159-44c2-b408-3c82f0a260fc" />
      <TestMethod codeBase="C:\Users\a-r7m\OneDrive\سطح المكتب\partner portal-zahy\test\Zahy.PartnerPlatform.Tests\bin\Debug\net10.0\Zahy.PartnerPlatform.Tests.dll" adapterTypeName="executor://xunit/VsTestRunner3/netcore/" className="Zahy.PartnerPlatform.Partners.PartnerRegistrationTests" name="BankInfoDto_Should_Validate_Iban_Format" />
    </UnitTest>
    <UnitTest name="Zahy.PartnerPlatform.Partners.PartnerTypeScopePolicyTests.Should_Map_Conservative_Default_Scopes(type: Carrier, expected: [&quot;orders:read&quot;])" storage="c:\users\a-r7m\onedrive\سطح المكتب\partner portal-zahy\test\zahy.partnerplatform.tests\bin\debug\net10.0\zahy.partnerplatform.tests.dll" id="02cff567-d0d8-c52a-bd0d-87341d1ca802">
      <Execution id="adf61567-36e8-4d01-ab00-d2b27ac28283" />
      <TestMethod codeBase="C:\Users\a-r7m\OneDrive\سطح المكتب\partner portal-zahy\test\Zahy.PartnerPlatform.Tests\bin\Debug\net10.0\Zahy.PartnerPlatform.Tests.dll" adapterTypeName="executor://xunit/VsTestRunner3/netcore/" className="Zahy.PartnerPlatform.Partners.PartnerTypeScopePolicyTests" name="Should_Map_Conservative_Default_Scopes" />
    </UnitTest>
    <UnitTest name="Zahy.PartnerPlatform.Partners.SaudiIbanValidatorTests.Should_Reject_Invalid_Iban(iban: &quot;SA038000000060801016751&quot;)" storage="c:\users\a-r7m\onedrive\سطح المكتب\partner portal-zahy\test\zahy.partnerplatform.tests\bin\debug\net10.0\zahy.partnerplatform.tests.dll" id="dcadfffb-f3e5-8ba8-0b54-92d3974bcddc">
      <Execution id="76c7799d-bf54-45a0-823e-ea2269ebbdf6" />
      <TestMethod codeBase="C:\Users\a-r7m\OneDrive\سطح المكتب\partner portal-zahy\test\Zahy.PartnerPlatform.Tests\bin\Debug\net10.0\Zahy.PartnerPlatform.Tests.dll" adapterTypeName="executor://xunit/VsTestRunner3/netcore/" className="Zahy.PartnerPlatform.Partners.SaudiIbanValidatorTests" name="Should_Reject_Invalid_Iban" />
    </UnitTest>
    <UnitTest name="Zahy.PartnerPlatform.Partners.PartnerTypeScopePolicyTests.Should_Map_Conservative_Default_Scopes(type: ThreePL, expected: [&quot;orders:read&quot;, &quot;inventory:write&quot;])" storage="c:\users\a-r7m\onedrive\سطح المكتب\partner portal-zahy\test\zahy.partnerplatform.tests\bin\debug\net10.0\zahy.partnerplatform.tests.dll" id="4ee03570-7c0d-fd51-f311-400d64e5e291">
      <Execution id="d01775a3-7044-42c6-bc97-8a796284fa65" />
      <TestMethod codeBase="C:\Users\a-r7m\OneDrive\سطح المكتب\partner portal-zahy\test\Zahy.PartnerPlatform.Tests\bin\Debug\net10.0\Zahy.PartnerPlatform.Tests.dll" adapterTypeName="executor://xunit/VsTestRunner3/netcore/" className="Zahy.PartnerPlatform.Partners.PartnerTypeScopePolicyTests" name="Should_Map_Conservative_Default_Scopes" />
    </UnitTest>
    <UnitTest name="Zahy.PartnerPlatform.Partners.PartnerAdminAppServiceTests.Should_Suspend_Reactivate_And_Close_Active_Partner" storage="c:\users\a-r7m\onedrive\سطح المكتب\partner portal-zahy\test\zahy.partnerplatform.tests\bin\debug\net10.0\zahy.partnerplatform.tests.dll" id="bfe9b793-b923-bfa5-d805-8b77b23462de">
      <Execution id="0d705f5d-ad41-4747-8aca-dbcd377ed2ee" />
      <TestMethod codeBase="C:\Users\a-r7m\OneDrive\سطح المكتب\partner portal-zahy\test\Zahy.PartnerPlatform.Tests\bin\Debug\net10.0\Zahy.PartnerPlatform.Tests.dll" adapterTypeName="executor://xunit/VsTestRunner3/netcore/" className="Zahy.PartnerPlatform.Partners.PartnerAdminAppServiceTests" name="Should_Suspend_Reactivate_And_Close_Active_Partner" />
    </UnitTest>
    <UnitTest name="Zahy.PartnerPlatform.Partners.PartnerLifecyclePolicyTests.Should_Reject_Illegal_Transitions(current: Closed, action: Approve)" storage="c:\users\a-r7m\onedrive\سطح المكتب\partner portal-zahy\test\zahy.partnerplatform.tests\bin\debug\net10.0\zahy.partnerplatform.tests.dll" id="1661ad2f-4fcb-a2b5-4f43-14ab3fe52409">
      <Execution id="c9440371-3626-4462-a05f-9fe74313bc33" />
      <TestMethod codeBase="C:\Users\a-r7m\OneDrive\سطح المكتب\partner portal-zahy\test\Zahy.PartnerPlatform.Tests\bin\Debug\net10.0\Zahy.PartnerPlatform.Tests.dll" adapterTypeName="executor://xunit/VsTestRunner3/netcore/" className="Zahy.PartnerPlatform.Partners.PartnerLifecyclePolicyTests" name="Should_Reject_Illegal_Transitions" />
    </UnitTest>
    <UnitTest name="Zahy.PartnerPlatform.Partners.SaudiIbanValidatorTests.Should_Accept_Empty_Iban(iban: null)" storage="c:\users\a-r7m\onedrive\سطح المكتب\partner portal-zahy\test\zahy.partnerplatform.tests\bin\debug\net10.0\zahy.partnerplatform.tests.dll" id="198aa677-4be6-5117-e9ef-1c50a5577897">
      <Execution id="30f47e87-8925-45fe-8638-658e65fa6cd6" />
      <TestMethod codeBase="C:\Users\a-r7m\OneDrive\سطح المكتب\partner portal-zahy\test\Zahy.PartnerPlatform.Tests\bin\Debug\net10.0\Zahy.PartnerPlatform.Tests.dll" adapterTypeName="executor://xunit/VsTestRunner3/netcore/" className="Zahy.PartnerPlatform.Partners.SaudiIbanValidatorTests" name="Should_Accept_Empty_Iban" />
    </UnitTest>
    <UnitTest name="Zahy.PartnerPlatform.Partners.PartnerLifecyclePolicyTests.Should_Reject_Illegal_Transitions(current: Pending, action: Suspend)" storage="c:\users\a-r7m\onedrive\سطح المكتب\partner portal-zahy\test\zahy.partnerplatform.tests\bin\debug\net10.0\zahy.partnerplatform.tests.dll" id="6e87eddc-14b9-ebdc-b5d4-4f043bc62dd9">
      <Execution id="dd3960dd-490f-49ec-9a9d-b0c33042abe8" />
      <TestMethod codeBase="C:\Users\a-r7m\OneDrive\سطح المكتب\partner portal-zahy\test\Zahy.PartnerPlatform.Tests\bin\Debug\net10.0\Zahy.PartnerPlatform.Tests.dll" adapterTypeName="executor://xunit/VsTestRunner3/netcore/" className="Zahy.PartnerPlatform.Partners.PartnerLifecyclePolicyTests" name="Should_Reject_Illegal_Transitions" />
    </UnitTest>
    <UnitTest name="Zahy.PartnerPlatform.Partners.PartnerAdminAppServiceTests.Should_List_Partners_With_Status_Filter" storage="c:\users\a-r7m\onedrive\سطح المكتب\partner portal-zahy\test\zahy.partnerplatform.tests\bin\debug\net10.0\zahy.partnerplatform.tests.dll" id="06a759e2-c1f8-6cf2-dffc-8445841a122f">
      <Execution id="75381fee-ff22-4664-90e7-82222aae76a8" />
      <TestMethod codeBase="C:\Users\a-r7m\OneDrive\سطح المكتب\partner portal-zahy\test\Zahy.PartnerPlatform.Tests\bin\Debug\net10.0\Zahy.PartnerPlatform.Tests.dll" adapterTypeName="executor://xunit/VsTestRunner3/netcore/" className="Zahy.PartnerPlatform.Partners.PartnerAdminAppServiceTests" name="Should_List_Partners_With_Status_Filter" />
    </UnitTest>
    <UnitTest name="Zahy.PartnerPlatform.Partners.PartnerTypeScopePolicyTests.Should_Map_Conservative_Default_Scopes(type: Service, expected: [&quot;catalog:read&quot;, &quot;orders:read&quot;])" storage="c:\users\a-r7m\onedrive\سطح المكتب\partner portal-zahy\test\zahy.partnerplatform.tests\bin\debug\net10.0\zahy.partnerplatform.tests.dll" id="fe073cfb-eaa4-ec37-ef73-514c46debf28">
      <Execution id="d0411c18-8d7b-46bc-880c-1fd58185f301" />
      <TestMethod codeBase="C:\Users\a-r7m\OneDrive\سطح المكتب\partner portal-zahy\test\Zahy.PartnerPlatform.Tests\bin\Debug\net10.0\Zahy.PartnerPlatform.Tests.dll" adapterTypeName="executor://xunit/VsTestRunner3/netcore/" className="Zahy.PartnerPlatform.Partners.PartnerTypeScopePolicyTests" name="Should_Map_Conservative_Default_Scopes" />
    </UnitTest>
    <UnitTest name="Zahy.PartnerPlatform.Partners.SaudiIbanValidatorTests.Should_Accept_Empty_Iban(iban: &quot;&quot;)" storage="c:\users\a-r7m\onedrive\سطح المكتب\partner portal-zahy\test\zahy.partnerplatform.tests\bin\debug\net10.0\zahy.partnerplatform.tests.dll" id="d1350c28-ddec-5241-97e7-30c0695c0f09">
      <Execution id="13206eb6-d862-4668-8879-c0c6060cd638" />
      <TestMethod codeBase="C:\Users\a-r7m\OneDrive\سطح المكتب\partner portal-zahy\test\Zahy.PartnerPlatform.Tests\bin\Debug\net10.0\Zahy.PartnerPlatform.Tests.dll" adapterTypeName="executor://xunit/VsTestRunner3/netcore/" className="Zahy.PartnerPlatform.Partners.SaudiIbanValidatorTests" name="Should_Accept_Empty_Iban" />
    </UnitTest>
    <UnitTest name="Zahy.PartnerPlatform.Partners.PartnerAdminAuthorizationTests.Should_Deny_Partners_Manage_When_Permission_Checker_Denies" storage="c:\users\a-r7m\onedrive\سطح المكتب\partner portal-zahy\test\zahy.partnerplatform.tests\bin\debug\net10.0\zahy.partnerplatform.tests.dll" id="8f99c84b-7284-d0f7-79c3-3e4b273e190e">
      <Execution id="252a8761-6312-464e-9887-4b29f67e18c0" />
      <TestMethod codeBase="C:\Users\a-r7m\OneDrive\سطح المكتب\partner portal-zahy\test\Zahy.PartnerPlatform.Tests\bin\Debug\net10.0\Zahy.PartnerPlatform.Tests.dll" adapterTypeName="executor://xunit/VsTestRunner3/netcore/" className="Zahy.PartnerPlatform.Partners.PartnerAdminAuthorizationTests" name="Should_Deny_Partners_Manage_When_Permission_Checker_Denies" />
    </UnitTest>
    <UnitTest name="Zahy.PartnerPlatform.Partners.PartnerTeamIsolationTests.Should_Return_403_When_Partner_User_Accesses_Other_Partners_Team_Member" storage="c:\users\a-r7m\onedrive\سطح المكتب\partner portal-zahy\test\zahy.partnerplatform.tests\bin\debug\net10.0\zahy.partnerplatform.tests.dll" id="29f6381e-dd84-4d8b-0563-fa5625be3f93">
      <Execution id="caf5816f-9830-42e2-bef8-3002309e195a" />
      <TestMethod codeBase="C:\Users\a-r7m\OneDrive\سطح المكتب\partner portal-zahy\test\Zahy.PartnerPlatform.Tests\bin\Debug\net10.0\Zahy.PartnerPlatform.Tests.dll" adapterTypeName="executor://xunit/VsTestRunner3/netcore/" className="Zahy.PartnerPlatform.Partners.PartnerTeamIsolationTests" name="Should_Return_403_When_Partner_User_Accesses_Other_Partners_Team_Member" />
    </UnitTest>
    <UnitTest name="Zahy.PartnerPlatform.Partners.PartnerRegistrationTests.Should_Reject_Duplicate_Pending_Registration_For_Same_Email" storage="c:\users\a-r7m\onedrive\سطح المكتب\partner portal-zahy\test\zahy.partnerplatform.tests\bin\debug\net10.0\zahy.partnerplatform.tests.dll" id="8931bf0a-98d4-ad1f-5e07-034acbd21cc5">
      <Execution id="0fef71d2-d960-436c-aac7-a5016439851d" />
      <TestMethod codeBase="C:\Users\a-r7m\OneDrive\سطح المكتب\partner portal-zahy\test\Zahy.PartnerPlatform.Tests\bin\Debug\net10.0\Zahy.PartnerPlatform.Tests.dll" adapterTypeName="executor://xunit/VsTestRunner3/netcore/" className="Zahy.PartnerPlatform.Partners.PartnerRegistrationTests" name="Should_Reject_Duplicate_Pending_Registration_For_Same_Email" />
    </UnitTest>
    <UnitTest name="Zahy.PartnerPlatform.Partners.PartnerAccessGuardTests.Should_Deny_Cross_Partner_Access" storage="c:\users\a-r7m\onedrive\سطح المكتب\partner portal-zahy\test\zahy.partnerplatform.tests\bin\debug\net10.0\zahy.partnerplatform.tests.dll" id="83e0870e-25c5-0ecb-d309-ae2e279f3504">
      <Execution id="fab7f843-2768-46e8-856f-ea8c6f0fd9e8" />
      <TestMethod codeBase="C:\Users\a-r7m\OneDrive\سطح المكتب\partner portal-zahy\test\Zahy.PartnerPlatform.Tests\bin\Debug\net10.0\Zahy.PartnerPlatform.Tests.dll" adapterTypeName="executor://xunit/VsTestRunner3/netcore/" className="Zahy.PartnerPlatform.Partners.PartnerAccessGuardTests" name="Should_Deny_Cross_Partner_Access" />
    </UnitTest>
    <UnitTest name="Zahy.PartnerPlatform.Partners.PartnerRegistrationTests.Should_Create_Pending_Partner_With_Valid_BankInfo" storage="c:\users\a-r7m\onedrive\سطح المكتب\partner portal-zahy\test\zahy.partnerplatform.tests\bin\debug\net10.0\zahy.partnerplatform.tests.dll" id="0d060866-b2e5-93d4-7306-58715608146f">
      <Execution id="76b65f27-f8c3-47b3-89c3-6bc4b848a40b" />
      <TestMethod codeBase="C:\Users\a-r7m\OneDrive\سطح المكتب\partner portal-zahy\test\Zahy.PartnerPlatform.Tests\bin\Debug\net10.0\Zahy.PartnerPlatform.Tests.dll" adapterTypeName="executor://xunit/VsTestRunner3/netcore/" className="Zahy.PartnerPlatform.Partners.PartnerRegistrationTests" name="Should_Create_Pending_Partner_With_Valid_BankInfo" />
    </UnitTest>
    <UnitTest name="Zahy.PartnerPlatform.Partners.PartnerTeamIsolationTests.Should_List_Only_Current_Partners_Team_Members" storage="c:\users\a-r7m\onedrive\سطح المكتب\partner portal-zahy\test\zahy.partnerplatform.tests\bin\debug\net10.0\zahy.partnerplatform.tests.dll" id="379fd203-e113-1167-3ba6-b601de5d809a">
      <Execution id="ca69eb81-729b-4549-a3c5-fb75352dbc71" />
      <TestMethod codeBase="C:\Users\a-r7m\OneDrive\سطح المكتب\partner portal-zahy\test\Zahy.PartnerPlatform.Tests\bin\Debug\net10.0\Zahy.PartnerPlatform.Tests.dll" adapterTypeName="executor://xunit/VsTestRunner3/netcore/" className="Zahy.PartnerPlatform.Partners.PartnerTeamIsolationTests" name="Should_List_Only_Current_Partners_Team_Members" />
    </UnitTest>
    <UnitTest name="Zahy.PartnerPlatform.Partners.PartnerAdminAppServiceTests.Should_Approve_Pending_Partner_And_Return_One_Time_M2M_Secret" storage="c:\users\a-r7m\onedrive\سطح المكتب\partner portal-zahy\test\zahy.partnerplatform.tests\bin\debug\net10.0\zahy.partnerplatform.tests.dll" id="a1a6df4a-06a7-e1b9-86e3-d32ee2fd6326">
      <Execution id="76f2e2ed-a2db-4655-b864-ace7343b2732" />
      <TestMethod codeBase="C:\Users\a-r7m\OneDrive\سطح المكتب\partner portal-zahy\test\Zahy.PartnerPlatform.Tests\bin\Debug\net10.0\Zahy.PartnerPlatform.Tests.dll" adapterTypeName="executor://xunit/VsTestRunner3/netcore/" className="Zahy.PartnerPlatform.Partners.PartnerAdminAppServiceTests" name="Should_Approve_Pending_Partner_And_Return_One_Time_M2M_Secret" />
    </UnitTest>
    <UnitTest name="Zahy.PartnerPlatform.Partners.SaudiIbanValidatorTests.Should_Reject_Invalid_Iban(iban: &quot;AE0380000000608010167519&quot;)" storage="c:\users\a-r7m\onedrive\سطح المكتب\partner portal-zahy\test\zahy.partnerplatform.tests\bin\debug\net10.0\zahy.partnerplatform.tests.dll" id="a72d4fc5-6486-cc7c-f129-62c78e4eb297">
      <Execution id="12fe431f-5b27-437d-b29a-875fbeb4a913" />
      <TestMethod codeBase="C:\Users\a-r7m\OneDrive\سطح المكتب\partner portal-zahy\test\Zahy.PartnerPlatform.Tests\bin\Debug\net10.0\Zahy.PartnerPlatform.Tests.dll" adapterTypeName="executor://xunit/VsTestRunner3/netcore/" className="Zahy.PartnerPlatform.Partners.SaudiIbanValidatorTests" name="Should_Reject_Invalid_Iban" />
    </UnitTest>
    <UnitTest name="Zahy.PartnerPlatform.Partners.PartnerLifecyclePolicyTests.Should_Allow_Legal_Transitions(current: Suspended, action: Close, expected: Closed)" storage="c:\users\a-r7m\onedrive\سطح المكتب\partner portal-zahy\test\zahy.partnerplatform.tests\bin\debug\net10.0\zahy.partnerplatform.tests.dll" id="2e2a4698-f37f-b250-89d7-dd184bd41126">
      <Execution id="11216131-af50-4b36-b582-34caeec5ba45" />
      <TestMethod codeBase="C:\Users\a-r7m\OneDrive\سطح المكتب\partner portal-zahy\test\Zahy.PartnerPlatform.Tests\bin\Debug\net10.0\Zahy.PartnerPlatform.Tests.dll" adapterTypeName="executor://xunit/VsTestRunner3/netcore/" className="Zahy.PartnerPlatform.Partners.PartnerLifecyclePolicyTests" name="Should_Allow_Legal_Transitions" />
    </UnitTest>
    <UnitTest name="Zahy.PartnerPlatform.Partners.PartnerLifecyclePolicyTests.Should_Reject_Illegal_Transitions(current: Suspended, action: Reject)" storage="c:\users\a-r7m\onedrive\سطح المكتب\partner portal-zahy\test\zahy.partnerplatform.tests\bin\debug\net10.0\zahy.partnerplatform.tests.dll" id="9505fd2c-7434-db51-a794-c71432f432d6">
      <Execution id="528ac06f-3c9f-4e95-b2d7-08bde5c841ea" />
      <TestMethod codeBase="C:\Users\a-r7m\OneDrive\سطح المكتب\partner portal-zahy\test\Zahy.PartnerPlatform.Tests\bin\Debug\net10.0\Zahy.PartnerPlatform.Tests.dll" adapterTypeName="executor://xunit/VsTestRunner3/netcore/" className="Zahy.PartnerPlatform.Partners.PartnerLifecyclePolicyTests" name="Should_Reject_Illegal_Transitions" />
    </UnitTest>
  </TestDefinitions>
  <TestEntries>
    <TestEntry testId="f9842bb3-a8ff-9847-3576-bcbe36d8dc78" executionId="4c2014b5-97a3-4e8f-8232-36b8abe84cdc" testListId="8c84fa94-04c1-424b-9868-57a2d4851a1d" />
    <TestEntry testId="fb989685-ab75-6977-0783-a367f914710d" executionId="b1f7292f-1782-4596-a478-a7cc50eeac97" testListId="8c84fa94-04c1-424b-9868-57a2d4851a1d" />
    <TestEntry testId="427f091a-8061-5598-a976-cda5adaa6f83" executionId="6d5042fd-a422-41b7-bd36-a8cca894060c" testListId="8c84fa94-04c1-424b-9868-57a2d4851a1d" />
    <TestEntry testId="6e87eddc-14b9-ebdc-b5d4-4f043bc62dd9" executionId="dd3960dd-490f-49ec-9a9d-b0c33042abe8" testListId="8c84fa94-04c1-424b-9868-57a2d4851a1d" />
    <TestEntry testId="dcadfffb-f3e5-8ba8-0b54-92d3974bcddc" executionId="76c7799d-bf54-45a0-823e-ea2269ebbdf6" testListId="8c84fa94-04c1-424b-9868-57a2d4851a1d" />
    <TestEntry testId="02cff567-d0d8-c52a-bd0d-87341d1ca802" executionId="adf61567-36e8-4d01-ab00-d2b27ac28283" testListId="8c84fa94-04c1-424b-9868-57a2d4851a1d" />
    <TestEntry testId="198aa677-4be6-5117-e9ef-1c50a5577897" executionId="30f47e87-8925-45fe-8638-658e65fa6cd6" testListId="8c84fa94-04c1-424b-9868-57a2d4851a1d" />
    <TestEntry testId="ec36a51a-7600-d314-3703-13cac83f4f05" executionId="07555b91-ac80-4242-9477-993efc1fe1b3" testListId="8c84fa94-04c1-424b-9868-57a2d4851a1d" />
    <TestEntry testId="8f99c84b-7284-d0f7-79c3-3e4b273e190e" executionId="252a8761-6312-464e-9887-4b29f67e18c0" testListId="8c84fa94-04c1-424b-9868-57a2d4851a1d" />
    <TestEntry testId="8931bf0a-98d4-ad1f-5e07-034acbd21cc5" executionId="0fef71d2-d960-436c-aac7-a5016439851d" testListId="8c84fa94-04c1-424b-9868-57a2d4851a1d" />
    <TestEntry testId="84c45de6-f4b0-9d6e-a55e-06881e22d397" executionId="28cfd2a6-45a1-4639-b3f8-63681bbfe79b" testListId="8c84fa94-04c1-424b-9868-57a2d4851a1d" />
    <TestEntry testId="33fb0995-b7c9-3839-0867-0c874d49b775" executionId="bb90cb9a-3d49-493c-99d7-9256c714b4b1" testListId="8c84fa94-04c1-424b-9868-57a2d4851a1d" />
    <TestEntry testId="bfe9b793-b923-bfa5-d805-8b77b23462de" executionId="0d705f5d-ad41-4747-8aca-dbcd377ed2ee" testListId="8c84fa94-04c1-424b-9868-57a2d4851a1d" />
    <TestEntry testId="fe073cfb-eaa4-ec37-ef73-514c46debf28" executionId="d0411c18-8d7b-46bc-880c-1fd58185f301" testListId="8c84fa94-04c1-424b-9868-57a2d4851a1d" />
    <TestEntry testId="e72e5dc7-91f2-bd3b-fd7c-9ecaf40afc72" executionId="9bccd271-6595-4254-abda-ecbbf1c54c08" testListId="8c84fa94-04c1-424b-9868-57a2d4851a1d" />
    <TestEntry testId="2e2a4698-f37f-b250-89d7-dd184bd41126" executionId="11216131-af50-4b36-b582-34caeec5ba45" testListId="8c84fa94-04c1-424b-9868-57a2d4851a1d" />
    <TestEntry testId="06a759e2-c1f8-6cf2-dffc-8445841a122f" executionId="75381fee-ff22-4664-90e7-82222aae76a8" testListId="8c84fa94-04c1-424b-9868-57a2d4851a1d" />
    <TestEntry testId="9505fd2c-7434-db51-a794-c71432f432d6" executionId="528ac06f-3c9f-4e95-b2d7-08bde5c841ea" testListId="8c84fa94-04c1-424b-9868-57a2d4851a1d" />
    <TestEntry testId="37e140a2-e43c-d5e6-37c3-003d161ebd8e" executionId="d1b9ecec-f583-4e28-9311-e19909aa07b2" testListId="8c84fa94-04c1-424b-9868-57a2d4851a1d" />
    <TestEntry testId="b77a3451-fa70-d1f6-e3f4-5ceff0e32ed3" executionId="92bc86bc-311b-4c55-a048-0f33f8ef9589" testListId="8c84fa94-04c1-424b-9868-57a2d4851a1d" />
    <TestEntry testId="4ee03570-7c0d-fd51-f311-400d64e5e291" executionId="d01775a3-7044-42c6-bc97-8a796284fa65" testListId="8c84fa94-04c1-424b-9868-57a2d4851a1d" />
    <TestEntry testId="87c6e7b4-2648-45b6-38f7-2437680e444d" executionId="09117aaf-7fc7-4ade-80e1-fa7d7ee06a5b" testListId="8c84fa94-04c1-424b-9868-57a2d4851a1d" />
    <TestEntry testId="3d256447-cc6e-7eab-7088-502dfbf774d0" executionId="9fdbdcf7-51d4-44a5-88a6-fcecbca992aa" testListId="8c84fa94-04c1-424b-9868-57a2d4851a1d" />
    <TestEntry testId="c5b4d13b-cade-186e-8643-6c2d24bbe4b2" executionId="63f16114-f7d1-44c2-b157-4bfa3afe74ee" testListId="8c84fa94-04c1-424b-9868-57a2d4851a1d" />
    <TestEntry testId="a0751852-3d11-be1f-0d5b-7123dfedf26a" executionId="69a29ada-c776-44e0-bcee-470cd9d192b7" testListId="8c84fa94-04c1-424b-9868-57a2d4851a1d" />
    <TestEntry testId="29f6381e-dd84-4d8b-0563-fa5625be3f93" executionId="caf5816f-9830-42e2-bef8-3002309e195a" testListId="8c84fa94-04c1-424b-9868-57a2d4851a1d" />
    <TestEntry testId="14071497-2b40-f139-a326-17c22dbe84a9" executionId="3ded9da6-c7ae-48b7-ac27-84ed714ae9a9" testListId="8c84fa94-04c1-424b-9868-57a2d4851a1d" />
    <TestEntry testId="5129fcc5-671e-3170-42a0-fc5d0e1c47d2" executionId="43ecf955-e6cf-465c-9719-06a1691be5a3" testListId="8c84fa94-04c1-424b-9868-57a2d4851a1d" />
    <TestEntry testId="d4337679-ab91-c517-e898-bebf7d5751c8" executionId="58f30316-3461-4f5d-a63d-47ccf8c20846" testListId="8c84fa94-04c1-424b-9868-57a2d4851a1d" />
    <TestEntry testId="5f1355d1-ee46-d9b1-2fd3-a3d16637b234" executionId="6b4b0662-b228-45b2-8ac8-8dbec5cd02e9" testListId="8c84fa94-04c1-424b-9868-57a2d4851a1d" />
    <TestEntry testId="3505e729-425e-ce96-bfca-36fffbcbf0d0" executionId="39f033bb-fa70-4f91-8a42-76818d4d9c7a" testListId="8c84fa94-04c1-424b-9868-57a2d4851a1d" />
    <TestEntry testId="c84a10a2-cb4b-dfb1-8fdd-85ae440c5181" executionId="9bcabe21-7159-44c2-b408-3c82f0a260fc" testListId="8c84fa94-04c1-424b-9868-57a2d4851a1d" />
    <TestEntry testId="379fd203-e113-1167-3ba6-b601de5d809a" executionId="ca69eb81-729b-4549-a3c5-fb75352dbc71" testListId="8c84fa94-04c1-424b-9868-57a2d4851a1d" />
    <TestEntry testId="c1a742fe-e42f-f51f-617f-41b9b0aebc07" executionId="fff8fb36-5c85-41fc-a46c-597a9ee1f8a1" testListId="8c84fa94-04c1-424b-9868-57a2d4851a1d" />
    <TestEntry testId="83e0870e-25c5-0ecb-d309-ae2e279f3504" executionId="fab7f843-2768-46e8-856f-ea8c6f0fd9e8" testListId="8c84fa94-04c1-424b-9868-57a2d4851a1d" />
    <TestEntry testId="7b3620bb-32a6-c6b1-a099-acae48405901" executionId="1f0bc934-3223-41df-802d-d37e9b6b2da5" testListId="8c84fa94-04c1-424b-9868-57a2d4851a1d" />
    <TestEntry testId="b172a768-5a7c-4c4e-fcf3-18f25b90b6d9" executionId="63d4f4a3-12f4-4b8d-b3aa-4aa4953c4164" testListId="8c84fa94-04c1-424b-9868-57a2d4851a1d" />
    <TestEntry testId="a1a6df4a-06a7-e1b9-86e3-d32ee2fd6326" executionId="76f2e2ed-a2db-4655-b864-ace7343b2732" testListId="8c84fa94-04c1-424b-9868-57a2d4851a1d" />
    <TestEntry testId="2accc7d7-3e12-c329-13fb-a2994cacfd13" executionId="41a07b00-70b5-4229-ad34-e50d66e72878" testListId="8c84fa94-04c1-424b-9868-57a2d4851a1d" />
    <TestEntry testId="a72d4fc5-6486-cc7c-f129-62c78e4eb297" executionId="12fe431f-5b27-437d-b29a-875fbeb4a913" testListId="8c84fa94-04c1-424b-9868-57a2d4851a1d" />
    <TestEntry testId="069a1a85-c5a5-3fc9-293f-f4b59f0eafd2" executionId="f1bbc7b5-4397-4567-b166-3cf642028542" testListId="8c84fa94-04c1-424b-9868-57a2d4851a1d" />
    <TestEntry testId="68c83e53-e50a-0985-51c7-3f67423f3e23" executionId="fa58882e-a40f-4d93-9ce2-9cc88e9e8d7e" testListId="8c84fa94-04c1-424b-9868-57a2d4851a1d" />
    <TestEntry testId="4421e330-d133-4f0b-98c6-87dd9cd16a86" executionId="16931176-b054-4273-9528-ce0f71e26d12" testListId="8c84fa94-04c1-424b-9868-57a2d4851a1d" />
    <TestEntry testId="7ccde510-8d58-078f-ea54-f0c3b9a3c142" executionId="9c07db84-d29b-426f-bc54-087b9a32ff15" testListId="8c84fa94-04c1-424b-9868-57a2d4851a1d" />
    <TestEntry testId="1661ad2f-4fcb-a2b5-4f43-14ab3fe52409" executionId="c9440371-3626-4462-a05f-9fe74313bc33" testListId="8c84fa94-04c1-424b-9868-57a2d4851a1d" />
    <TestEntry testId="9d0735a1-568a-3fd0-e9bf-870dc917b66d" executionId="baca4ede-5c03-4839-a4dc-f7be7932a244" testListId="8c84fa94-04c1-424b-9868-57a2d4851a1d" />
    <TestEntry testId="e5d573fe-2d97-f68e-60e5-4e0487fbb5b2" executionId="9f6ab40c-78a6-4824-941b-50e8e0642de9" testListId="8c84fa94-04c1-424b-9868-57a2d4851a1d" />
    <TestEntry testId="a5f9708d-4339-0fa6-349a-451ba423f38a" executionId="32aa227c-709a-4b51-99c2-b54d2a32d7c7" testListId="8c84fa94-04c1-424b-9868-57a2d4851a1d" />
    <TestEntry testId="d1350c28-ddec-5241-97e7-30c0695c0f09" executionId="13206eb6-d862-4668-8879-c0c6060cd638" testListId="8c84fa94-04c1-424b-9868-57a2d4851a1d" />
    <TestEntry testId="0d060866-b2e5-93d4-7306-58715608146f" executionId="76b65f27-f8c3-47b3-89c3-6bc4b848a40b" testListId="8c84fa94-04c1-424b-9868-57a2d4851a1d" />
  </TestEntries>
  <TestLists>
    <TestList name="Results Not in a List" id="8c84fa94-04c1-424b-9868-57a2d4851a1d" />
    <TestList name="All Loaded Results" id="19431567-8539-422a-85d7-44ee4e166bda" />
  </TestLists>
  <ResultSummary outcome="Completed">
    <Counters total="50" executed="50" passed="50" failed="0" error="0" timeout="0" aborted="0" inconclusive="0" passedButRunAborted="0" notRunnable="0" notExecuted="0" disconnected="0" warning="0" completed="0" inProgress="0" pending="0" />
    <Output>
      <StdOut>[xUnit.net 00:00:00.19] xUnit.net VSTest Adapter v3.0.2+dd36e86129 (64-bit .NET 10.0.8)&#xD;
[xUnit.net 00:00:01.24]   Discovering: Zahy.PartnerPlatform.Tests&#xD;
[xUnit.net 00:00:01.66]   Discovered:  Zahy.PartnerPlatform.Tests&#xD;
[xUnit.net 00:00:02.95]   Starting:    Zahy.PartnerPlatform.Tests&#xD;
[xUnit.net 00:00:18.17]   Finished:    Zahy.PartnerPlatform.Tests&#xD;
</StdOut>
    </Output>
  </ResultSummary>
</TestRun>