<?xml version="1.0" encoding="utf-8"?>
<TestRun id="fc8b0a5e-b780-47e0-8de2-9e7fd093f3ff" name="a-r7m@BOUDY 2026-06-19 18:18:27" runUser="BOUDY\a-r7m" xmlns="http://microsoft.com/schemas/VisualStudio/TeamTest/2010">
  <Times creation="2026-06-19T18:18:27.6531026+03:00" queuing="2026-06-19T18:18:27.6531033+03:00" start="2026-06-19T18:18:20.3825430+03:00" finish="2026-06-19T18:18:37.2032410+03:00" />
  <TestSettings name="default" id="f9454fcc-99ce-42fc-bf89-9bba45990ece">
    <Deployment runDeploymentRoot="a-r7m_BOUDY_2026-06-19_18_18_27" />
  </TestSettings>
  <Results>
    <UnitTestResult executionId="74102249-a8a3-45ee-a156-76febe9d4dee" testId="5eeb4d2e-b88a-e810-f14c-d01a1234ad27" testName="Zahy.Connectors.MockThreePLConnectorTests.Should_Update_ThreePL_Order_Status" computerName="BOUDY" duration="00:00:00.3743470" startTime="2026-06-19T18:18:28.0147942+03:00" endTime="2026-06-19T18:18:28.3794614+03:00" testType="13cdc9d9-ddb5-4fa4-a97d-d965ccfc6d4b" outcome="Passed" testListId="8c84fa94-04c1-424b-9868-57a2d4851a1d" relativeResultsDirectory="74102249-a8a3-45ee-a156-76febe9d4dee" />
    <UnitTestResult executionId="7f86ca36-6129-4f3b-a516-eefecce411be" testId="bb4278bf-5c3f-6f0f-35da-7db84e9cf5fc" testName="Zahy.Connectors.ConnectorRegistryTests.Should_Resolve_Correct_Connector_By_Partner_Type(partnerType: Aggregator, expectedCode: &quot;mock-aggregator&quot;, expectedKind: Aggregator)" computerName="BOUDY" duration="00:00:00.2160126" startTime="2026-06-19T18:18:28.2915969+03:00" endTime="2026-06-19T18:18:28.4848658+03:00" testType="13cdc9d9-ddb5-4fa4-a97d-d965ccfc6d4b" outcome="Passed" testListId="8c84fa94-04c1-424b-9868-57a2d4851a1d" relativeResultsDirectory="7f86ca36-6129-4f3b-a516-eefecce411be" />
    <UnitTestResult executionId="d6aa4585-45d3-472f-b868-b62605a6e355" testId="9412a585-819b-eca0-c7ea-5711ee181d7d" testName="Zahy.Connectors.ConnectorRegistryTests.Should_Resolve_Correct_Connector_By_Partner_Type(partnerType: ThreePL, expectedCode: &quot;mock-3pl&quot;, expectedKind: ThreePL)" computerName="BOUDY" duration="00:00:00.3546424" startTime="2026-06-19T18:18:27.9139485+03:00" endTime="2026-06-19T18:18:28.2877558+03:00" testType="13cdc9d9-ddb5-4fa4-a97d-d965ccfc6d4b" outcome="Passed" testListId="8c84fa94-04c1-424b-9868-57a2d4851a1d" relativeResultsDirectory="d6aa4585-45d3-472f-b868-b62605a6e355" />
    <UnitTestResult executionId="f5428485-f9d6-4944-bf41-3644a4ba4038" testId="28fce70e-d651-75c7-5c80-a8720564fdd6" testName="Zahy.Connectors.MockAggregatorConnectorTests.Should_Reject_Pending_Aggregator_Order" computerName="BOUDY" duration="00:00:02.4022444" startTime="2026-06-19T18:18:25.2835096+03:00" endTime="2026-06-19T18:18:27.5540452+03:00" testType="13cdc9d9-ddb5-4fa4-a97d-d965ccfc6d4b" outcome="Passed" testListId="8c84fa94-04c1-424b-9868-57a2d4851a1d" relativeResultsDirectory="f5428485-f9d6-4944-bf41-3644a4ba4038" />
    <UnitTestResult executionId="7b789c91-8ec3-4d33-8563-782e151b644d" testId="43cef295-e2df-12d8-3829-bfbd45c1a569" testName="Zahy.Connectors.MockAggregatorConnectorTests.Should_Accept_Pending_Aggregator_Order" computerName="BOUDY" duration="00:00:00.1970102" startTime="2026-06-19T18:18:27.6190964+03:00" endTime="2026-06-19T18:18:27.7470754+03:00" testType="13cdc9d9-ddb5-4fa4-a97d-d965ccfc6d4b" outcome="Passed" testListId="8c84fa94-04c1-424b-9868-57a2d4851a1d" relativeResultsDirectory="7b789c91-8ec3-4d33-8563-782e151b644d" />
    <UnitTestResult executionId="cda9cb9e-7f97-4b8e-864f-33870b68c526" testId="7f57e39e-5bdd-bbb1-24ea-456e87dd0b60" testName="Zahy.Connectors.CanonicalOrderMapperTests.Should_Round_Trip_Canonical_Order_Through_Ledger_Snapshot" computerName="BOUDY" duration="00:00:00.5041890" startTime="2026-06-19T18:18:27.8647297+03:00" endTime="2026-06-19T18:18:28.3684260+03:00" testType="13cdc9d9-ddb5-4fa4-a97d-d965ccfc6d4b" outcome="Passed" testListId="8c84fa94-04c1-424b-9868-57a2d4851a1d" relativeResultsDirectory="cda9cb9e-7f97-4b8e-864f-33870b68c526" />
    <UnitTestResult executionId="4dc25888-ff79-436e-8757-19d5ea812223" testId="80916a7e-13ce-0121-799d-2396a164ace3" testName="Zahy.Connectors.MockThreePLConnectorTests.Should_Push_Fulfillment_Order_To_ThreePL_Transport" computerName="BOUDY" duration="00:00:02.7067666" startTime="2026-06-19T18:18:25.2035837+03:00" endTime="2026-06-19T18:18:27.5541220+03:00" testType="13cdc9d9-ddb5-4fa4-a97d-d965ccfc6d4b" outcome="Passed" testListId="8c84fa94-04c1-424b-9868-57a2d4851a1d" relativeResultsDirectory="4dc25888-ff79-436e-8757-19d5ea812223" />
    <UnitTestResult executionId="1aec3c6b-5786-4c25-aa3d-ba2e5dafa60a" testId="66b77291-a3b0-d435-73f5-17684d1d0127" testName="Zahy.Connectors.ConnectorRegistryTests.Should_Resolve_Carrier_Connector_With_Rate_And_Label_Operations" computerName="BOUDY" duration="00:00:00.3634289" startTime="2026-06-19T18:18:27.6193216+03:00" endTime="2026-06-19T18:18:27.9135481+03:00" testType="13cdc9d9-ddb5-4fa4-a97d-d965ccfc6d4b" outcome="Passed" testListId="8c84fa94-04c1-424b-9868-57a2d4851a1d" relativeResultsDirectory="1aec3c6b-5786-4c25-aa3d-ba2e5dafa60a" />
    <UnitTestResult executionId="396e5007-ed9c-49b4-8be9-4416fca9d3c6" testId="24a6ca9e-d3a8-782f-d9e2-ebfff5fbee92" testName="Zahy.Connectors.ConnectorOrderWebhookNoRefireTests.Duplicate_Aggregator_Receive_Does_Not_Create_Duplicate_Ledger_Or_Outbox_Entry" computerName="BOUDY" duration="00:00:11.6579523" startTime="2026-06-19T18:18:25.2837751+03:00" endTime="2026-06-19T18:18:36.8713187+03:00" testType="13cdc9d9-ddb5-4fa4-a97d-d965ccfc6d4b" outcome="Passed" testListId="8c84fa94-04c1-424b-9868-57a2d4851a1d" relativeResultsDirectory="396e5007-ed9c-49b4-8be9-4416fca9d3c6" />
    <UnitTestResult executionId="e4d222c7-6327-4dbc-a960-7148e0623a45" testId="44da20bd-d197-070e-5ce8-7f113e4d8229" testName="Zahy.Connectors.ConnectorOrderStatusIngestionTests.Should_Append_ThreePL_Status_Update_As_New_SourceVersion_Not_Duplicate_Order" computerName="BOUDY" duration="00:00:00.4765332" startTime="2026-06-19T18:18:36.4311439+03:00" endTime="2026-06-19T18:18:36.9053073+03:00" testType="13cdc9d9-ddb5-4fa4-a97d-d965ccfc6d4b" outcome="Passed" testListId="8c84fa94-04c1-424b-9868-57a2d4851a1d" relativeResultsDirectory="e4d222c7-6327-4dbc-a960-7148e0623a45" />
    <UnitTestResult executionId="e0139301-57f5-4999-b2c6-0f56a26bdc3c" testId="5671f7c6-b9ff-5c26-e7c7-7da60a6faa09" testName="Zahy.Connectors.ConnectorOrderIngestionTests.Duplicate_Aggregator_Receive_Does_Not_Create_Duplicate_Ledger_Entry" computerName="BOUDY" duration="00:00:11.3867732" startTime="2026-06-19T18:18:25.2040446+03:00" endTime="2026-06-19T18:18:36.4295149+03:00" testType="13cdc9d9-ddb5-4fa4-a97d-d965ccfc6d4b" outcome="Passed" testListId="8c84fa94-04c1-424b-9868-57a2d4851a1d" relativeResultsDirectory="e0139301-57f5-4999-b2c6-0f56a26bdc3c" />
    <UnitTestResult executionId="be8f2cfc-6fb8-4f76-869f-d932d8de7745" testId="f334d8a3-a0b7-d298-03d1-782129a28424" testName="Zahy.Connectors.MockCarrierConnectorTests.Should_Get_Carrier_Shipment_Rate" computerName="BOUDY" duration="00:00:00.4271603" startTime="2026-06-19T18:18:27.9277724+03:00" endTime="2026-06-19T18:18:28.3540544+03:00" testType="13cdc9d9-ddb5-4fa4-a97d-d965ccfc6d4b" outcome="Passed" testListId="8c84fa94-04c1-424b-9868-57a2d4851a1d" relativeResultsDirectory="be8f2cfc-6fb8-4f76-869f-d932d8de7745" />
    <UnitTestResult executionId="276d0125-f64e-48ec-817c-219e1b1fbb0a" testId="6eeb1135-c803-9372-99a6-9bc08320df58" testName="Zahy.Connectors.CanonicalOrderMapperTests.Should_Map_InTransit_With_Unpaid_Payment_To_Non_Paid_Ledger_Record" computerName="BOUDY" duration="00:00:02.2574481" startTime="2026-06-19T18:18:25.2839714+03:00" endTime="2026-06-19T18:18:27.5538809+03:00" testType="13cdc9d9-ddb5-4fa4-a97d-d965ccfc6d4b" outcome="Passed" testListId="8c84fa94-04c1-424b-9868-57a2d4851a1d" relativeResultsDirectory="276d0125-f64e-48ec-817c-219e1b1fbb0a" />
    <UnitTestResult executionId="d44a0c6c-69ff-439d-bdf5-f43e3f2df91e" testId="3fcd6612-20c8-ea28-906a-0050743eeb14" testName="Zahy.Connectors.MockThreePLConnectorTests.Should_Reconcile_ThreePL_Inventory" computerName="BOUDY" duration="00:00:00.2682122" startTime="2026-06-19T18:18:28.3798505+03:00" endTime="2026-06-19T18:18:28.6480262+03:00" testType="13cdc9d9-ddb5-4fa4-a97d-d965ccfc6d4b" outcome="Passed" testListId="8c84fa94-04c1-424b-9868-57a2d4851a1d" relativeResultsDirectory="d44a0c6c-69ff-439d-bdf5-f43e3f2df91e" />
    <UnitTestResult executionId="9e91fad1-173f-4ab5-9c26-c3dc5ff7f63a" testId="9e6fda0c-668e-9cde-66ef-e0b711c4d7d4" testName="Zahy.Connectors.MockThreePLConnectorTests.Should_Handle_ThreePL_Return" computerName="BOUDY" duration="00:00:00.1868354" startTime="2026-06-19T18:18:28.6483871+03:00" endTime="2026-06-19T18:18:28.8352638+03:00" testType="13cdc9d9-ddb5-4fa4-a97d-d965ccfc6d4b" outcome="Passed" testListId="8c84fa94-04c1-424b-9868-57a2d4851a1d" relativeResultsDirectory="9e91fad1-173f-4ab5-9c26-c3dc5ff7f63a" />
    <UnitTestResult executionId="eecd2bf1-3102-40ff-be4b-7670c1537392" testId="c95a0f66-47f4-7dae-1530-71ecefa86147" testName="Zahy.Connectors.ConnectorOrderIngestionTests.Should_Ingest_Aggregator_Order_Into_Ledger" computerName="BOUDY" duration="00:00:00.3853105" startTime="2026-06-19T18:18:36.4306415+03:00" endTime="2026-06-19T18:18:36.8113369+03:00" testType="13cdc9d9-ddb5-4fa4-a97d-d965ccfc6d4b" outcome="Passed" testListId="8c84fa94-04c1-424b-9868-57a2d4851a1d" relativeResultsDirectory="eecd2bf1-3102-40ff-be4b-7670c1537392" />
    <UnitTestResult executionId="f0b47ed1-d381-43b1-8999-1722acf05623" testId="bf0b1f88-bccd-4ebb-f8b1-a93838115590" testName="Zahy.Connectors.MockAggregatorConnectorTests.Should_Map_Inbound_Transport_Order_To_Canonical_Order" computerName="BOUDY" duration="00:00:00.2878291" startTime="2026-06-19T18:18:28.0628734+03:00" endTime="2026-06-19T18:18:28.3505860+03:00" testType="13cdc9d9-ddb5-4fa4-a97d-d965ccfc6d4b" outcome="Passed" testListId="8c84fa94-04c1-424b-9868-57a2d4851a1d" relativeResultsDirectory="f0b47ed1-d381-43b1-8999-1722acf05623" />
    <UnitTestResult executionId="8665f48f-9a59-49b8-9330-820664b0162e" testId="daac12ce-3ad8-90f8-d46b-b9f7a6ed9eb2" testName="Zahy.Connectors.ConnectorRegistryTests.Should_List_All_Registered_Connector_Descriptors" computerName="BOUDY" duration="00:00:00.2080471" startTime="2026-06-19T18:18:28.7246172+03:00" endTime="2026-06-19T18:18:28.9299144+03:00" testType="13cdc9d9-ddb5-4fa4-a97d-d965ccfc6d4b" outcome="Passed" testListId="8c84fa94-04c1-424b-9868-57a2d4851a1d" relativeResultsDirectory="8665f48f-9a59-49b8-9330-820664b0162e" />
    <UnitTestResult executionId="4a9602b4-d6f4-4a9f-8096-3fbcf4fca1a0" testId="5a35a524-bf3b-d8f3-d23f-13fc4980f307" testName="Zahy.Connectors.CanonicalOrderMapperTests.Should_Map_Delivered_Status_To_Fulfilled_Ledger_Status" computerName="BOUDY" duration="00:00:00.3135878" startTime="2026-06-19T18:18:27.6192153+03:00" endTime="2026-06-19T18:18:27.8638284+03:00" testType="13cdc9d9-ddb5-4fa4-a97d-d965ccfc6d4b" outcome="Passed" testListId="8c84fa94-04c1-424b-9868-57a2d4851a1d" relativeResultsDirectory="4a9602b4-d6f4-4a9f-8096-3fbcf4fca1a0" />
    <UnitTestResult executionId="b1f93855-2aee-45fc-aba3-2ecb08b1de5f" testId="8c6f56bf-bb2c-f2b5-65da-fe63ff809506" testName="Zahy.Connectors.ConnectorOrderStatusIngestionTests.Should_Append_Carrier_Status_Update_As_New_SourceVersion_Not_Duplicate_Order" computerName="BOUDY" duration="00:00:11.6055182" startTime="2026-06-19T18:18:25.1986801+03:00" endTime="2026-06-19T18:18:36.4308191+03:00" testType="13cdc9d9-ddb5-4fa4-a97d-d965ccfc6d4b" outcome="Passed" testListId="8c84fa94-04c1-424b-9868-57a2d4851a1d" relativeResultsDirectory="b1f93855-2aee-45fc-aba3-2ecb08b1de5f" />
    <UnitTestResult executionId="988e9b14-1878-48fd-8803-7b61c18aa4e3" testId="f2bf3454-dbb4-613f-6fa1-641908f240a8" testName="Zahy.Connectors.ConnectorRegistryTests.Should_Resolve_Connector_By_Explicit_Code" computerName="BOUDY" duration="00:00:02.1949902" startTime="2026-06-19T18:18:25.3455798+03:00" endTime="2026-06-19T18:18:27.5479109+03:00" testType="13cdc9d9-ddb5-4fa4-a97d-d965ccfc6d4b" outcome="Passed" testListId="8c84fa94-04c1-424b-9868-57a2d4851a1d" relativeResultsDirectory="988e9b14-1878-48fd-8803-7b61c18aa4e3" />
    <UnitTestResult executionId="c9bf0d86-fccc-40f5-8bdd-67aa6e40e6e8" testId="cb3a69a7-d708-87b9-37ef-4e98e5401b90" testName="Zahy.Connectors.MockCarrierConnectorTests.Should_Create_Shipment_And_Label_Via_Carrier_Connector" computerName="BOUDY" duration="00:00:02.1862507" startTime="2026-06-19T18:18:25.3562357+03:00" endTime="2026-06-19T18:18:27.5540880+03:00" testType="13cdc9d9-ddb5-4fa4-a97d-d965ccfc6d4b" outcome="Passed" testListId="8c84fa94-04c1-424b-9868-57a2d4851a1d" relativeResultsDirectory="c9bf0d86-fccc-40f5-8bdd-67aa6e40e6e8" />
    <UnitTestResult executionId="c32bb406-c58f-479a-a7a2-ec19582d0551" testId="d6cd0d00-531f-541d-45c7-114fb1e13196" testName="Zahy.Connectors.MockCarrierConnectorTests.Should_Get_Carrier_Tracking" computerName="BOUDY" duration="00:00:00.3760630" startTime="2026-06-19T18:18:27.6193609+03:00" endTime="2026-06-19T18:18:27.9273681+03:00" testType="13cdc9d9-ddb5-4fa4-a97d-d965ccfc6d4b" outcome="Passed" testListId="8c84fa94-04c1-424b-9868-57a2d4851a1d" relativeResultsDirectory="c32bb406-c58f-479a-a7a2-ec19582d0551" />
    <UnitTestResult executionId="f88b7b1d-95f9-4443-b744-382245bf5d58" testId="e666c9b9-0da4-6079-3128-1638ea86b421" testName="Zahy.Connectors.MockThreePLConnectorTests.Should_Get_ThreePL_Tracking" computerName="BOUDY" duration="00:00:00.4545788" startTime="2026-06-19T18:18:27.6191656+03:00" endTime="2026-06-19T18:18:28.0047257+03:00" testType="13cdc9d9-ddb5-4fa4-a97d-d965ccfc6d4b" outcome="Passed" testListId="8c84fa94-04c1-424b-9868-57a2d4851a1d" relativeResultsDirectory="f88b7b1d-95f9-4443-b744-382245bf5d58" />
    <UnitTestResult executionId="6cf0307b-bd1d-4c79-b99a-902faa5f806e" testId="df422165-aa4a-a508-8c00-1d6571ceecab" testName="Zahy.Connectors.MockAggregatorConnectorTests.Should_Return_Expired_When_Accepting_Past_Accept_Deadline" computerName="BOUDY" duration="00:00:00.2220595" startTime="2026-06-19T18:18:28.3510109+03:00" endTime="2026-06-19T18:18:28.6037727+03:00" testType="13cdc9d9-ddb5-4fa4-a97d-d965ccfc6d4b" outcome="Passed" testListId="8c84fa94-04c1-424b-9868-57a2d4851a1d" relativeResultsDirectory="6cf0307b-bd1d-4c79-b99a-902faa5f806e" />
    <UnitTestResult executionId="549d23ae-3d5f-4860-b66d-b5f317350393" testId="a2c13512-ebb4-62fd-8b8a-b723a06ec4cb" testName="Zahy.Connectors.MockAggregatorConnectorTests.Should_Sync_Menu_From_Fake_Transport" computerName="BOUDY" duration="00:00:00.3150022" startTime="2026-06-19T18:18:27.7474650+03:00" endTime="2026-06-19T18:18:28.0624191+03:00" testType="13cdc9d9-ddb5-4fa4-a97d-d965ccfc6d4b" outcome="Passed" testListId="8c84fa94-04c1-424b-9868-57a2d4851a1d" relativeResultsDirectory="549d23ae-3d5f-4860-b66d-b5f317350393" />
    <UnitTestResult executionId="86c4fbb7-efe9-4ad2-8af6-47e344c09a4a" testId="b373d35a-c417-4276-5719-c9a0cd9c7b05" testName="Zahy.Connectors.ConnectorRegistryTests.Should_Resolve_Correct_Connector_By_Partner_Type(partnerType: Carrier, expectedCode: &quot;mock-carrier&quot;, expectedKind: Carrier)" computerName="BOUDY" duration="00:00:00.2363567" startTime="2026-06-19T18:18:28.4866825+03:00" endTime="2026-06-19T18:18:28.7242621+03:00" testType="13cdc9d9-ddb5-4fa4-a97d-d965ccfc6d4b" outcome="Passed" testListId="8c84fa94-04c1-424b-9868-57a2d4851a1d" relativeResultsDirectory="86c4fbb7-efe9-4ad2-8af6-47e344c09a4a" />
  </Results>
  <TestDefinitions>
    <UnitTest name="Zahy.Connectors.ConnectorOrderWebhookNoRefireTests.Duplicate_Aggregator_Receive_Does_Not_Create_Duplicate_Ledger_Or_Outbox_Entry" storage="c:\users\a-r7m\onedrive\سطح المكتب\partner portal-zahy\test\zahy.connectors.tests\bin\debug\net10.0\zahy.connectors.tests.dll" id="24a6ca9e-d3a8-782f-d9e2-ebfff5fbee92">
      <Execution id="396e5007-ed9c-49b4-8be9-4416fca9d3c6" />
      <TestMethod codeBase="C:\Users\a-r7m\OneDrive\سطح المكتب\partner portal-zahy\test\Zahy.Connectors.Tests\bin\Debug\net10.0\Zahy.Connectors.Tests.dll" adapterTypeName="executor://xunit/VsTestRunner3/netcore/" className="Zahy.Connectors.ConnectorOrderWebhookNoRefireTests" name="Duplicate_Aggregator_Receive_Does_Not_Create_Duplicate_Ledger_Or_Outbox_Entry" />
    </UnitTest>
    <UnitTest name="Zahy.Connectors.MockAggregatorConnectorTests.Should_Sync_Menu_From_Fake_Transport" storage="c:\users\a-r7m\onedrive\سطح المكتب\partner portal-zahy\test\zahy.connectors.tests\bin\debug\net10.0\zahy.connectors.tests.dll" id="a2c13512-ebb4-62fd-8b8a-b723a06ec4cb">
      <Execution id="549d23ae-3d5f-4860-b66d-b5f317350393" />
      <TestMethod codeBase="C:\Users\a-r7m\OneDrive\سطح المكتب\partner portal-zahy\test\Zahy.Connectors.Tests\bin\Debug\net10.0\Zahy.Connectors.Tests.dll" adapterTypeName="executor://xunit/VsTestRunner3/netcore/" className="Zahy.Connectors.MockAggregatorConnectorTests" name="Should_Sync_Menu_From_Fake_Transport" />
    </UnitTest>
    <UnitTest name="Zahy.Connectors.CanonicalOrderMapperTests.Should_Map_Delivered_Status_To_Fulfilled_Ledger_Status" storage="c:\users\a-r7m\onedrive\سطح المكتب\partner portal-zahy\test\zahy.connectors.tests\bin\debug\net10.0\zahy.connectors.tests.dll" id="5a35a524-bf3b-d8f3-d23f-13fc4980f307">
      <Execution id="4a9602b4-d6f4-4a9f-8096-3fbcf4fca1a0" />
      <TestMethod codeBase="C:\Users\a-r7m\OneDrive\سطح المكتب\partner portal-zahy\test\Zahy.Connectors.Tests\bin\Debug\net10.0\Zahy.Connectors.Tests.dll" adapterTypeName="executor://xunit/VsTestRunner3/netcore/" className="Zahy.Connectors.CanonicalOrderMapperTests" name="Should_Map_Delivered_Status_To_Fulfilled_Ledger_Status" />
    </UnitTest>
    <UnitTest name="Zahy.Connectors.MockThreePLConnectorTests.Should_Handle_ThreePL_Return" storage="c:\users\a-r7m\onedrive\سطح المكتب\partner portal-zahy\test\zahy.connectors.tests\bin\debug\net10.0\zahy.connectors.tests.dll" id="9e6fda0c-668e-9cde-66ef-e0b711c4d7d4">
      <Execution id="9e91fad1-173f-4ab5-9c26-c3dc5ff7f63a" />
      <TestMethod codeBase="C:\Users\a-r7m\OneDrive\سطح المكتب\partner portal-zahy\test\Zahy.Connectors.Tests\bin\Debug\net10.0\Zahy.Connectors.Tests.dll" adapterTypeName="executor://xunit/VsTestRunner3/netcore/" className="Zahy.Connectors.MockThreePLConnectorTests" name="Should_Handle_ThreePL_Return" />
    </UnitTest>
    <UnitTest name="Zahy.Connectors.ConnectorRegistryTests.Should_Resolve_Correct_Connector_By_Partner_Type(partnerType: Carrier, expectedCode: &quot;mock-carrier&quot;, expectedKind: Carrier)" storage="c:\users\a-r7m\onedrive\سطح المكتب\partner portal-zahy\test\zahy.connectors.tests\bin\debug\net10.0\zahy.connectors.tests.dll" id="b373d35a-c417-4276-5719-c9a0cd9c7b05">
      <Execution id="86c4fbb7-efe9-4ad2-8af6-47e344c09a4a" />
      <TestMethod codeBase="C:\Users\a-r7m\OneDrive\سطح المكتب\partner portal-zahy\test\Zahy.Connectors.Tests\bin\Debug\net10.0\Zahy.Connectors.Tests.dll" adapterTypeName="executor://xunit/VsTestRunner3/netcore/" className="Zahy.Connectors.ConnectorRegistryTests" name="Should_Resolve_Correct_Connector_By_Partner_Type" />
    </UnitTest>
    <UnitTest name="Zahy.Connectors.MockAggregatorConnectorTests.Should_Return_Expired_When_Accepting_Past_Accept_Deadline" storage="c:\users\a-r7m\onedrive\سطح المكتب\partner portal-zahy\test\zahy.connectors.tests\bin\debug\net10.0\zahy.connectors.tests.dll" id="df422165-aa4a-a508-8c00-1d6571ceecab">
      <Execution id="6cf0307b-bd1d-4c79-b99a-902faa5f806e" />
      <TestMethod codeBase="C:\Users\a-r7m\OneDrive\سطح المكتب\partner portal-zahy\test\Zahy.Connectors.Tests\bin\Debug\net10.0\Zahy.Connectors.Tests.dll" adapterTypeName="executor://xunit/VsTestRunner3/netcore/" className="Zahy.Connectors.MockAggregatorConnectorTests" name="Should_Return_Expired_When_Accepting_Past_Accept_Deadline" />
    </UnitTest>
    <UnitTest name="Zahy.Connectors.MockAggregatorConnectorTests.Should_Accept_Pending_Aggregator_Order" storage="c:\users\a-r7m\onedrive\سطح المكتب\partner portal-zahy\test\zahy.connectors.tests\bin\debug\net10.0\zahy.connectors.tests.dll" id="43cef295-e2df-12d8-3829-bfbd45c1a569">
      <Execution id="7b789c91-8ec3-4d33-8563-782e151b644d" />
      <TestMethod codeBase="C:\Users\a-r7m\OneDrive\سطح المكتب\partner portal-zahy\test\Zahy.Connectors.Tests\bin\Debug\net10.0\Zahy.Connectors.Tests.dll" adapterTypeName="executor://xunit/VsTestRunner3/netcore/" className="Zahy.Connectors.MockAggregatorConnectorTests" name="Should_Accept_Pending_Aggregator_Order" />
    </UnitTest>
    <UnitTest name="Zahy.Connectors.ConnectorOrderStatusIngestionTests.Should_Append_ThreePL_Status_Update_As_New_SourceVersion_Not_Duplicate_Order" storage="c:\users\a-r7m\onedrive\سطح المكتب\partner portal-zahy\test\zahy.connectors.tests\bin\debug\net10.0\zahy.connectors.tests.dll" id="44da20bd-d197-070e-5ce8-7f113e4d8229">
      <Execution id="e4d222c7-6327-4dbc-a960-7148e0623a45" />
      <TestMethod codeBase="C:\Users\a-r7m\OneDrive\سطح المكتب\partner portal-zahy\test\Zahy.Connectors.Tests\bin\Debug\net10.0\Zahy.Connectors.Tests.dll" adapterTypeName="executor://xunit/VsTestRunner3/netcore/" className="Zahy.Connectors.ConnectorOrderStatusIngestionTests" name="Should_Append_ThreePL_Status_Update_As_New_SourceVersion_Not_Duplicate_Order" />
    </UnitTest>
    <UnitTest name="Zahy.Connectors.MockCarrierConnectorTests.Should_Create_Shipment_And_Label_Via_Carrier_Connector" storage="c:\users\a-r7m\onedrive\سطح المكتب\partner portal-zahy\test\zahy.connectors.tests\bin\debug\net10.0\zahy.connectors.tests.dll" id="cb3a69a7-d708-87b9-37ef-4e98e5401b90">
      <Execution id="c9bf0d86-fccc-40f5-8bdd-67aa6e40e6e8" />
      <TestMethod codeBase="C:\Users\a-r7m\OneDrive\سطح المكتب\partner portal-zahy\test\Zahy.Connectors.Tests\bin\Debug\net10.0\Zahy.Connectors.Tests.dll" adapterTypeName="executor://xunit/VsTestRunner3/netcore/" className="Zahy.Connectors.MockCarrierConnectorTests" name="Should_Create_Shipment_And_Label_Via_Carrier_Connector" />
    </UnitTest>
    <UnitTest name="Zahy.Connectors.ConnectorRegistryTests.Should_Resolve_Connector_By_Explicit_Code" storage="c:\users\a-r7m\onedrive\سطح المكتب\partner portal-zahy\test\zahy.connectors.tests\bin\debug\net10.0\zahy.connectors.tests.dll" id="f2bf3454-dbb4-613f-6fa1-641908f240a8">
      <Execution id="988e9b14-1878-48fd-8803-7b61c18aa4e3" />
      <TestMethod codeBase="C:\Users\a-r7m\OneDrive\سطح المكتب\partner portal-zahy\test\Zahy.Connectors.Tests\bin\Debug\net10.0\Zahy.Connectors.Tests.dll" adapterTypeName="executor://xunit/VsTestRunner3/netcore/" className="Zahy.Connectors.ConnectorRegistryTests" name="Should_Resolve_Connector_By_Explicit_Code" />
    </UnitTest>
    <UnitTest name="Zahy.Connectors.CanonicalOrderMapperTests.Should_Map_InTransit_With_Unpaid_Payment_To_Non_Paid_Ledger_Record" storage="c:\users\a-r7m\onedrive\سطح المكتب\partner portal-zahy\test\zahy.connectors.tests\bin\debug\net10.0\zahy.connectors.tests.dll" id="6eeb1135-c803-9372-99a6-9bc08320df58">
      <Execution id="276d0125-f64e-48ec-817c-219e1b1fbb0a" />
      <TestMethod codeBase="C:\Users\a-r7m\OneDrive\سطح المكتب\partner portal-zahy\test\Zahy.Connectors.Tests\bin\Debug\net10.0\Zahy.Connectors.Tests.dll" adapterTypeName="executor://xunit/VsTestRunner3/netcore/" className="Zahy.Connectors.CanonicalOrderMapperTests" name="Should_Map_InTransit_With_Unpaid_Payment_To_Non_Paid_Ledger_Record" />
    </UnitTest>
    <UnitTest name="Zahy.Connectors.MockCarrierConnectorTests.Should_Get_Carrier_Tracking" storage="c:\users\a-r7m\onedrive\سطح المكتب\partner portal-zahy\test\zahy.connectors.tests\bin\debug\net10.0\zahy.connectors.tests.dll" id="d6cd0d00-531f-541d-45c7-114fb1e13196">
      <Execution id="c32bb406-c58f-479a-a7a2-ec19582d0551" />
      <TestMethod codeBase="C:\Users\a-r7m\OneDrive\سطح المكتب\partner portal-zahy\test\Zahy.Connectors.Tests\bin\Debug\net10.0\Zahy.Connectors.Tests.dll" adapterTypeName="executor://xunit/VsTestRunner3/netcore/" className="Zahy.Connectors.MockCarrierConnectorTests" name="Should_Get_Carrier_Tracking" />
    </UnitTest>
    <UnitTest name="Zahy.Connectors.ConnectorRegistryTests.Should_Resolve_Carrier_Connector_With_Rate_And_Label_Operations" storage="c:\users\a-r7m\onedrive\سطح المكتب\partner portal-zahy\test\zahy.connectors.tests\bin\debug\net10.0\zahy.connectors.tests.dll" id="66b77291-a3b0-d435-73f5-17684d1d0127">
      <Execution id="1aec3c6b-5786-4c25-aa3d-ba2e5dafa60a" />
      <TestMethod codeBase="C:\Users\a-r7m\OneDrive\سطح المكتب\partner portal-zahy\test\Zahy.Connectors.Tests\bin\Debug\net10.0\Zahy.Connectors.Tests.dll" adapterTypeName="executor://xunit/VsTestRunner3/netcore/" className="Zahy.Connectors.ConnectorRegistryTests" name="Should_Resolve_Carrier_Connector_With_Rate_And_Label_Operations" />
    </UnitTest>
    <UnitTest name="Zahy.Connectors.ConnectorRegistryTests.Should_List_All_Registered_Connector_Descriptors" storage="c:\users\a-r7m\onedrive\سطح المكتب\partner portal-zahy\test\zahy.connectors.tests\bin\debug\net10.0\zahy.connectors.tests.dll" id="daac12ce-3ad8-90f8-d46b-b9f7a6ed9eb2">
      <Execution id="8665f48f-9a59-49b8-9330-820664b0162e" />
      <TestMethod codeBase="C:\Users\a-r7m\OneDrive\سطح المكتب\partner portal-zahy\test\Zahy.Connectors.Tests\bin\Debug\net10.0\Zahy.Connectors.Tests.dll" adapterTypeName="executor://xunit/VsTestRunner3/netcore/" className="Zahy.Connectors.ConnectorRegistryTests" name="Should_List_All_Registered_Connector_Descriptors" />
    </UnitTest>
    <UnitTest name="Zahy.Connectors.MockThreePLConnectorTests.Should_Update_ThreePL_Order_Status" storage="c:\users\a-r7m\onedrive\سطح المكتب\partner portal-zahy\test\zahy.connectors.tests\bin\debug\net10.0\zahy.connectors.tests.dll" id="5eeb4d2e-b88a-e810-f14c-d01a1234ad27">
      <Execution id="74102249-a8a3-45ee-a156-76febe9d4dee" />
      <TestMethod codeBase="C:\Users\a-r7m\OneDrive\سطح المكتب\partner portal-zahy\test\Zahy.Connectors.Tests\bin\Debug\net10.0\Zahy.Connectors.Tests.dll" adapterTypeName="executor://xunit/VsTestRunner3/netcore/" className="Zahy.Connectors.MockThreePLConnectorTests" name="Should_Update_ThreePL_Order_Status" />
    </UnitTest>
    <UnitTest name="Zahy.Connectors.ConnectorRegistryTests.Should_Resolve_Correct_Connector_By_Partner_Type(partnerType: Aggregator, expectedCode: &quot;mock-aggregator&quot;, expectedKind: Aggregator)" storage="c:\users\a-r7m\onedrive\سطح المكتب\partner portal-zahy\test\zahy.connectors.tests\bin\debug\net10.0\zahy.connectors.tests.dll" id="bb4278bf-5c3f-6f0f-35da-7db84e9cf5fc">
      <Execution id="7f86ca36-6129-4f3b-a516-eefecce411be" />
      <TestMethod codeBase="C:\Users\a-r7m\OneDrive\سطح المكتب\partner portal-zahy\test\Zahy.Connectors.Tests\bin\Debug\net10.0\Zahy.Connectors.Tests.dll" adapterTypeName="executor://xunit/VsTestRunner3/netcore/" className="Zahy.Connectors.ConnectorRegistryTests" name="Should_Resolve_Correct_Connector_By_Partner_Type" />
    </UnitTest>
    <UnitTest name="Zahy.Connectors.MockThreePLConnectorTests.Should_Get_ThreePL_Tracking" storage="c:\users\a-r7m\onedrive\سطح المكتب\partner portal-zahy\test\zahy.connectors.tests\bin\debug\net10.0\zahy.connectors.tests.dll" id="e666c9b9-0da4-6079-3128-1638ea86b421">
      <Execution id="f88b7b1d-95f9-4443-b744-382245bf5d58" />
      <TestMethod codeBase="C:\Users\a-r7m\OneDrive\سطح المكتب\partner portal-zahy\test\Zahy.Connectors.Tests\bin\Debug\net10.0\Zahy.Connectors.Tests.dll" adapterTypeName="executor://xunit/VsTestRunner3/netcore/" className="Zahy.Connectors.MockThreePLConnectorTests" name="Should_Get_ThreePL_Tracking" />
    </UnitTest>
    <UnitTest name="Zahy.Connectors.MockThreePLConnectorTests.Should_Push_Fulfillment_Order_To_ThreePL_Transport" storage="c:\users\a-r7m\onedrive\سطح المكتب\partner portal-zahy\test\zahy.connectors.tests\bin\debug\net10.0\zahy.connectors.tests.dll" id="80916a7e-13ce-0121-799d-2396a164ace3">
      <Execution id="4dc25888-ff79-436e-8757-19d5ea812223" />
      <TestMethod codeBase="C:\Users\a-r7m\OneDrive\سطح المكتب\partner portal-zahy\test\Zahy.Connectors.Tests\bin\Debug\net10.0\Zahy.Connectors.Tests.dll" adapterTypeName="executor://xunit/VsTestRunner3/netcore/" className="Zahy.Connectors.MockThreePLConnectorTests" name="Should_Push_Fulfillment_Order_To_ThreePL_Transport" />
    </UnitTest>
    <UnitTest name="Zahy.Connectors.ConnectorOrderStatusIngestionTests.Should_Append_Carrier_Status_Update_As_New_SourceVersion_Not_Duplicate_Order" storage="c:\users\a-r7m\onedrive\سطح المكتب\partner portal-zahy\test\zahy.connectors.tests\bin\debug\net10.0\zahy.connectors.tests.dll" id="8c6f56bf-bb2c-f2b5-65da-fe63ff809506">
      <Execution id="b1f93855-2aee-45fc-aba3-2ecb08b1de5f" />
      <TestMethod codeBase="C:\Users\a-r7m\OneDrive\سطح المكتب\partner portal-zahy\test\Zahy.Connectors.Tests\bin\Debug\net10.0\Zahy.Connectors.Tests.dll" adapterTypeName="executor://xunit/VsTestRunner3/netcore/" className="Zahy.Connectors.ConnectorOrderStatusIngestionTests" name="Should_Append_Carrier_Status_Update_As_New_SourceVersion_Not_Duplicate_Order" />
    </UnitTest>
    <UnitTest name="Zahy.Connectors.ConnectorOrderIngestionTests.Should_Ingest_Aggregator_Order_Into_Ledger" storage="c:\users\a-r7m\onedrive\سطح المكتب\partner portal-zahy\test\zahy.connectors.tests\bin\debug\net10.0\zahy.connectors.tests.dll" id="c95a0f66-47f4-7dae-1530-71ecefa86147">
      <Execution id="eecd2bf1-3102-40ff-be4b-7670c1537392" />
      <TestMethod codeBase="C:\Users\a-r7m\OneDrive\سطح المكتب\partner portal-zahy\test\Zahy.Connectors.Tests\bin\Debug\net10.0\Zahy.Connectors.Tests.dll" adapterTypeName="executor://xunit/VsTestRunner3/netcore/" className="Zahy.Connectors.ConnectorOrderIngestionTests" name="Should_Ingest_Aggregator_Order_Into_Ledger" />
    </UnitTest>
    <UnitTest name="Zahy.Connectors.ConnectorOrderIngestionTests.Duplicate_Aggregator_Receive_Does_Not_Create_Duplicate_Ledger_Entry" storage="c:\users\a-r7m\onedrive\سطح المكتب\partner portal-zahy\test\zahy.connectors.tests\bin\debug\net10.0\zahy.connectors.tests.dll" id="5671f7c6-b9ff-5c26-e7c7-7da60a6faa09">
      <Execution id="e0139301-57f5-4999-b2c6-0f56a26bdc3c" />
      <TestMethod codeBase="C:\Users\a-r7m\OneDrive\سطح المكتب\partner portal-zahy\test\Zahy.Connectors.Tests\bin\Debug\net10.0\Zahy.Connectors.Tests.dll" adapterTypeName="executor://xunit/VsTestRunner3/netcore/" className="Zahy.Connectors.ConnectorOrderIngestionTests" name="Duplicate_Aggregator_Receive_Does_Not_Create_Duplicate_Ledger_Entry" />
    </UnitTest>
    <UnitTest name="Zahy.Connectors.MockThreePLConnectorTests.Should_Reconcile_ThreePL_Inventory" storage="c:\users\a-r7m\onedrive\سطح المكتب\partner portal-zahy\test\zahy.connectors.tests\bin\debug\net10.0\zahy.connectors.tests.dll" id="3fcd6612-20c8-ea28-906a-0050743eeb14">
      <Execution id="d44a0c6c-69ff-439d-bdf5-f43e3f2df91e" />
      <TestMethod codeBase="C:\Users\a-r7m\OneDrive\سطح المكتب\partner portal-zahy\test\Zahy.Connectors.Tests\bin\Debug\net10.0\Zahy.Connectors.Tests.dll" adapterTypeName="executor://xunit/VsTestRunner3/netcore/" className="Zahy.Connectors.MockThreePLConnectorTests" name="Should_Reconcile_ThreePL_Inventory" />
    </UnitTest>
    <UnitTest name="Zahy.Connectors.ConnectorRegistryTests.Should_Resolve_Correct_Connector_By_Partner_Type(partnerType: ThreePL, expectedCode: &quot;mock-3pl&quot;, expectedKind: ThreePL)" storage="c:\users\a-r7m\onedrive\سطح المكتب\partner portal-zahy\test\zahy.connectors.tests\bin\debug\net10.0\zahy.connectors.tests.dll" id="9412a585-819b-eca0-c7ea-5711ee181d7d">
      <Execution id="d6aa4585-45d3-472f-b868-b62605a6e355" />
      <TestMethod codeBase="C:\Users\a-r7m\OneDrive\سطح المكتب\partner portal-zahy\test\Zahy.Connectors.Tests\bin\Debug\net10.0\Zahy.Connectors.Tests.dll" adapterTypeName="executor://xunit/VsTestRunner3/netcore/" className="Zahy.Connectors.ConnectorRegistryTests" name="Should_Resolve_Correct_Connector_By_Partner_Type" />
    </UnitTest>
    <UnitTest name="Zahy.Connectors.MockAggregatorConnectorTests.Should_Map_Inbound_Transport_Order_To_Canonical_Order" storage="c:\users\a-r7m\onedrive\سطح المكتب\partner portal-zahy\test\zahy.connectors.tests\bin\debug\net10.0\zahy.connectors.tests.dll" id="bf0b1f88-bccd-4ebb-f8b1-a93838115590">
      <Execution id="f0b47ed1-d381-43b1-8999-1722acf05623" />
      <TestMethod codeBase="C:\Users\a-r7m\OneDrive\سطح المكتب\partner portal-zahy\test\Zahy.Connectors.Tests\bin\Debug\net10.0\Zahy.Connectors.Tests.dll" adapterTypeName="executor://xunit/VsTestRunner3/netcore/" className="Zahy.Connectors.MockAggregatorConnectorTests" name="Should_Map_Inbound_Transport_Order_To_Canonical_Order" />
    </UnitTest>
    <UnitTest name="Zahy.Connectors.CanonicalOrderMapperTests.Should_Round_Trip_Canonical_Order_Through_Ledger_Snapshot" storage="c:\users\a-r7m\onedrive\سطح المكتب\partner portal-zahy\test\zahy.connectors.tests\bin\debug\net10.0\zahy.connectors.tests.dll" id="7f57e39e-5bdd-bbb1-24ea-456e87dd0b60">
      <Execution id="cda9cb9e-7f97-4b8e-864f-33870b68c526" />
      <TestMethod codeBase="C:\Users\a-r7m\OneDrive\سطح المكتب\partner portal-zahy\test\Zahy.Connectors.Tests\bin\Debug\net10.0\Zahy.Connectors.Tests.dll" adapterTypeName="executor://xunit/VsTestRunner3/netcore/" className="Zahy.Connectors.CanonicalOrderMapperTests" name="Should_Round_Trip_Canonical_Order_Through_Ledger_Snapshot" />
    </UnitTest>
    <UnitTest name="Zahy.Connectors.MockAggregatorConnectorTests.Should_Reject_Pending_Aggregator_Order" storage="c:\users\a-r7m\onedrive\سطح المكتب\partner portal-zahy\test\zahy.connectors.tests\bin\debug\net10.0\zahy.connectors.tests.dll" id="28fce70e-d651-75c7-5c80-a8720564fdd6">
      <Execution id="f5428485-f9d6-4944-bf41-3644a4ba4038" />
      <TestMethod codeBase="C:\Users\a-r7m\OneDrive\سطح المكتب\partner portal-zahy\test\Zahy.Connectors.Tests\bin\Debug\net10.0\Zahy.Connectors.Tests.dll" adapterTypeName="executor://xunit/VsTestRunner3/netcore/" className="Zahy.Connectors.MockAggregatorConnectorTests" name="Should_Reject_Pending_Aggregator_Order" />
    </UnitTest>
    <UnitTest name="Zahy.Connectors.MockCarrierConnectorTests.Should_Get_Carrier_Shipment_Rate" storage="c:\users\a-r7m\onedrive\سطح المكتب\partner portal-zahy\test\zahy.connectors.tests\bin\debug\net10.0\zahy.connectors.tests.dll" id="f334d8a3-a0b7-d298-03d1-782129a28424">
      <Execution id="be8f2cfc-6fb8-4f76-869f-d932d8de7745" />
      <TestMethod codeBase="C:\Users\a-r7m\OneDrive\سطح المكتب\partner portal-zahy\test\Zahy.Connectors.Tests\bin\Debug\net10.0\Zahy.Connectors.Tests.dll" adapterTypeName="executor://xunit/VsTestRunner3/netcore/" className="Zahy.Connectors.MockCarrierConnectorTests" name="Should_Get_Carrier_Shipment_Rate" />
    </UnitTest>
  </TestDefinitions>
  <TestEntries>
    <TestEntry testId="5eeb4d2e-b88a-e810-f14c-d01a1234ad27" executionId="74102249-a8a3-45ee-a156-76febe9d4dee" testListId="8c84fa94-04c1-424b-9868-57a2d4851a1d" />
    <TestEntry testId="bb4278bf-5c3f-6f0f-35da-7db84e9cf5fc" executionId="7f86ca36-6129-4f3b-a516-eefecce411be" testListId="8c84fa94-04c1-424b-9868-57a2d4851a1d" />
    <TestEntry testId="9412a585-819b-eca0-c7ea-5711ee181d7d" executionId="d6aa4585-45d3-472f-b868-b62605a6e355" testListId="8c84fa94-04c1-424b-9868-57a2d4851a1d" />
    <TestEntry testId="28fce70e-d651-75c7-5c80-a8720564fdd6" executionId="f5428485-f9d6-4944-bf41-3644a4ba4038" testListId="8c84fa94-04c1-424b-9868-57a2d4851a1d" />
    <TestEntry testId="43cef295-e2df-12d8-3829-bfbd45c1a569" executionId="7b789c91-8ec3-4d33-8563-782e151b644d" testListId="8c84fa94-04c1-424b-9868-57a2d4851a1d" />
    <TestEntry testId="7f57e39e-5bdd-bbb1-24ea-456e87dd0b60" executionId="cda9cb9e-7f97-4b8e-864f-33870b68c526" testListId="8c84fa94-04c1-424b-9868-57a2d4851a1d" />
    <TestEntry testId="80916a7e-13ce-0121-799d-2396a164ace3" executionId="4dc25888-ff79-436e-8757-19d5ea812223" testListId="8c84fa94-04c1-424b-9868-57a2d4851a1d" />
    <TestEntry testId="66b77291-a3b0-d435-73f5-17684d1d0127" executionId="1aec3c6b-5786-4c25-aa3d-ba2e5dafa60a" testListId="8c84fa94-04c1-424b-9868-57a2d4851a1d" />
    <TestEntry testId="24a6ca9e-d3a8-782f-d9e2-ebfff5fbee92" executionId="396e5007-ed9c-49b4-8be9-4416fca9d3c6" testListId="8c84fa94-04c1-424b-9868-57a2d4851a1d" />
    <TestEntry testId="44da20bd-d197-070e-5ce8-7f113e4d8229" executionId="e4d222c7-6327-4dbc-a960-7148e0623a45" testListId="8c84fa94-04c1-424b-9868-57a2d4851a1d" />
    <TestEntry testId="5671f7c6-b9ff-5c26-e7c7-7da60a6faa09" executionId="e0139301-57f5-4999-b2c6-0f56a26bdc3c" testListId="8c84fa94-04c1-424b-9868-57a2d4851a1d" />
    <TestEntry testId="f334d8a3-a0b7-d298-03d1-782129a28424" executionId="be8f2cfc-6fb8-4f76-869f-d932d8de7745" testListId="8c84fa94-04c1-424b-9868-57a2d4851a1d" />
    <TestEntry testId="6eeb1135-c803-9372-99a6-9bc08320df58" executionId="276d0125-f64e-48ec-817c-219e1b1fbb0a" testListId="8c84fa94-04c1-424b-9868-57a2d4851a1d" />
    <TestEntry testId="3fcd6612-20c8-ea28-906a-0050743eeb14" executionId="d44a0c6c-69ff-439d-bdf5-f43e3f2df91e" testListId="8c84fa94-04c1-424b-9868-57a2d4851a1d" />
    <TestEntry testId="9e6fda0c-668e-9cde-66ef-e0b711c4d7d4" executionId="9e91fad1-173f-4ab5-9c26-c3dc5ff7f63a" testListId="8c84fa94-04c1-424b-9868-57a2d4851a1d" />
    <TestEntry testId="c95a0f66-47f4-7dae-1530-71ecefa86147" executionId="eecd2bf1-3102-40ff-be4b-7670c1537392" testListId="8c84fa94-04c1-424b-9868-57a2d4851a1d" />
    <TestEntry testId="bf0b1f88-bccd-4ebb-f8b1-a93838115590" executionId="f0b47ed1-d381-43b1-8999-1722acf05623" testListId="8c84fa94-04c1-424b-9868-57a2d4851a1d" />
    <TestEntry testId="daac12ce-3ad8-90f8-d46b-b9f7a6ed9eb2" executionId="8665f48f-9a59-49b8-9330-820664b0162e" testListId="8c84fa94-04c1-424b-9868-57a2d4851a1d" />
    <TestEntry testId="5a35a524-bf3b-d8f3-d23f-13fc4980f307" executionId="4a9602b4-d6f4-4a9f-8096-3fbcf4fca1a0" testListId="8c84fa94-04c1-424b-9868-57a2d4851a1d" />
    <TestEntry testId="8c6f56bf-bb2c-f2b5-65da-fe63ff809506" executionId="b1f93855-2aee-45fc-aba3-2ecb08b1de5f" testListId="8c84fa94-04c1-424b-9868-57a2d4851a1d" />
    <TestEntry testId="f2bf3454-dbb4-613f-6fa1-641908f240a8" executionId="988e9b14-1878-48fd-8803-7b61c18aa4e3" testListId="8c84fa94-04c1-424b-9868-57a2d4851a1d" />
    <TestEntry testId="cb3a69a7-d708-87b9-37ef-4e98e5401b90" executionId="c9bf0d86-fccc-40f5-8bdd-67aa6e40e6e8" testListId="8c84fa94-04c1-424b-9868-57a2d4851a1d" />
    <TestEntry testId="d6cd0d00-531f-541d-45c7-114fb1e13196" executionId="c32bb406-c58f-479a-a7a2-ec19582d0551" testListId="8c84fa94-04c1-424b-9868-57a2d4851a1d" />
    <TestEntry testId="e666c9b9-0da4-6079-3128-1638ea86b421" executionId="f88b7b1d-95f9-4443-b744-382245bf5d58" testListId="8c84fa94-04c1-424b-9868-57a2d4851a1d" />
    <TestEntry testId="df422165-aa4a-a508-8c00-1d6571ceecab" executionId="6cf0307b-bd1d-4c79-b99a-902faa5f806e" testListId="8c84fa94-04c1-424b-9868-57a2d4851a1d" />
    <TestEntry testId="a2c13512-ebb4-62fd-8b8a-b723a06ec4cb" executionId="549d23ae-3d5f-4860-b66d-b5f317350393" testListId="8c84fa94-04c1-424b-9868-57a2d4851a1d" />
    <TestEntry testId="b373d35a-c417-4276-5719-c9a0cd9c7b05" executionId="86c4fbb7-efe9-4ad2-8af6-47e344c09a4a" testListId="8c84fa94-04c1-424b-9868-57a2d4851a1d" />
  </TestEntries>
  <TestLists>
    <TestList name="Results Not in a List" id="8c84fa94-04c1-424b-9868-57a2d4851a1d" />
    <TestList name="All Loaded Results" id="19431567-8539-422a-85d7-44ee4e166bda" />
  </TestLists>
  <ResultSummary outcome="Completed">
    <Counters total="27" executed="27" passed="27" failed="0" error="0" timeout="0" aborted="0" inconclusive="0" passedButRunAborted="0" notRunnable="0" notExecuted="0" disconnected="0" warning="0" completed="0" inProgress="0" pending="0" />
    <Output>
      <StdOut>[xUnit.net 00:00:00.01] xUnit.net VSTest Adapter v3.0.2+dd36e86129 (64-bit .NET 10.0.8)&#xD;
[xUnit.net 00:00:00.93]   Discovering: Zahy.Connectors.Tests&#xD;
[xUnit.net 00:00:01.16]   Discovered:  Zahy.Connectors.Tests&#xD;
[xUnit.net 00:00:01.95]   Starting:    Zahy.Connectors.Tests&#xD;
[xUnit.net 00:00:13.93]   Finished:    Zahy.Connectors.Tests&#xD;
</StdOut>
    </Output>
  </ResultSummary>
</TestRun>