<?xml version="1.0" encoding="utf-8"?>
<TestRun id="b19fa013-06e4-4a0e-9f65-095b42055ca6" name="a-r7m@BOUDY 2026-06-19 18:18:36" runUser="BOUDY\a-r7m" xmlns="http://microsoft.com/schemas/VisualStudio/TeamTest/2010">
  <Times creation="2026-06-19T18:18:36.0904050+03:00" queuing="2026-06-19T18:18:36.0904055+03:00" start="2026-06-19T18:18:20.4893358+03:00" finish="2026-06-19T18:18:48.8433742+03:00" />
  <TestSettings name="default" id="05f0fbe1-be09-42b3-805a-b91388968fed">
    <Deployment runDeploymentRoot="a-r7m_BOUDY_2026-06-19_18_18_36" />
  </TestSettings>
  <Results>
    <UnitTestResult executionId="8f69b60b-55d8-44e8-9af0-47a5212841d1" testId="b9c3536a-d6af-b905-c923-a16c4bedc475" testName="Zahy.Finance.FinanceInvoiceStep5Tests.Automatic_Does_Not_Duplicate_Invoice" computerName="BOUDY" duration="00:00:00.2785483" startTime="2026-06-19T18:18:42.3532485+03:00" endTime="2026-06-19T18:18:42.6318776+03:00" testType="13cdc9d9-ddb5-4fa4-a97d-d965ccfc6d4b" outcome="Passed" testListId="8c84fa94-04c1-424b-9868-57a2d4851a1d" relativeResultsDirectory="8f69b60b-55d8-44e8-9af0-47a5212841d1" />
    <UnitTestResult executionId="b8839d59-1cc9-42b1-b3db-fbdf95d40627" testId="e239e34d-e730-2771-2860-4cbb4f426463" testName="Zahy.Finance.FinanceInvoiceStep5Tests.Illegal_Status_Transition_Rejected_And_Audited" computerName="BOUDY" duration="00:00:00.3123363" startTime="2026-06-19T18:18:42.0404694+03:00" endTime="2026-06-19T18:18:42.3529890+03:00" testType="13cdc9d9-ddb5-4fa4-a97d-d965ccfc6d4b" outcome="Passed" testListId="8c84fa94-04c1-424b-9868-57a2d4851a1d" relativeResultsDirectory="b8839d59-1cc9-42b1-b3db-fbdf95d40627" />
    <UnitTestResult executionId="fcb316ea-ce56-4f35-859e-c455c4e86769" testId="5b1c8f04-8bb2-ac00-8b3c-56d63699828f" testName="Zahy.Finance.FinancePortalStep6Tests.Partner_Can_Download_Only_Own_Excel_Export" computerName="BOUDY" duration="00:00:03.1765237" startTime="2026-06-19T18:18:41.9769023+03:00" endTime="2026-06-19T18:18:45.1540755+03:00" testType="13cdc9d9-ddb5-4fa4-a97d-d965ccfc6d4b" outcome="Passed" testListId="8c84fa94-04c1-424b-9868-57a2d4851a1d" relativeResultsDirectory="fcb316ea-ce56-4f35-859e-c455c4e86769" />
    <UnitTestResult executionId="b4e3367d-0862-4d42-a780-a0625dffc1fd" testId="1be5c0d6-676c-8d38-f6b1-3710ff5dcc54" testName="Zahy.Finance.FinancePortalStep6Tests.Portal_Account_Views_Are_Read_Only" computerName="BOUDY" duration="00:00:00.1818090" startTime="2026-06-19T18:18:45.1544748+03:00" endTime="2026-06-19T18:18:45.3354063+03:00" testType="13cdc9d9-ddb5-4fa4-a97d-d965ccfc6d4b" outcome="Passed" testListId="8c84fa94-04c1-424b-9868-57a2d4851a1d" relativeResultsDirectory="b4e3367d-0862-4d42-a780-a0625dffc1fd" />
    <UnitTestResult executionId="236594ad-3673-46ba-b758-60a4c25c426f" testId="6cc7f2f5-8765-48c4-eabf-42c9d48b6752" testName="Zahy.Finance.FinanceKycStep3Tests.Documents_Use_Verified_Kyc_Not_Raw_Submission" computerName="BOUDY" duration="00:00:00.6245675" startTime="2026-06-19T18:18:37.4077437+03:00" endTime="2026-06-19T18:18:38.0290936+03:00" testType="13cdc9d9-ddb5-4fa4-a97d-d965ccfc6d4b" outcome="Passed" testListId="8c84fa94-04c1-424b-9868-57a2d4851a1d" relativeResultsDirectory="236594ad-3673-46ba-b758-60a4c25c426f" />
    <UnitTestResult executionId="336de644-b0d8-4b1c-b9a6-c8769891b6cf" testId="e3002a10-820f-e01a-be51-dd5d5f7a5028" testName="Zahy.Finance.FinanceInvoiceStep5Tests.Manual_Generates_On_Demand" computerName="BOUDY" duration="00:00:00.6189824" startTime="2026-06-19T18:18:40.4370394+03:00" endTime="2026-06-19T18:18:41.0559931+03:00" testType="13cdc9d9-ddb5-4fa4-a97d-d965ccfc6d4b" outcome="Passed" testListId="8c84fa94-04c1-424b-9868-57a2d4851a1d" relativeResultsDirectory="336de644-b0d8-4b1c-b9a6-c8769891b6cf" />
    <UnitTestResult executionId="c98bb103-674b-45c7-887a-0aa9b4d52442" testId="7a830228-b5d3-8e42-39f9-49523504bf5f" testName="Zahy.Finance.FinanceDocumentStep4Tests.Export_Totals_Match_Ledger" computerName="BOUDY" duration="00:00:21.2970218" startTime="2026-06-19T18:18:23.8502163+03:00" endTime="2026-06-19T18:18:45.1533244+03:00" testType="13cdc9d9-ddb5-4fa4-a97d-d965ccfc6d4b" outcome="Passed" testListId="8c84fa94-04c1-424b-9868-57a2d4851a1d" relativeResultsDirectory="c98bb103-674b-45c7-887a-0aa9b4d52442" />
    <UnitTestResult executionId="c47c2ee8-f2a2-434c-b020-6d0c36c25991" testId="dfd58bf8-4ca9-5ad0-973e-de6a2be9166b" testName="Zahy.Finance.FinanceKycStep3Tests.Account_Does_Not_Open_Until_Verified" computerName="BOUDY" duration="00:00:01.2274761" startTime="2026-06-19T18:18:36.1229916+03:00" endTime="2026-06-19T18:18:37.4072714+03:00" testType="13cdc9d9-ddb5-4fa4-a97d-d965ccfc6d4b" outcome="Passed" testListId="8c84fa94-04c1-424b-9868-57a2d4851a1d" relativeResultsDirectory="c47c2ee8-f2a2-434c-b020-6d0c36c25991" />
    <UnitTestResult executionId="c4ce97cf-589c-4db2-83e1-b823d9c5e631" testId="5708bf9d-930b-5800-2989-52c5d58ede7a" testName="Zahy.Finance.FinanceKycStep3Tests.Resubmission_Creates_New_Append_Only_Submission_Row" computerName="BOUDY" duration="00:00:00.8957699" startTime="2026-06-19T18:18:38.5605308+03:00" endTime="2026-06-19T18:18:39.4576583+03:00" testType="13cdc9d9-ddb5-4fa4-a97d-d965ccfc6d4b" outcome="Passed" testListId="8c84fa94-04c1-424b-9868-57a2d4851a1d" relativeResultsDirectory="c4ce97cf-589c-4db2-83e1-b823d9c5e631" />
    <UnitTestResult executionId="4068854c-09fe-44bf-ad56-91bb292411ae" testId="37141dc9-4b9c-ba42-d5a8-65470e534abc" testName="Zahy.Finance.FinanceKycStep3Tests.DevAppLayerKycFieldProtector_Is_Swappable_Seams" computerName="BOUDY" duration="00:00:00.4555505" startTime="2026-06-19T18:18:39.4580068+03:00" endTime="2026-06-19T18:18:39.9175061+03:00" testType="13cdc9d9-ddb5-4fa4-a97d-d965ccfc6d4b" outcome="Passed" testListId="8c84fa94-04c1-424b-9868-57a2d4851a1d" relativeResultsDirectory="4068854c-09fe-44bf-ad56-91bb292411ae" />
    <UnitTestResult executionId="6ea98dd7-258a-4dfd-9444-baec43a4a4d8" testId="713a2515-22ff-b700-99ca-a3a1eb986d51" testName="Zahy.Finance.FinanceAccountStep2Tests.Postings_Are_Append_Only" computerName="BOUDY" duration="00:00:00.6561806" startTime="2026-06-19T18:18:37.9740451+03:00" endTime="2026-06-19T18:18:38.6303496+03:00" testType="13cdc9d9-ddb5-4fa4-a97d-d965ccfc6d4b" outcome="Passed" testListId="8c84fa94-04c1-424b-9868-57a2d4851a1d" relativeResultsDirectory="6ea98dd7-258a-4dfd-9444-baec43a4a4d8" />
    <UnitTestResult executionId="e9dab97b-dd0b-4795-804c-a6b0a8307505" testId="10c46878-64b6-ee1c-2dc8-dfb22c845965" testName="Zahy.Finance.FinanceInvoiceStep5Tests.Automatic_Fires_Once_Per_Event" computerName="BOUDY" duration="00:00:15.7607892" startTime="2026-06-19T18:18:23.9320098+03:00" endTime="2026-06-19T18:18:39.6952059+03:00" testType="13cdc9d9-ddb5-4fa4-a97d-d965ccfc6d4b" outcome="Passed" testListId="8c84fa94-04c1-424b-9868-57a2d4851a1d" relativeResultsDirectory="e9dab97b-dd0b-4795-804c-a6b0a8307505" />
    <UnitTestResult executionId="ae18b171-dd57-4f63-bac4-7c358b0cdd4f" testId="2b3d42fa-b4c8-ec26-7526-fff5c414c2b0" testName="Zahy.Finance.FinanceDocumentStep4Tests.Merchant_Cannot_Export_Other_Merchant_Statement" computerName="BOUDY" duration="00:00:00.2236377" startTime="2026-06-19T18:18:46.2948702+03:00" endTime="2026-06-19T18:18:46.5353083+03:00" testType="13cdc9d9-ddb5-4fa4-a97d-d965ccfc6d4b" outcome="Passed" testListId="8c84fa94-04c1-424b-9868-57a2d4851a1d" relativeResultsDirectory="ae18b171-dd57-4f63-bac4-7c358b0cdd4f" />
    <UnitTestResult executionId="1dd0768e-c5cf-495f-b708-b90123fc7f6d" testId="5e10fd16-69ed-0fbb-9b48-23effe94217f" testName="Zahy.Finance.FinanceInvoiceStep5Tests.Invoice_Number_Rolls_Back_When_Generation_Fails" computerName="BOUDY" duration="00:00:00.5447667" startTime="2026-06-19T18:18:41.0563778+03:00" endTime="2026-06-19T18:18:41.6018223+03:00" testType="13cdc9d9-ddb5-4fa4-a97d-d965ccfc6d4b" outcome="Passed" testListId="8c84fa94-04c1-424b-9868-57a2d4851a1d" relativeResultsDirectory="1dd0768e-c5cf-495f-b708-b90123fc7f6d" />
    <UnitTestResult executionId="484113d8-2b59-47e5-b23c-1060fcfa4686" testId="a97ada6a-8c46-3c4c-73b4-31323eb38823" testName="Zahy.Finance.FinanceDocumentStep4Tests.Partner_Cannot_Export_Other_Partner_Statement" computerName="BOUDY" duration="00:00:00.2083013" startTime="2026-06-19T18:18:46.0859797+03:00" endTime="2026-06-19T18:18:46.2946170+03:00" testType="13cdc9d9-ddb5-4fa4-a97d-d965ccfc6d4b" outcome="Passed" testListId="8c84fa94-04c1-424b-9868-57a2d4851a1d" relativeResultsDirectory="484113d8-2b59-47e5-b23c-1060fcfa4686" />
    <UnitTestResult executionId="cb534954-ba5d-437e-856f-75c6acfec7d2" testId="55dd53cc-eee5-0a73-a14f-8efa9918b0f7" testName="Zahy.Finance.FinanceKycStep3Tests.Kyc_Sensitive_Fields_Are_Never_Written_To_Logs" computerName="BOUDY" duration="00:00:00.5207955" startTime="2026-06-19T18:18:39.9178909+03:00" endTime="2026-06-19T18:18:40.4362384+03:00" testType="13cdc9d9-ddb5-4fa4-a97d-d965ccfc6d4b" outcome="Passed" testListId="8c84fa94-04c1-424b-9868-57a2d4851a1d" relativeResultsDirectory="cb534954-ba5d-437e-856f-75c6acfec7d2" />
    <UnitTestResult executionId="277b2cc6-cb32-4921-b2c1-54c4a725a77e" testId="8fdb9ca2-c269-092f-7327-ff141986a3ce" testName="Zahy.Finance.FinanceInvoiceNumberConcurrencyTests.Concurrent_Invoice_Generations_Are_Gapless_And_Unique" computerName="BOUDY" duration="00:00:24.6216197" startTime="2026-06-19T18:18:23.8778734+03:00" endTime="2026-06-19T18:18:48.5106351+03:00" testType="13cdc9d9-ddb5-4fa4-a97d-d965ccfc6d4b" outcome="Passed" testListId="8c84fa94-04c1-424b-9868-57a2d4851a1d" relativeResultsDirectory="277b2cc6-cb32-4921-b2c1-54c4a725a77e" />
    <UnitTestResult executionId="c763a404-2e27-4201-bf7f-c846c017ad5a" testId="ebcef8d4-7bdf-7445-414a-396e55ba98f5" testName="Zahy.Finance.FinancePortalStep6Tests.Partner_Can_Download_Only_Own_Invoice_Pdf" computerName="BOUDY" duration="00:00:00.7114523" startTime="2026-06-19T18:18:40.7763110+03:00" endTime="2026-06-19T18:18:41.4852920+03:00" testType="13cdc9d9-ddb5-4fa4-a97d-d965ccfc6d4b" outcome="Passed" testListId="8c84fa94-04c1-424b-9868-57a2d4851a1d" relativeResultsDirectory="c763a404-2e27-4201-bf7f-c846c017ad5a" />
    <UnitTestResult executionId="880bd629-ed20-41f6-9dd2-00b81f52034f" testId="472d8ad6-e585-1472-ae41-25c975aeeef7" testName="Zahy.Finance.FinanceDocumentStep4Tests.Statement_Renders_For_Partner_And_Merchant" computerName="BOUDY" duration="00:00:00.9319139" startTime="2026-06-19T18:18:45.1539183+03:00" endTime="2026-06-19T18:18:46.0855184+03:00" testType="13cdc9d9-ddb5-4fa4-a97d-d965ccfc6d4b" outcome="Passed" testListId="8c84fa94-04c1-424b-9868-57a2d4851a1d" relativeResultsDirectory="880bd629-ed20-41f6-9dd2-00b81f52034f" />
    <UnitTestResult executionId="3270bfe2-00f6-40c2-aab1-19f23b32c8ed" testId="1f3dd697-ad31-3b04-54a9-402b75f68287" testName="Zahy.Finance.FinancePortalStep6Tests.Download_Endpoint_Rechecks_Ownership" computerName="BOUDY" duration="00:00:15.8846960" startTime="2026-06-19T18:18:23.8467744+03:00" endTime="2026-06-19T18:18:39.7418812+03:00" testType="13cdc9d9-ddb5-4fa4-a97d-d965ccfc6d4b" outcome="Passed" testListId="8c84fa94-04c1-424b-9868-57a2d4851a1d" relativeResultsDirectory="3270bfe2-00f6-40c2-aab1-19f23b32c8ed" />
    <UnitTestResult executionId="94787c2f-989b-48b9-8d03-d7a85d0f4f28" testId="2f794bed-84d6-2a8e-8354-9764eacfb602" testName="Zahy.Finance.FinanceAccountStep2Tests.Blocked_If_Not_Verified" computerName="BOUDY" duration="00:00:12.0150994" startTime="2026-06-19T18:18:23.8690758+03:00" endTime="2026-06-19T18:18:35.9380727+03:00" testType="13cdc9d9-ddb5-4fa4-a97d-d965ccfc6d4b" outcome="Passed" testListId="8c84fa94-04c1-424b-9868-57a2d4851a1d" relativeResultsDirectory="94787c2f-989b-48b9-8d03-d7a85d0f4f28" />
    <UnitTestResult executionId="a9517751-96e9-4dde-a85a-52f9a495c68f" testId="5a35e314-fe4e-6e06-fc6b-e2b0cdc5bdb7" testName="Zahy.Finance.FinanceInvoiceStep5Tests.Invoice_Idempotent_Retry_Returns_Same_Number" computerName="BOUDY" duration="00:00:00.7406169" startTime="2026-06-19T18:18:39.6988526+03:00" endTime="2026-06-19T18:18:40.4365356+03:00" testType="13cdc9d9-ddb5-4fa4-a97d-d965ccfc6d4b" outcome="Passed" testListId="8c84fa94-04c1-424b-9868-57a2d4851a1d" relativeResultsDirectory="a9517751-96e9-4dde-a85a-52f9a495c68f" />
    <UnitTestResult executionId="91e23572-3bc9-4de1-babd-2acdf4d5ab36" testId="d0feee32-7190-f629-455f-dff680544742" testName="Zahy.Finance.FinanceAccountStep2Tests.Balance_Equals_Sum_Of_Postings_Exactly" computerName="BOUDY" duration="00:00:00.7270267" startTime="2026-06-19T18:18:37.2472593+03:00" endTime="2026-06-19T18:18:37.9735984+03:00" testType="13cdc9d9-ddb5-4fa4-a97d-d965ccfc6d4b" outcome="Passed" testListId="8c84fa94-04c1-424b-9868-57a2d4851a1d" relativeResultsDirectory="91e23572-3bc9-4de1-babd-2acdf4d5ab36" />
    <UnitTestResult executionId="d73638e3-4855-43c9-92fa-caf3ee71ceab" testId="3782a0de-0b91-e6a9-0c1e-575699709186" testName="Zahy.Finance.FinanceInvoiceStep5Tests.Suspended_Merchant_Is_Not_Operational" computerName="BOUDY" duration="00:00:00.4375937" startTime="2026-06-19T18:18:41.6022425+03:00" endTime="2026-06-19T18:18:42.0398638+03:00" testType="13cdc9d9-ddb5-4fa4-a97d-d965ccfc6d4b" outcome="Passed" testListId="8c84fa94-04c1-424b-9868-57a2d4851a1d" relativeResultsDirectory="d73638e3-4855-43c9-92fa-caf3ee71ceab" />
    <UnitTestResult executionId="e68d32d6-1d3b-47b7-b6c4-cf04f77c4547" testId="da5dbc08-c3b9-e7d9-bc6f-b508c9ec803d" testName="Zahy.Finance.FinanceDocumentStep4Tests.Generated_Pdf_Contains_Zahy_Branding_And_Verified_Kyc" computerName="BOUDY" duration="00:00:00.1898250" startTime="2026-06-19T18:18:46.5357727+03:00" endTime="2026-06-19T18:18:46.7092293+03:00" testType="13cdc9d9-ddb5-4fa4-a97d-d965ccfc6d4b" outcome="Passed" testListId="8c84fa94-04c1-424b-9868-57a2d4851a1d" relativeResultsDirectory="e68d32d6-1d3b-47b7-b6c4-cf04f77c4547" />
    <UnitTestResult executionId="0a9fb202-d88c-4e4f-ba6d-0e58c202055c" testId="fc33bbe0-357b-8e95-cf3a-ba91c8265827" testName="Zahy.Finance.FinanceKycStep3Tests.Illegal_Kyc_Transition_Rejected" computerName="BOUDY" duration="00:00:12.1655934" startTime="2026-06-19T18:18:23.8907968+03:00" endTime="2026-06-19T18:18:36.1204906+03:00" testType="13cdc9d9-ddb5-4fa4-a97d-d965ccfc6d4b" outcome="Passed" testListId="8c84fa94-04c1-424b-9868-57a2d4851a1d" relativeResultsDirectory="0a9fb202-d88c-4e4f-ba6d-0e58c202055c" />
    <UnitTestResult executionId="27e04b1b-ad17-4cf0-9d45-bb3025068413" testId="3e8ffecc-b651-2dec-22c7-caa835f68061" testName="Zahy.Finance.FinancePortalStep6Tests.Merchant_Can_Download_Only_Own_Export" computerName="BOUDY" duration="00:00:01.0303515" startTime="2026-06-19T18:18:39.7422360+03:00" endTime="2026-06-19T18:18:40.7726281+03:00" testType="13cdc9d9-ddb5-4fa4-a97d-d965ccfc6d4b" outcome="Passed" testListId="8c84fa94-04c1-424b-9868-57a2d4851a1d" relativeResultsDirectory="27e04b1b-ad17-4cf0-9d45-bb3025068413" />
    <UnitTestResult executionId="f27b9a77-b181-431b-8244-b7fe27226547" testId="c07ca7a2-cee5-ac3d-4181-0c9342c98746" testName="Zahy.Finance.FinanceAccountStep2Tests.Opens_Once_On_Verified" computerName="BOUDY" duration="00:00:00.8027895" startTime="2026-06-19T18:18:38.6320049+03:00" endTime="2026-06-19T18:18:39.4374288+03:00" testType="13cdc9d9-ddb5-4fa4-a97d-d965ccfc6d4b" outcome="Passed" testListId="8c84fa94-04c1-424b-9868-57a2d4851a1d" relativeResultsDirectory="f27b9a77-b181-431b-8244-b7fe27226547" />
    <UnitTestResult executionId="ec721e9b-6169-46f2-a3fc-61bf92bebff3" testId="2a3b37b2-7a35-7031-1c4f-8252a67e343e" testName="Zahy.Finance.FinancePortalStep6Tests.Merchant_Can_Download_Only_Own_Invoice" computerName="BOUDY" duration="00:00:00.4901203" startTime="2026-06-19T18:18:41.4859437+03:00" endTime="2026-06-19T18:18:41.9763397+03:00" testType="13cdc9d9-ddb5-4fa4-a97d-d965ccfc6d4b" outcome="Passed" testListId="8c84fa94-04c1-424b-9868-57a2d4851a1d" relativeResultsDirectory="ec721e9b-6169-46f2-a3fc-61bf92bebff3" />
    <UnitTestResult executionId="962cfc28-3d27-4cbc-bd14-16c58dd79aba" testId="238158b3-8800-4d63-812b-2f9750e2dccf" testName="Zahy.Finance.FinanceAccountStep2Tests.Partner_Cannot_See_Other_Partner_Account" computerName="BOUDY" duration="00:00:01.2948672" startTime="2026-06-19T18:18:36.0560055+03:00" endTime="2026-06-19T18:18:37.2461954+03:00" testType="13cdc9d9-ddb5-4fa4-a97d-d965ccfc6d4b" outcome="Passed" testListId="8c84fa94-04c1-424b-9868-57a2d4851a1d" relativeResultsDirectory="962cfc28-3d27-4cbc-bd14-16c58dd79aba" />
    <UnitTestResult executionId="e9ee54b5-657e-4367-86db-7d69c76db3e0" testId="179cc37c-e91b-2a34-fcde-cdc154aa7944" testName="Zahy.Finance.FinanceKycStep3Tests.Kyc_Audit_Log_Uses_Identifiers_Only" computerName="BOUDY" duration="00:00:00.5302289" startTime="2026-06-19T18:18:38.0296078+03:00" endTime="2026-06-19T18:18:38.5601437+03:00" testType="13cdc9d9-ddb5-4fa4-a97d-d965ccfc6d4b" outcome="Passed" testListId="8c84fa94-04c1-424b-9868-57a2d4851a1d" relativeResultsDirectory="e9ee54b5-657e-4367-86db-7d69c76db3e0" />
  </Results>
  <TestDefinitions>
    <UnitTest name="Zahy.Finance.FinancePortalStep6Tests.Partner_Can_Download_Only_Own_Excel_Export" storage="c:\users\a-r7m\onedrive\سطح المكتب\partner portal-zahy\test\zahy.finance.tests\bin\debug\net10.0\zahy.finance.tests.dll" id="5b1c8f04-8bb2-ac00-8b3c-56d63699828f">
      <Execution id="fcb316ea-ce56-4f35-859e-c455c4e86769" />
      <TestMethod codeBase="C:\Users\a-r7m\OneDrive\سطح المكتب\partner portal-zahy\test\Zahy.Finance.Tests\bin\Debug\net10.0\Zahy.Finance.Tests.dll" adapterTypeName="executor://xunit/VsTestRunner3/netcore/" className="Zahy.Finance.FinancePortalStep6Tests" name="Partner_Can_Download_Only_Own_Excel_Export" />
    </UnitTest>
    <UnitTest name="Zahy.Finance.FinanceKycStep3Tests.Kyc_Audit_Log_Uses_Identifiers_Only" storage="c:\users\a-r7m\onedrive\سطح المكتب\partner portal-zahy\test\zahy.finance.tests\bin\debug\net10.0\zahy.finance.tests.dll" id="179cc37c-e91b-2a34-fcde-cdc154aa7944">
      <Execution id="e9ee54b5-657e-4367-86db-7d69c76db3e0" />
      <TestMethod codeBase="C:\Users\a-r7m\OneDrive\سطح المكتب\partner portal-zahy\test\Zahy.Finance.Tests\bin\Debug\net10.0\Zahy.Finance.Tests.dll" adapterTypeName="executor://xunit/VsTestRunner3/netcore/" className="Zahy.Finance.FinanceKycStep3Tests" name="Kyc_Audit_Log_Uses_Identifiers_Only" />
    </UnitTest>
    <UnitTest name="Zahy.Finance.FinanceInvoiceStep5Tests.Automatic_Fires_Once_Per_Event" storage="c:\users\a-r7m\onedrive\سطح المكتب\partner portal-zahy\test\zahy.finance.tests\bin\debug\net10.0\zahy.finance.tests.dll" id="10c46878-64b6-ee1c-2dc8-dfb22c845965">
      <Execution id="e9dab97b-dd0b-4795-804c-a6b0a8307505" />
      <TestMethod codeBase="C:\Users\a-r7m\OneDrive\سطح المكتب\partner portal-zahy\test\Zahy.Finance.Tests\bin\Debug\net10.0\Zahy.Finance.Tests.dll" adapterTypeName="executor://xunit/VsTestRunner3/netcore/" className="Zahy.Finance.FinanceInvoiceStep5Tests" name="Automatic_Fires_Once_Per_Event" />
    </UnitTest>
    <UnitTest name="Zahy.Finance.FinanceDocumentStep4Tests.Merchant_Cannot_Export_Other_Merchant_Statement" storage="c:\users\a-r7m\onedrive\سطح المكتب\partner portal-zahy\test\zahy.finance.tests\bin\debug\net10.0\zahy.finance.tests.dll" id="2b3d42fa-b4c8-ec26-7526-fff5c414c2b0">
      <Execution id="ae18b171-dd57-4f63-bac4-7c358b0cdd4f" />
      <TestMethod codeBase="C:\Users\a-r7m\OneDrive\سطح المكتب\partner portal-zahy\test\Zahy.Finance.Tests\bin\Debug\net10.0\Zahy.Finance.Tests.dll" adapterTypeName="executor://xunit/VsTestRunner3/netcore/" className="Zahy.Finance.FinanceDocumentStep4Tests" name="Merchant_Cannot_Export_Other_Merchant_Statement" />
    </UnitTest>
    <UnitTest name="Zahy.Finance.FinancePortalStep6Tests.Download_Endpoint_Rechecks_Ownership" storage="c:\users\a-r7m\onedrive\سطح المكتب\partner portal-zahy\test\zahy.finance.tests\bin\debug\net10.0\zahy.finance.tests.dll" id="1f3dd697-ad31-3b04-54a9-402b75f68287">
      <Execution id="3270bfe2-00f6-40c2-aab1-19f23b32c8ed" />
      <TestMethod codeBase="C:\Users\a-r7m\OneDrive\سطح المكتب\partner portal-zahy\test\Zahy.Finance.Tests\bin\Debug\net10.0\Zahy.Finance.Tests.dll" adapterTypeName="executor://xunit/VsTestRunner3/netcore/" className="Zahy.Finance.FinancePortalStep6Tests" name="Download_Endpoint_Rechecks_Ownership" />
    </UnitTest>
    <UnitTest name="Zahy.Finance.FinanceAccountStep2Tests.Partner_Cannot_See_Other_Partner_Account" storage="c:\users\a-r7m\onedrive\سطح المكتب\partner portal-zahy\test\zahy.finance.tests\bin\debug\net10.0\zahy.finance.tests.dll" id="238158b3-8800-4d63-812b-2f9750e2dccf">
      <Execution id="962cfc28-3d27-4cbc-bd14-16c58dd79aba" />
      <TestMethod codeBase="C:\Users\a-r7m\OneDrive\سطح المكتب\partner portal-zahy\test\Zahy.Finance.Tests\bin\Debug\net10.0\Zahy.Finance.Tests.dll" adapterTypeName="executor://xunit/VsTestRunner3/netcore/" className="Zahy.Finance.FinanceAccountStep2Tests" name="Partner_Cannot_See_Other_Partner_Account" />
    </UnitTest>
    <UnitTest name="Zahy.Finance.FinanceAccountStep2Tests.Opens_Once_On_Verified" storage="c:\users\a-r7m\onedrive\سطح المكتب\partner portal-zahy\test\zahy.finance.tests\bin\debug\net10.0\zahy.finance.tests.dll" id="c07ca7a2-cee5-ac3d-4181-0c9342c98746">
      <Execution id="f27b9a77-b181-431b-8244-b7fe27226547" />
      <TestMethod codeBase="C:\Users\a-r7m\OneDrive\سطح المكتب\partner portal-zahy\test\Zahy.Finance.Tests\bin\Debug\net10.0\Zahy.Finance.Tests.dll" adapterTypeName="executor://xunit/VsTestRunner3/netcore/" className="Zahy.Finance.FinanceAccountStep2Tests" name="Opens_Once_On_Verified" />
    </UnitTest>
    <UnitTest name="Zahy.Finance.FinancePortalStep6Tests.Merchant_Can_Download_Only_Own_Invoice" storage="c:\users\a-r7m\onedrive\سطح المكتب\partner portal-zahy\test\zahy.finance.tests\bin\debug\net10.0\zahy.finance.tests.dll" id="2a3b37b2-7a35-7031-1c4f-8252a67e343e">
      <Execution id="ec721e9b-6169-46f2-a3fc-61bf92bebff3" />
      <TestMethod codeBase="C:\Users\a-r7m\OneDrive\سطح المكتب\partner portal-zahy\test\Zahy.Finance.Tests\bin\Debug\net10.0\Zahy.Finance.Tests.dll" adapterTypeName="executor://xunit/VsTestRunner3/netcore/" className="Zahy.Finance.FinancePortalStep6Tests" name="Merchant_Can_Download_Only_Own_Invoice" />
    </UnitTest>
    <UnitTest name="Zahy.Finance.FinanceDocumentStep4Tests.Statement_Renders_For_Partner_And_Merchant" storage="c:\users\a-r7m\onedrive\سطح المكتب\partner portal-zahy\test\zahy.finance.tests\bin\debug\net10.0\zahy.finance.tests.dll" id="472d8ad6-e585-1472-ae41-25c975aeeef7">
      <Execution id="880bd629-ed20-41f6-9dd2-00b81f52034f" />
      <TestMethod codeBase="C:\Users\a-r7m\OneDrive\سطح المكتب\partner portal-zahy\test\Zahy.Finance.Tests\bin\Debug\net10.0\Zahy.Finance.Tests.dll" adapterTypeName="executor://xunit/VsTestRunner3/netcore/" className="Zahy.Finance.FinanceDocumentStep4Tests" name="Statement_Renders_For_Partner_And_Merchant" />
    </UnitTest>
    <UnitTest name="Zahy.Finance.FinanceInvoiceStep5Tests.Illegal_Status_Transition_Rejected_And_Audited" storage="c:\users\a-r7m\onedrive\سطح المكتب\partner portal-zahy\test\zahy.finance.tests\bin\debug\net10.0\zahy.finance.tests.dll" id="e239e34d-e730-2771-2860-4cbb4f426463">
      <Execution id="b8839d59-1cc9-42b1-b3db-fbdf95d40627" />
      <TestMethod codeBase="C:\Users\a-r7m\OneDrive\سطح المكتب\partner portal-zahy\test\Zahy.Finance.Tests\bin\Debug\net10.0\Zahy.Finance.Tests.dll" adapterTypeName="executor://xunit/VsTestRunner3/netcore/" className="Zahy.Finance.FinanceInvoiceStep5Tests" name="Illegal_Status_Transition_Rejected_And_Audited" />
    </UnitTest>
    <UnitTest name="Zahy.Finance.FinanceDocumentStep4Tests.Generated_Pdf_Contains_Zahy_Branding_And_Verified_Kyc" storage="c:\users\a-r7m\onedrive\سطح المكتب\partner portal-zahy\test\zahy.finance.tests\bin\debug\net10.0\zahy.finance.tests.dll" id="da5dbc08-c3b9-e7d9-bc6f-b508c9ec803d">
      <Execution id="e68d32d6-1d3b-47b7-b6c4-cf04f77c4547" />
      <TestMethod codeBase="C:\Users\a-r7m\OneDrive\سطح المكتب\partner portal-zahy\test\Zahy.Finance.Tests\bin\Debug\net10.0\Zahy.Finance.Tests.dll" adapterTypeName="executor://xunit/VsTestRunner3/netcore/" className="Zahy.Finance.FinanceDocumentStep4Tests" name="Generated_Pdf_Contains_Zahy_Branding_And_Verified_Kyc" />
    </UnitTest>
    <UnitTest name="Zahy.Finance.FinanceKycStep3Tests.Kyc_Sensitive_Fields_Are_Never_Written_To_Logs" storage="c:\users\a-r7m\onedrive\سطح المكتب\partner portal-zahy\test\zahy.finance.tests\bin\debug\net10.0\zahy.finance.tests.dll" id="55dd53cc-eee5-0a73-a14f-8efa9918b0f7">
      <Execution id="cb534954-ba5d-437e-856f-75c6acfec7d2" />
      <TestMethod codeBase="C:\Users\a-r7m\OneDrive\سطح المكتب\partner portal-zahy\test\Zahy.Finance.Tests\bin\Debug\net10.0\Zahy.Finance.Tests.dll" adapterTypeName="executor://xunit/VsTestRunner3/netcore/" className="Zahy.Finance.FinanceKycStep3Tests" name="Kyc_Sensitive_Fields_Are_Never_Written_To_Logs" />
    </UnitTest>
    <UnitTest name="Zahy.Finance.FinanceInvoiceStep5Tests.Automatic_Does_Not_Duplicate_Invoice" storage="c:\users\a-r7m\onedrive\سطح المكتب\partner portal-zahy\test\zahy.finance.tests\bin\debug\net10.0\zahy.finance.tests.dll" id="b9c3536a-d6af-b905-c923-a16c4bedc475">
      <Execution id="8f69b60b-55d8-44e8-9af0-47a5212841d1" />
      <TestMethod codeBase="C:\Users\a-r7m\OneDrive\سطح المكتب\partner portal-zahy\test\Zahy.Finance.Tests\bin\Debug\net10.0\Zahy.Finance.Tests.dll" adapterTypeName="executor://xunit/VsTestRunner3/netcore/" className="Zahy.Finance.FinanceInvoiceStep5Tests" name="Automatic_Does_Not_Duplicate_Invoice" />
    </UnitTest>
    <UnitTest name="Zahy.Finance.FinanceInvoiceStep5Tests.Suspended_Merchant_Is_Not_Operational" storage="c:\users\a-r7m\onedrive\سطح المكتب\partner portal-zahy\test\zahy.finance.tests\bin\debug\net10.0\zahy.finance.tests.dll" id="3782a0de-0b91-e6a9-0c1e-575699709186">
      <Execution id="d73638e3-4855-43c9-92fa-caf3ee71ceab" />
      <TestMethod codeBase="C:\Users\a-r7m\OneDrive\سطح المكتب\partner portal-zahy\test\Zahy.Finance.Tests\bin\Debug\net10.0\Zahy.Finance.Tests.dll" adapterTypeName="executor://xunit/VsTestRunner3/netcore/" className="Zahy.Finance.FinanceInvoiceStep5Tests" name="Suspended_Merchant_Is_Not_Operational" />
    </UnitTest>
    <UnitTest name="Zahy.Finance.FinanceInvoiceStep5Tests.Invoice_Number_Rolls_Back_When_Generation_Fails" storage="c:\users\a-r7m\onedrive\سطح المكتب\partner portal-zahy\test\zahy.finance.tests\bin\debug\net10.0\zahy.finance.tests.dll" id="5e10fd16-69ed-0fbb-9b48-23effe94217f">
      <Execution id="1dd0768e-c5cf-495f-b708-b90123fc7f6d" />
      <TestMethod codeBase="C:\Users\a-r7m\OneDrive\سطح المكتب\partner portal-zahy\test\Zahy.Finance.Tests\bin\Debug\net10.0\Zahy.Finance.Tests.dll" adapterTypeName="executor://xunit/VsTestRunner3/netcore/" className="Zahy.Finance.FinanceInvoiceStep5Tests" name="Invoice_Number_Rolls_Back_When_Generation_Fails" />
    </UnitTest>
    <UnitTest name="Zahy.Finance.FinanceAccountStep2Tests.Postings_Are_Append_Only" storage="c:\users\a-r7m\onedrive\سطح المكتب\partner portal-zahy\test\zahy.finance.tests\bin\debug\net10.0\zahy.finance.tests.dll" id="713a2515-22ff-b700-99ca-a3a1eb986d51">
      <Execution id="6ea98dd7-258a-4dfd-9444-baec43a4a4d8" />
      <TestMethod codeBase="C:\Users\a-r7m\OneDrive\سطح المكتب\partner portal-zahy\test\Zahy.Finance.Tests\bin\Debug\net10.0\Zahy.Finance.Tests.dll" adapterTypeName="executor://xunit/VsTestRunner3/netcore/" className="Zahy.Finance.FinanceAccountStep2Tests" name="Postings_Are_Append_Only" />
    </UnitTest>
    <UnitTest name="Zahy.Finance.FinanceKycStep3Tests.DevAppLayerKycFieldProtector_Is_Swappable_Seams" storage="c:\users\a-r7m\onedrive\سطح المكتب\partner portal-zahy\test\zahy.finance.tests\bin\debug\net10.0\zahy.finance.tests.dll" id="37141dc9-4b9c-ba42-d5a8-65470e534abc">
      <Execution id="4068854c-09fe-44bf-ad56-91bb292411ae" />
      <TestMethod codeBase="C:\Users\a-r7m\OneDrive\سطح المكتب\partner portal-zahy\test\Zahy.Finance.Tests\bin\Debug\net10.0\Zahy.Finance.Tests.dll" adapterTypeName="executor://xunit/VsTestRunner3/netcore/" className="Zahy.Finance.FinanceKycStep3Tests" name="DevAppLayerKycFieldProtector_Is_Swappable_Seams" />
    </UnitTest>
    <UnitTest name="Zahy.Finance.FinanceKycStep3Tests.Illegal_Kyc_Transition_Rejected" storage="c:\users\a-r7m\onedrive\سطح المكتب\partner portal-zahy\test\zahy.finance.tests\bin\debug\net10.0\zahy.finance.tests.dll" id="fc33bbe0-357b-8e95-cf3a-ba91c8265827">
      <Execution id="0a9fb202-d88c-4e4f-ba6d-0e58c202055c" />
      <TestMethod codeBase="C:\Users\a-r7m\OneDrive\سطح المكتب\partner portal-zahy\test\Zahy.Finance.Tests\bin\Debug\net10.0\Zahy.Finance.Tests.dll" adapterTypeName="executor://xunit/VsTestRunner3/netcore/" className="Zahy.Finance.FinanceKycStep3Tests" name="Illegal_Kyc_Transition_Rejected" />
    </UnitTest>
    <UnitTest name="Zahy.Finance.FinanceInvoiceStep5Tests.Manual_Generates_On_Demand" storage="c:\users\a-r7m\onedrive\سطح المكتب\partner portal-zahy\test\zahy.finance.tests\bin\debug\net10.0\zahy.finance.tests.dll" id="e3002a10-820f-e01a-be51-dd5d5f7a5028">
      <Execution id="336de644-b0d8-4b1c-b9a6-c8769891b6cf" />
      <TestMethod codeBase="C:\Users\a-r7m\OneDrive\سطح المكتب\partner portal-zahy\test\Zahy.Finance.Tests\bin\Debug\net10.0\Zahy.Finance.Tests.dll" adapterTypeName="executor://xunit/VsTestRunner3/netcore/" className="Zahy.Finance.FinanceInvoiceStep5Tests" name="Manual_Generates_On_Demand" />
    </UnitTest>
    <UnitTest name="Zahy.Finance.FinanceAccountStep2Tests.Balance_Equals_Sum_Of_Postings_Exactly" storage="c:\users\a-r7m\onedrive\سطح المكتب\partner portal-zahy\test\zahy.finance.tests\bin\debug\net10.0\zahy.finance.tests.dll" id="d0feee32-7190-f629-455f-dff680544742">
      <Execution id="91e23572-3bc9-4de1-babd-2acdf4d5ab36" />
      <TestMethod codeBase="C:\Users\a-r7m\OneDrive\سطح المكتب\partner portal-zahy\test\Zahy.Finance.Tests\bin\Debug\net10.0\Zahy.Finance.Tests.dll" adapterTypeName="executor://xunit/VsTestRunner3/netcore/" className="Zahy.Finance.FinanceAccountStep2Tests" name="Balance_Equals_Sum_Of_Postings_Exactly" />
    </UnitTest>
    <UnitTest name="Zahy.Finance.FinancePortalStep6Tests.Merchant_Can_Download_Only_Own_Export" storage="c:\users\a-r7m\onedrive\سطح المكتب\partner portal-zahy\test\zahy.finance.tests\bin\debug\net10.0\zahy.finance.tests.dll" id="3e8ffecc-b651-2dec-22c7-caa835f68061">
      <Execution id="27e04b1b-ad17-4cf0-9d45-bb3025068413" />
      <TestMethod codeBase="C:\Users\a-r7m\OneDrive\سطح المكتب\partner portal-zahy\test\Zahy.Finance.Tests\bin\Debug\net10.0\Zahy.Finance.Tests.dll" adapterTypeName="executor://xunit/VsTestRunner3/netcore/" className="Zahy.Finance.FinancePortalStep6Tests" name="Merchant_Can_Download_Only_Own_Export" />
    </UnitTest>
    <UnitTest name="Zahy.Finance.FinanceKycStep3Tests.Documents_Use_Verified_Kyc_Not_Raw_Submission" storage="c:\users\a-r7m\onedrive\سطح المكتب\partner portal-zahy\test\zahy.finance.tests\bin\debug\net10.0\zahy.finance.tests.dll" id="6cc7f2f5-8765-48c4-eabf-42c9d48b6752">
      <Execution id="236594ad-3673-46ba-b758-60a4c25c426f" />
      <TestMethod codeBase="C:\Users\a-r7m\OneDrive\سطح المكتب\partner portal-zahy\test\Zahy.Finance.Tests\bin\Debug\net10.0\Zahy.Finance.Tests.dll" adapterTypeName="executor://xunit/VsTestRunner3/netcore/" className="Zahy.Finance.FinanceKycStep3Tests" name="Documents_Use_Verified_Kyc_Not_Raw_Submission" />
    </UnitTest>
    <UnitTest name="Zahy.Finance.FinanceKycStep3Tests.Resubmission_Creates_New_Append_Only_Submission_Row" storage="c:\users\a-r7m\onedrive\سطح المكتب\partner portal-zahy\test\zahy.finance.tests\bin\debug\net10.0\zahy.finance.tests.dll" id="5708bf9d-930b-5800-2989-52c5d58ede7a">
      <Execution id="c4ce97cf-589c-4db2-83e1-b823d9c5e631" />
      <TestMethod codeBase="C:\Users\a-r7m\OneDrive\سطح المكتب\partner portal-zahy\test\Zahy.Finance.Tests\bin\Debug\net10.0\Zahy.Finance.Tests.dll" adapterTypeName="executor://xunit/VsTestRunner3/netcore/" className="Zahy.Finance.FinanceKycStep3Tests" name="Resubmission_Creates_New_Append_Only_Submission_Row" />
    </UnitTest>
    <UnitTest name="Zahy.Finance.FinanceInvoiceStep5Tests.Invoice_Idempotent_Retry_Returns_Same_Number" storage="c:\users\a-r7m\onedrive\سطح المكتب\partner portal-zahy\test\zahy.finance.tests\bin\debug\net10.0\zahy.finance.tests.dll" id="5a35e314-fe4e-6e06-fc6b-e2b0cdc5bdb7">
      <Execution id="a9517751-96e9-4dde-a85a-52f9a495c68f" />
      <TestMethod codeBase="C:\Users\a-r7m\OneDrive\سطح المكتب\partner portal-zahy\test\Zahy.Finance.Tests\bin\Debug\net10.0\Zahy.Finance.Tests.dll" adapterTypeName="executor://xunit/VsTestRunner3/netcore/" className="Zahy.Finance.FinanceInvoiceStep5Tests" name="Invoice_Idempotent_Retry_Returns_Same_Number" />
    </UnitTest>
    <UnitTest name="Zahy.Finance.FinanceKycStep3Tests.Account_Does_Not_Open_Until_Verified" storage="c:\users\a-r7m\onedrive\سطح المكتب\partner portal-zahy\test\zahy.finance.tests\bin\debug\net10.0\zahy.finance.tests.dll" id="dfd58bf8-4ca9-5ad0-973e-de6a2be9166b">
      <Execution id="c47c2ee8-f2a2-434c-b020-6d0c36c25991" />
      <TestMethod codeBase="C:\Users\a-r7m\OneDrive\سطح المكتب\partner portal-zahy\test\Zahy.Finance.Tests\bin\Debug\net10.0\Zahy.Finance.Tests.dll" adapterTypeName="executor://xunit/VsTestRunner3/netcore/" className="Zahy.Finance.FinanceKycStep3Tests" name="Account_Does_Not_Open_Until_Verified" />
    </UnitTest>
    <UnitTest name="Zahy.Finance.FinanceAccountStep2Tests.Blocked_If_Not_Verified" storage="c:\users\a-r7m\onedrive\سطح المكتب\partner portal-zahy\test\zahy.finance.tests\bin\debug\net10.0\zahy.finance.tests.dll" id="2f794bed-84d6-2a8e-8354-9764eacfb602">
      <Execution id="94787c2f-989b-48b9-8d03-d7a85d0f4f28" />
      <TestMethod codeBase="C:\Users\a-r7m\OneDrive\سطح المكتب\partner portal-zahy\test\Zahy.Finance.Tests\bin\Debug\net10.0\Zahy.Finance.Tests.dll" adapterTypeName="executor://xunit/VsTestRunner3/netcore/" className="Zahy.Finance.FinanceAccountStep2Tests" name="Blocked_If_Not_Verified" />
    </UnitTest>
    <UnitTest name="Zahy.Finance.FinancePortalStep6Tests.Portal_Account_Views_Are_Read_Only" storage="c:\users\a-r7m\onedrive\سطح المكتب\partner portal-zahy\test\zahy.finance.tests\bin\debug\net10.0\zahy.finance.tests.dll" id="1be5c0d6-676c-8d38-f6b1-3710ff5dcc54">
      <Execution id="b4e3367d-0862-4d42-a780-a0625dffc1fd" />
      <TestMethod codeBase="C:\Users\a-r7m\OneDrive\سطح المكتب\partner portal-zahy\test\Zahy.Finance.Tests\bin\Debug\net10.0\Zahy.Finance.Tests.dll" adapterTypeName="executor://xunit/VsTestRunner3/netcore/" className="Zahy.Finance.FinancePortalStep6Tests" name="Portal_Account_Views_Are_Read_Only" />
    </UnitTest>
    <UnitTest name="Zahy.Finance.FinanceInvoiceNumberConcurrencyTests.Concurrent_Invoice_Generations_Are_Gapless_And_Unique" storage="c:\users\a-r7m\onedrive\سطح المكتب\partner portal-zahy\test\zahy.finance.tests\bin\debug\net10.0\zahy.finance.tests.dll" id="8fdb9ca2-c269-092f-7327-ff141986a3ce">
      <Execution id="277b2cc6-cb32-4921-b2c1-54c4a725a77e" />
      <TestMethod codeBase="C:\Users\a-r7m\OneDrive\سطح المكتب\partner portal-zahy\test\Zahy.Finance.Tests\bin\Debug\net10.0\Zahy.Finance.Tests.dll" adapterTypeName="executor://xunit/VsTestRunner3/netcore/" className="Zahy.Finance.FinanceInvoiceNumberConcurrencyTests" name="Concurrent_Invoice_Generations_Are_Gapless_And_Unique" />
    </UnitTest>
    <UnitTest name="Zahy.Finance.FinancePortalStep6Tests.Partner_Can_Download_Only_Own_Invoice_Pdf" storage="c:\users\a-r7m\onedrive\سطح المكتب\partner portal-zahy\test\zahy.finance.tests\bin\debug\net10.0\zahy.finance.tests.dll" id="ebcef8d4-7bdf-7445-414a-396e55ba98f5">
      <Execution id="c763a404-2e27-4201-bf7f-c846c017ad5a" />
      <TestMethod codeBase="C:\Users\a-r7m\OneDrive\سطح المكتب\partner portal-zahy\test\Zahy.Finance.Tests\bin\Debug\net10.0\Zahy.Finance.Tests.dll" adapterTypeName="executor://xunit/VsTestRunner3/netcore/" className="Zahy.Finance.FinancePortalStep6Tests" name="Partner_Can_Download_Only_Own_Invoice_Pdf" />
    </UnitTest>
    <UnitTest name="Zahy.Finance.FinanceDocumentStep4Tests.Partner_Cannot_Export_Other_Partner_Statement" storage="c:\users\a-r7m\onedrive\سطح المكتب\partner portal-zahy\test\zahy.finance.tests\bin\debug\net10.0\zahy.finance.tests.dll" id="a97ada6a-8c46-3c4c-73b4-31323eb38823">
      <Execution id="484113d8-2b59-47e5-b23c-1060fcfa4686" />
      <TestMethod codeBase="C:\Users\a-r7m\OneDrive\سطح المكتب\partner portal-zahy\test\Zahy.Finance.Tests\bin\Debug\net10.0\Zahy.Finance.Tests.dll" adapterTypeName="executor://xunit/VsTestRunner3/netcore/" className="Zahy.Finance.FinanceDocumentStep4Tests" name="Partner_Cannot_Export_Other_Partner_Statement" />
    </UnitTest>
    <UnitTest name="Zahy.Finance.FinanceDocumentStep4Tests.Export_Totals_Match_Ledger" storage="c:\users\a-r7m\onedrive\سطح المكتب\partner portal-zahy\test\zahy.finance.tests\bin\debug\net10.0\zahy.finance.tests.dll" id="7a830228-b5d3-8e42-39f9-49523504bf5f">
      <Execution id="c98bb103-674b-45c7-887a-0aa9b4d52442" />
      <TestMethod codeBase="C:\Users\a-r7m\OneDrive\سطح المكتب\partner portal-zahy\test\Zahy.Finance.Tests\bin\Debug\net10.0\Zahy.Finance.Tests.dll" adapterTypeName="executor://xunit/VsTestRunner3/netcore/" className="Zahy.Finance.FinanceDocumentStep4Tests" name="Export_Totals_Match_Ledger" />
    </UnitTest>
  </TestDefinitions>
  <TestEntries>
    <TestEntry testId="b9c3536a-d6af-b905-c923-a16c4bedc475" executionId="8f69b60b-55d8-44e8-9af0-47a5212841d1" testListId="8c84fa94-04c1-424b-9868-57a2d4851a1d" />
    <TestEntry testId="e239e34d-e730-2771-2860-4cbb4f426463" executionId="b8839d59-1cc9-42b1-b3db-fbdf95d40627" testListId="8c84fa94-04c1-424b-9868-57a2d4851a1d" />
    <TestEntry testId="5b1c8f04-8bb2-ac00-8b3c-56d63699828f" executionId="fcb316ea-ce56-4f35-859e-c455c4e86769" testListId="8c84fa94-04c1-424b-9868-57a2d4851a1d" />
    <TestEntry testId="1be5c0d6-676c-8d38-f6b1-3710ff5dcc54" executionId="b4e3367d-0862-4d42-a780-a0625dffc1fd" testListId="8c84fa94-04c1-424b-9868-57a2d4851a1d" />
    <TestEntry testId="6cc7f2f5-8765-48c4-eabf-42c9d48b6752" executionId="236594ad-3673-46ba-b758-60a4c25c426f" testListId="8c84fa94-04c1-424b-9868-57a2d4851a1d" />
    <TestEntry testId="e3002a10-820f-e01a-be51-dd5d5f7a5028" executionId="336de644-b0d8-4b1c-b9a6-c8769891b6cf" testListId="8c84fa94-04c1-424b-9868-57a2d4851a1d" />
    <TestEntry testId="7a830228-b5d3-8e42-39f9-49523504bf5f" executionId="c98bb103-674b-45c7-887a-0aa9b4d52442" testListId="8c84fa94-04c1-424b-9868-57a2d4851a1d" />
    <TestEntry testId="dfd58bf8-4ca9-5ad0-973e-de6a2be9166b" executionId="c47c2ee8-f2a2-434c-b020-6d0c36c25991" testListId="8c84fa94-04c1-424b-9868-57a2d4851a1d" />
    <TestEntry testId="5708bf9d-930b-5800-2989-52c5d58ede7a" executionId="c4ce97cf-589c-4db2-83e1-b823d9c5e631" testListId="8c84fa94-04c1-424b-9868-57a2d4851a1d" />
    <TestEntry testId="37141dc9-4b9c-ba42-d5a8-65470e534abc" executionId="4068854c-09fe-44bf-ad56-91bb292411ae" testListId="8c84fa94-04c1-424b-9868-57a2d4851a1d" />
    <TestEntry testId="713a2515-22ff-b700-99ca-a3a1eb986d51" executionId="6ea98dd7-258a-4dfd-9444-baec43a4a4d8" testListId="8c84fa94-04c1-424b-9868-57a2d4851a1d" />
    <TestEntry testId="10c46878-64b6-ee1c-2dc8-dfb22c845965" executionId="e9dab97b-dd0b-4795-804c-a6b0a8307505" testListId="8c84fa94-04c1-424b-9868-57a2d4851a1d" />
    <TestEntry testId="2b3d42fa-b4c8-ec26-7526-fff5c414c2b0" executionId="ae18b171-dd57-4f63-bac4-7c358b0cdd4f" testListId="8c84fa94-04c1-424b-9868-57a2d4851a1d" />
    <TestEntry testId="5e10fd16-69ed-0fbb-9b48-23effe94217f" executionId="1dd0768e-c5cf-495f-b708-b90123fc7f6d" testListId="8c84fa94-04c1-424b-9868-57a2d4851a1d" />
    <TestEntry testId="a97ada6a-8c46-3c4c-73b4-31323eb38823" executionId="484113d8-2b59-47e5-b23c-1060fcfa4686" testListId="8c84fa94-04c1-424b-9868-57a2d4851a1d" />
    <TestEntry testId="55dd53cc-eee5-0a73-a14f-8efa9918b0f7" executionId="cb534954-ba5d-437e-856f-75c6acfec7d2" testListId="8c84fa94-04c1-424b-9868-57a2d4851a1d" />
    <TestEntry testId="8fdb9ca2-c269-092f-7327-ff141986a3ce" executionId="277b2cc6-cb32-4921-b2c1-54c4a725a77e" testListId="8c84fa94-04c1-424b-9868-57a2d4851a1d" />
    <TestEntry testId="ebcef8d4-7bdf-7445-414a-396e55ba98f5" executionId="c763a404-2e27-4201-bf7f-c846c017ad5a" testListId="8c84fa94-04c1-424b-9868-57a2d4851a1d" />
    <TestEntry testId="472d8ad6-e585-1472-ae41-25c975aeeef7" executionId="880bd629-ed20-41f6-9dd2-00b81f52034f" testListId="8c84fa94-04c1-424b-9868-57a2d4851a1d" />
    <TestEntry testId="1f3dd697-ad31-3b04-54a9-402b75f68287" executionId="3270bfe2-00f6-40c2-aab1-19f23b32c8ed" testListId="8c84fa94-04c1-424b-9868-57a2d4851a1d" />
    <TestEntry testId="2f794bed-84d6-2a8e-8354-9764eacfb602" executionId="94787c2f-989b-48b9-8d03-d7a85d0f4f28" testListId="8c84fa94-04c1-424b-9868-57a2d4851a1d" />
    <TestEntry testId="5a35e314-fe4e-6e06-fc6b-e2b0cdc5bdb7" executionId="a9517751-96e9-4dde-a85a-52f9a495c68f" testListId="8c84fa94-04c1-424b-9868-57a2d4851a1d" />
    <TestEntry testId="d0feee32-7190-f629-455f-dff680544742" executionId="91e23572-3bc9-4de1-babd-2acdf4d5ab36" testListId="8c84fa94-04c1-424b-9868-57a2d4851a1d" />
    <TestEntry testId="3782a0de-0b91-e6a9-0c1e-575699709186" executionId="d73638e3-4855-43c9-92fa-caf3ee71ceab" testListId="8c84fa94-04c1-424b-9868-57a2d4851a1d" />
    <TestEntry testId="da5dbc08-c3b9-e7d9-bc6f-b508c9ec803d" executionId="e68d32d6-1d3b-47b7-b6c4-cf04f77c4547" testListId="8c84fa94-04c1-424b-9868-57a2d4851a1d" />
    <TestEntry testId="fc33bbe0-357b-8e95-cf3a-ba91c8265827" executionId="0a9fb202-d88c-4e4f-ba6d-0e58c202055c" testListId="8c84fa94-04c1-424b-9868-57a2d4851a1d" />
    <TestEntry testId="3e8ffecc-b651-2dec-22c7-caa835f68061" executionId="27e04b1b-ad17-4cf0-9d45-bb3025068413" testListId="8c84fa94-04c1-424b-9868-57a2d4851a1d" />
    <TestEntry testId="c07ca7a2-cee5-ac3d-4181-0c9342c98746" executionId="f27b9a77-b181-431b-8244-b7fe27226547" testListId="8c84fa94-04c1-424b-9868-57a2d4851a1d" />
    <TestEntry testId="2a3b37b2-7a35-7031-1c4f-8252a67e343e" executionId="ec721e9b-6169-46f2-a3fc-61bf92bebff3" testListId="8c84fa94-04c1-424b-9868-57a2d4851a1d" />
    <TestEntry testId="238158b3-8800-4d63-812b-2f9750e2dccf" executionId="962cfc28-3d27-4cbc-bd14-16c58dd79aba" testListId="8c84fa94-04c1-424b-9868-57a2d4851a1d" />
    <TestEntry testId="179cc37c-e91b-2a34-fcde-cdc154aa7944" executionId="e9ee54b5-657e-4367-86db-7d69c76db3e0" testListId="8c84fa94-04c1-424b-9868-57a2d4851a1d" />
  </TestEntries>
  <TestLists>
    <TestList name="Results Not in a List" id="8c84fa94-04c1-424b-9868-57a2d4851a1d" />
    <TestList name="All Loaded Results" id="19431567-8539-422a-85d7-44ee4e166bda" />
  </TestLists>
  <ResultSummary outcome="Completed">
    <Counters total="31" executed="31" passed="31" failed="0" error="0" timeout="0" aborted="0" inconclusive="0" passedButRunAborted="0" notRunnable="0" notExecuted="0" disconnected="0" warning="0" completed="0" inProgress="0" pending="0" />
    <Output>
      <StdOut>[xUnit.net 00:00:00.00] xUnit.net VSTest Adapter v3.0.2+dd36e86129 (64-bit .NET 10.0.8)&#xD;
[xUnit.net 00:00:00.62]   Discovering: Zahy.Finance.Tests&#xD;
[xUnit.net 00:00:00.76]   Discovered:  Zahy.Finance.Tests&#xD;
[xUnit.net 00:00:00.91]   Starting:    Zahy.Finance.Tests&#xD;
[xUnit.net 00:00:25.62]   Finished:    Zahy.Finance.Tests&#xD;
</StdOut>
    </Output>
  </ResultSummary>
</TestRun>